12:17:30 [A2] gateway started on 127.0.0.1:64158 (sensor=B2, controller=C2, peer=A1, generation=1, role=ACTIVE)
12:17:30 [A2] connected to server 127.0.0.1:64153
12:17:30 [A2] peer link established with A1
12:17:30 [A2] heartbeat -> A1
12:17:30 [A2] offline queue empty
12:17:30 [A2] C2 registered (owner=A2, generation=1)
12:17:31 [A2] heartbeat -> A1
12:17:31 [A2] B2 registered (owner=A2, generation=1)
12:17:31 [A2] received SENSOR_DATA from B2
12:17:31 [A2] edge decision = IRRIGATION (soil_moisture 21.9 < 25.0)
12:17:31 [A2] awaiting server durable receipt, SENSOR_DATA queued locally (depth=1)
12:17:31 [A2] command sent to C2 (IRRIGATION 10s, command_id=fc8607485b64, generation=1)
12:17:31 [A2] awaiting server durable receipt, CONTROL_COMMAND queued locally (depth=2)
12:17:31 [A2] heartbeat -> A1
12:17:31 [A2] ACK received (message_id=fc8607485b64)
12:17:31 [A2] A1 is online
12:17:31 [A2] heartbeat -> A1
12:17:31 [A2] controller result received (IRRIGATION -> EXECUTED)
12:17:31 [A2] awaiting server durable receipt, CONTROL_RESULT queued locally (depth=3)
12:17:31 [A2] received SENSOR_DATA from B2
12:17:31 [A2] edge decision = IRRIGATION (soil_moisture 21.9 < 25.0)
12:17:31 [A2] awaiting server durable receipt, SENSOR_DATA queued locally (depth=4)
12:17:31 [A2] command sent to C2 (IRRIGATION 10s, command_id=7234e4ae1bc0, generation=1)
12:17:31 [A2] awaiting server durable receipt, CONTROL_COMMAND queued locally (depth=5)
12:17:31 [A2] ACK received (message_id=7234e4ae1bc0)
12:17:31 [A2] heartbeat -> A1
12:17:31 [A2] heartbeat -> A1
12:17:31 [A2] controller result received (IRRIGATION -> EXECUTED)
12:17:31 [A2] awaiting server durable receipt, CONTROL_RESULT queued locally (depth=6)
12:17:31 [A2] heartbeat -> A1
12:17:31 [A2] heartbeat -> A1
12:17:31 [A2] heartbeat -> A1
12:17:31 [A2] heartbeat -> A1
12:17:32 [A2] received SENSOR_DATA from B2
12:17:32 [A2] edge decision = IRRIGATION (soil_moisture 21.8 < 25.0)
12:17:32 [A2] awaiting server durable receipt, SENSOR_DATA queued locally (depth=7)
12:17:32 [A2] command sent to C2 (IRRIGATION 10s, command_id=c7eeb64793c1, generation=1)
12:17:32 [A2] awaiting server durable receipt, CONTROL_COMMAND queued locally (depth=8)
12:17:32 [A2] heartbeat -> A1
12:17:32 [A2] ACK received (message_id=c7eeb64793c1)
12:17:32 [A2] heartbeat -> A1
12:17:32 [A2] controller result received (IRRIGATION -> EXECUTED)
12:17:32 [A2] awaiting server durable receipt, CONTROL_RESULT queued locally (depth=9)
12:17:32 [A2] heartbeat -> A1
12:17:32 [A2] heartbeat -> A1
12:17:32 [A2] heartbeat -> A1
12:17:32 [A2] heartbeat -> A1
12:17:32 [A2] received SENSOR_DATA from B2
12:17:32 [A2] edge decision = IRRIGATION (soil_moisture 21.9 < 25.0)
12:17:32 [A2] awaiting server durable receipt, SENSOR_DATA queued locally (depth=10)
12:17:32 [A2] command sent to C2 (IRRIGATION 10s, command_id=3e06e51201b0, generation=1)
12:17:32 [A2] awaiting server durable receipt, CONTROL_COMMAND queued locally (depth=11)
12:17:32 [A2] heartbeat -> A1
12:17:32 [A2] ACK received (message_id=3e06e51201b0)
12:17:32 [A2] heartbeat -> A1
12:17:32 [A2] controller result received (IRRIGATION -> EXECUTED)
12:17:32 [A2] awaiting server durable receipt, CONTROL_RESULT queued locally (depth=12)
12:17:32 [A2] heartbeat -> A1
12:17:32 [A2] heartbeat -> A1
12:17:32 [A2] connected to server 127.0.0.1:64153
12:17:33 [A2] offline queue empty
12:17:33 [A2] heartbeat -> A1
12:17:33 [A2] heartbeat -> A1
12:17:33 [A2] received SENSOR_DATA from B2
12:17:33 [A2] edge decision = IRRIGATION (soil_moisture 22.0 < 25.0)
12:17:33 [A2] awaiting server durable receipt, SENSOR_DATA queued locally (depth=1)
12:17:33 [A2] command sent to C2 (IRRIGATION 10s, command_id=f28e0c6ae0fe, generation=1)
12:17:33 [A2] heartbeat to A1 failed, reconnecting
12:17:33 [A2] ACK received (message_id=f28e0c6ae0fe)
12:17:33 [A2] offline queue empty
12:17:33 [A2] awaiting server durable receipt, CONTROL_COMMAND queued locally (depth=1)
12:17:33 [A2] offline queue empty
12:17:33 [A2] peer link established with A1
12:17:33 [A2] heartbeat -> A1
12:17:33 [A2] controller result received (IRRIGATION -> EXECUTED)
12:17:33 [A2] awaiting server durable receipt, CONTROL_RESULT queued locally (depth=1)
12:17:33 [A2] offline queue empty
12:17:33 [A2] FAILOVER A1 -> OFFLINE
12:17:33 [A2] taking ownership of B1
12:17:33 [A2] taking ownership of C1
12:17:33 [A2] ownership generation = 1 -> 2
12:17:33 [A2] heartbeat -> A1
12:17:33 [A2] B1 registered (owner=A2, generation=2)
12:17:33 [A2] heartbeat to A1 failed, reconnecting
12:17:33 [A2] C1 registered (owner=A2, generation=2)
12:17:33 [A2] peer link established with A1
12:17:33 [A2] heartbeat -> A1
12:17:33 [A2] received SENSOR_DATA from B1
12:17:33 [A2] edge decision = IRRIGATION (soil_moisture 21.9 < 25.0)
12:17:33 [A2] awaiting server durable receipt, SENSOR_DATA queued locally (depth=1)
12:17:33 [A2] command sent to C1 (IRRIGATION 10s, command_id=c2286c9ac757, generation=2)
12:17:33 [A2] ACK received (message_id=c2286c9ac757)
12:17:33 [A2] offline queue empty
12:17:33 [A2] awaiting server durable receipt, CONTROL_COMMAND queued locally (depth=1)
12:17:33 [A2] offline queue empty
12:17:33 [A2] heartbeat -> A1
12:17:33 [A2] controller result received (IRRIGATION -> EXECUTED)
12:17:33 [A2] awaiting server durable receipt, CONTROL_RESULT queued locally (depth=1)
12:17:33 [A2] offline queue empty
12:17:33 [A2] heartbeat to A1 failed, reconnecting
12:17:33 [A2] peer link established with A1
12:17:33 [A2] heartbeat -> A1
12:17:34 [A2] heartbeat -> A1
12:17:34 [A2] heartbeat to A1 failed, reconnecting
12:17:34 [A2] received SENSOR_DATA from B2
12:17:34 [A2] edge decision = IRRIGATION (soil_moisture 22.3 < 25.0)
12:17:34 [A2] awaiting server durable receipt, SENSOR_DATA queued locally (depth=1)
12:17:34 [A2] command sent to C2 (IRRIGATION 10s, command_id=46fc7ec85087, generation=2)
12:17:34 [A2] ACK received (message_id=46fc7ec85087)
12:17:34 [A2] offline queue empty
12:17:34 [A2] awaiting server durable receipt, CONTROL_COMMAND queued locally (depth=1)
12:17:34 [A2] offline queue empty
12:17:34 [A2] peer link established with A1
12:17:34 [A2] heartbeat -> A1
12:17:34 [A2] received SENSOR_DATA from B1
12:17:34 [A2] edge decision = IRRIGATION (soil_moisture 21.8 < 25.0)
12:17:34 [A2] awaiting server durable receipt, SENSOR_DATA queued locally (depth=1)
12:17:34 [A2] command sent to C1 (IRRIGATION 10s, command_id=23b3542e278c, generation=2)
12:17:34 [A2] ACK received (message_id=23b3542e278c)
12:17:34 [A2] offline queue empty
12:17:34 [A2] awaiting server durable receipt, CONTROL_COMMAND queued locally (depth=1)
12:17:34 [A2] offline queue empty
12:17:34 [A2] controller result received (IRRIGATION -> EXECUTED)
12:17:34 [A2] awaiting server durable receipt, CONTROL_RESULT queued locally (depth=1)
12:17:34 [A2] offline queue empty
12:17:34 [A2] heartbeat -> A1
12:17:34 [A2] controller result received (IRRIGATION -> EXECUTED)
12:17:34 [A2] awaiting server durable receipt, CONTROL_RESULT queued locally (depth=1)
12:17:34 [A2] offline queue empty
12:17:34 [A2] received SENSOR_DATA from B2
12:17:34 [A2] edge decision = IRRIGATION (soil_moisture 22.2 < 25.0)
12:17:34 [A2] awaiting server durable receipt, SENSOR_DATA queued locally (depth=1)
12:17:34 [A2] command sent to C2 (IRRIGATION 10s, command_id=2d43e352ff88, generation=2)
12:17:34 [A2] ACK received (message_id=2d43e352ff88)
12:17:34 [A2] offline queue empty
12:17:34 [A2] awaiting server durable receipt, CONTROL_COMMAND queued locally (depth=1)
12:17:34 [A2] offline queue empty
12:17:34 [A2] heartbeat to A1 failed, reconnecting
12:17:34 [A2] controller result received (IRRIGATION -> EXECUTED)
12:17:34 [A2] awaiting server durable receipt, CONTROL_RESULT queued locally (depth=1)
12:17:34 [A2] offline queue empty
12:17:34 [A2] peer link established with A1
12:17:34 [A2] heartbeat -> A1
12:17:34 [A2] heartbeat -> A1
12:17:34 [A2] received SENSOR_DATA from B1
12:17:34 [A2] edge decision = IRRIGATION (soil_moisture 21.7 < 25.0)
12:17:34 [A2] awaiting server durable receipt, SENSOR_DATA queued locally (depth=1)
12:17:34 [A2] command sent to C1 (IRRIGATION 10s, command_id=083bc6e7cdb6, generation=2)
12:17:34 [A2] ACK received (message_id=083bc6e7cdb6)
12:17:34 [A2] offline queue empty
12:17:34 [A2] awaiting server durable receipt, CONTROL_COMMAND queued locally (depth=1)
12:17:34 [A2] offline queue empty
12:17:34 [A2] heartbeat to A1 failed, reconnecting
12:17:34 [A2] controller result received (IRRIGATION -> EXECUTED)
12:17:34 [A2] awaiting server durable receipt, CONTROL_RESULT queued locally (depth=1)
12:17:34 [A2] offline queue empty
12:17:34 [A2] peer link established with A1
12:17:34 [A2] heartbeat -> A1
12:17:34 [A2] heartbeat -> A1
12:17:35 [A2] received SENSOR_DATA from B2
12:17:35 [A2] edge decision = IRRIGATION (soil_moisture 22.0 < 25.0)
12:17:35 [A2] awaiting server durable receipt, SENSOR_DATA queued locally (depth=1)
12:17:35 [A2] command sent to C2 (IRRIGATION 10s, command_id=438c0be7d54c, generation=2)
12:17:35 [A2] ACK received (message_id=438c0be7d54c)
12:17:35 [A2] offline queue empty
12:17:35 [A2] awaiting server durable receipt, CONTROL_COMMAND queued locally (depth=1)
12:17:35 [A2] offline queue empty
12:17:35 [A2] heartbeat to A1 failed, reconnecting
12:17:35 [A2] controller result received (IRRIGATION -> EXECUTED)
12:17:35 [A2] awaiting server durable receipt, CONTROL_RESULT queued locally (depth=1)
12:17:35 [A2] offline queue empty
12:17:35 [A2] peer link established with A1
12:17:35 [A2] heartbeat -> A1
12:17:35 [A2] heartbeat -> A1
12:17:35 [A2] heartbeat to A1 failed, reconnecting
12:17:35 [A2] received SENSOR_DATA from B2
12:17:35 [A2] edge decision = IRRIGATION (soil_moisture 22.0 < 25.0)
12:17:35 [A2] awaiting server durable receipt, SENSOR_DATA queued locally (depth=1)
12:17:35 [A2] command sent to C2 (IRRIGATION 10s, command_id=2db6314f14d6, generation=2)
12:17:35 [A2] ACK received (message_id=2db6314f14d6)
12:17:35 [A2] offline queue empty
12:17:35 [A2] awaiting server durable receipt, CONTROL_COMMAND queued locally (depth=1)
12:17:35 [A2] offline queue empty
12:17:35 [A2] peer link established with A1
12:17:35 [A2] heartbeat -> A1
12:17:35 [A2] received SENSOR_DATA from B1
12:17:35 [A2] edge decision = IRRIGATION (soil_moisture 21.7 < 25.0)
12:17:35 [A2] awaiting server durable receipt, SENSOR_DATA queued locally (depth=1)
12:17:35 [A2] command sent to C1 (IRRIGATION 10s, command_id=e41a80512b11, generation=2)
12:17:35 [A2] ACK received (message_id=e41a80512b11)
12:17:35 [A2] offline queue empty
12:17:35 [A2] awaiting server durable receipt, CONTROL_COMMAND queued locally (depth=1)
12:17:35 [A2] offline queue empty
12:17:35 [A2] controller result received (IRRIGATION -> EXECUTED)
12:17:35 [A2] awaiting server durable receipt, CONTROL_RESULT queued locally (depth=1)
12:17:35 [A2] offline queue empty
12:17:35 [A2] heartbeat -> A1
12:17:35 [A2] controller result received (IRRIGATION -> EXECUTED)
12:17:35 [A2] awaiting server durable receipt, CONTROL_RESULT queued locally (depth=1)
12:17:35 [A2] offline queue empty
12:17:35 [A2] heartbeat to A1 failed, reconnecting
12:17:35 [A2] peer link established with A1
12:17:35 [A2] heartbeat -> A1
12:17:35 [A2] heartbeat -> A1
12:17:35 [A2] received SENSOR_DATA from B1
12:17:35 [A2] edge decision = IRRIGATION (soil_moisture 21.7 < 25.0)
12:17:35 [A2] awaiting server durable receipt, SENSOR_DATA queued locally (depth=1)
12:17:35 [A2] command sent to C1 (IRRIGATION 10s, command_id=b18447e4ccd0, generation=2)
12:17:35 [A2] ACK received (message_id=b18447e4ccd0)
12:17:35 [A2] offline queue empty
12:17:35 [A2] awaiting server durable receipt, CONTROL_COMMAND queued locally (depth=1)
12:17:35 [A2] offline queue empty
12:17:35 [A2] heartbeat to A1 failed, reconnecting
12:17:36 [A2] controller result received (IRRIGATION -> EXECUTED)
12:17:36 [A2] awaiting server durable receipt, CONTROL_RESULT queued locally (depth=1)
12:17:36 [A2] offline queue empty
12:17:36 [A2] peer link established with A1
12:17:36 [A2] heartbeat -> A1
12:17:36 [A2] heartbeat to A1 failed, reconnecting
12:17:36 [A2] peer link established with A1
12:17:36 [A2] heartbeat -> A1
12:17:36 [A2] received SENSOR_DATA from B1
12:17:36 [A2] edge decision = IRRIGATION (soil_moisture 21.7 < 25.0)
12:17:36 [A2] awaiting server durable receipt, SENSOR_DATA queued locally (depth=1)
12:17:36 [A2] command sent to C1 (IRRIGATION 10s, command_id=be30ad2f086b, generation=2)
12:17:36 [A2] ACK received (message_id=be30ad2f086b)
12:17:36 [A2] offline queue empty
12:17:36 [A2] awaiting server durable receipt, CONTROL_COMMAND queued locally (depth=1)
12:17:36 [A2] offline queue empty
12:17:36 [A2] heartbeat -> A1
12:17:36 [A2] controller result received (IRRIGATION -> EXECUTED)
12:17:36 [A2] awaiting server durable receipt, CONTROL_RESULT queued locally (depth=1)
12:17:36 [A2] offline queue empty
12:17:36 [A2] heartbeat to A1 failed, reconnecting
12:17:36 [A2] peer link established with A1
12:17:36 [A2] heartbeat -> A1
12:17:36 [A2] heartbeat -> A1
12:17:36 [A2] heartbeat to A1 failed, reconnecting
12:17:36 [A2] peer link established with A1
12:17:36 [A2] heartbeat -> A1
12:17:36 [A2] received SENSOR_DATA from B1
12:17:36 [A2] edge decision = IRRIGATION (soil_moisture 21.7 < 25.0)
12:17:36 [A2] awaiting server durable receipt, SENSOR_DATA queued locally (depth=1)
12:17:36 [A2] command sent to C1 (IRRIGATION 10s, command_id=7f5bb3aee06c, generation=2)
12:17:36 [A2] ACK received (message_id=7f5bb3aee06c)
12:17:36 [A2] offline queue empty
12:17:36 [A2] awaiting server durable receipt, CONTROL_COMMAND queued locally (depth=1)
12:17:36 [A2] offline queue empty
12:17:36 [A2] heartbeat -> A1
12:17:37 [A2] controller result received (IRRIGATION -> EXECUTED)
12:17:37 [A2] awaiting server durable receipt, CONTROL_RESULT queued locally (depth=1)
12:17:37 [A2] offline queue empty
12:17:37 [A2] heartbeat to A1 failed, reconnecting
12:17:37 [A2] peer link established with A1
12:17:37 [A2] heartbeat -> A1
12:17:37 [A2] heartbeat -> A1
12:17:37 [A2] heartbeat to A1 failed, reconnecting
12:17:37 [A2] peer link established with A1
12:17:37 [A2] heartbeat -> A1
12:17:37 [A2] heartbeat -> A1
12:17:37 [A2] heartbeat to A1 failed, reconnecting
12:17:37 [A2] peer link established with A1
12:17:37 [A2] heartbeat -> A1
12:17:37 [A2] received SENSOR_DATA from B2
12:17:37 [A2] edge decision = IRRIGATION (soil_moisture 21.9 < 25.0)
12:17:37 [A2] awaiting server durable receipt, SENSOR_DATA queued locally (depth=1)
12:17:37 [A2] command sent to C2 (IRRIGATION 10s, command_id=929207920cc3, generation=2)
12:17:37 [A2] ACK received (message_id=929207920cc3)
12:17:37 [A2] offline queue empty
12:17:37 [A2] awaiting server durable receipt, CONTROL_COMMAND queued locally (depth=1)
12:17:37 [A2] offline queue empty
12:17:37 [A2] heartbeat -> A1
12:17:37 [A2] controller result received (IRRIGATION -> EXECUTED)
12:17:37 [A2] awaiting server durable receipt, CONTROL_RESULT queued locally (depth=1)
12:17:37 [A2] offline queue empty
12:17:38 [A2] heartbeat to A1 failed, reconnecting
12:17:38 [A2] peer link established with A1
12:17:38 [A2] heartbeat -> A1
12:17:38 [A2] heartbeat -> A1
12:17:38 [A2] heartbeat to A1 failed, reconnecting
12:17:38 [A2] received SENSOR_DATA from B1
12:17:38 [A2] edge decision = IRRIGATION (soil_moisture 21.7 < 25.0)
12:17:38 [A2] awaiting server durable receipt, SENSOR_DATA queued locally (depth=1)
12:17:38 [A2] command sent to C1 (IRRIGATION 10s, command_id=9280780df74d, generation=2)
12:17:38 [A2] ACK received (message_id=9280780df74d)
12:17:38 [A2] offline queue empty
12:17:38 [A2] awaiting server durable receipt, CONTROL_COMMAND queued locally (depth=1)
12:17:38 [A2] offline queue empty
12:17:38 [A2] peer link established with A1
12:17:38 [A2] heartbeat -> A1
12:17:38 [A2] controller result received (IRRIGATION -> EXECUTED)
12:17:38 [A2] awaiting server durable receipt, CONTROL_RESULT queued locally (depth=1)
12:17:38 [A2] offline queue empty
12:17:38 [A2] heartbeat -> A1
12:17:38 [A2] heartbeat to A1 failed, reconnecting
12:17:38 [A2] received SENSOR_DATA from B2
12:17:38 [A2] edge decision = IRRIGATION (soil_moisture 21.6 < 25.0)
12:17:38 [A2] awaiting server durable receipt, SENSOR_DATA queued locally (depth=1)
12:17:38 [A2] command sent to C2 (IRRIGATION 10s, command_id=6da72576cac5, generation=2)
12:17:38 [A2] ACK received (message_id=6da72576cac5)
12:17:38 [A2] offline queue empty
12:17:38 [A2] awaiting server durable receipt, CONTROL_COMMAND queued locally (depth=1)
12:17:38 [A2] offline queue empty
12:17:38 [A2] peer link established with A1
12:17:38 [A2] heartbeat -> A1
12:17:38 [A2] controller result received (IRRIGATION -> EXECUTED)
12:17:38 [A2] awaiting server durable receipt, CONTROL_RESULT queued locally (depth=1)
12:17:38 [A2] offline queue empty
12:17:38 [A2] heartbeat -> A1
12:17:38 [A2] heartbeat to A1 failed, reconnecting
12:17:39 [A2] peer link established with A1
12:17:39 [A2] heartbeat -> A1
12:17:39 [A2] heartbeat -> A1
12:17:39 [A2] heartbeat to A1 failed, reconnecting
12:17:39 [A2] peer link established with A1
12:17:39 [A2] heartbeat -> A1
12:17:39 [A2] heartbeat -> A1
12:17:39 [A2] received SENSOR_DATA from B2
12:17:39 [A2] edge decision = IRRIGATION (soil_moisture 21.7 < 25.0)
12:17:39 [A2] awaiting server durable receipt, SENSOR_DATA queued locally (depth=1)
12:17:39 [A2] command sent to C2 (IRRIGATION 10s, command_id=f46ee9bb66c5, generation=2)
12:17:39 [A2] ACK received (message_id=f46ee9bb66c5)
12:17:39 [A2] offline queue empty
12:17:39 [A2] awaiting server durable receipt, CONTROL_COMMAND queued locally (depth=1)
12:17:39 [A2] offline queue empty
12:17:39 [A2] heartbeat to A1 failed, reconnecting
12:17:39 [A2] received SENSOR_DATA from B1
12:17:39 [A2] edge decision = IRRIGATION (soil_moisture 21.6 < 25.0)
12:17:39 [A2] awaiting server durable receipt, SENSOR_DATA queued locally (depth=1)
12:17:39 [A2] command sent to C1 (IRRIGATION 10s, command_id=0999eafb3ae4, generation=2)
12:17:39 [A2] ACK received (message_id=0999eafb3ae4)
12:17:39 [A2] offline queue empty
12:17:39 [A2] awaiting server durable receipt, CONTROL_COMMAND queued locally (depth=1)
12:17:39 [A2] offline queue empty
12:17:39 [A2] controller result received (IRRIGATION -> EXECUTED)
12:17:39 [A2] awaiting server durable receipt, CONTROL_RESULT queued locally (depth=1)
12:17:39 [A2] offline queue empty
12:17:39 [A2] peer link established with A1
12:17:39 [A2] heartbeat -> A1
12:17:39 [A2] controller result received (IRRIGATION -> EXECUTED)
12:17:39 [A2] awaiting server durable receipt, CONTROL_RESULT queued locally (depth=1)
12:17:39 [A2] offline queue empty
12:17:39 [A2] heartbeat -> A1
12:17:39 [A2] heartbeat to A1 failed, reconnecting
12:17:39 [A2] received SENSOR_DATA from B1
12:17:39 [A2] edge decision = IRRIGATION (soil_moisture 21.6 < 25.0)
12:17:39 [A2] awaiting server durable receipt, SENSOR_DATA queued locally (depth=1)
12:17:39 [A2] command sent to C1 (IRRIGATION 10s, command_id=57b06c403f73, generation=2)
12:17:39 [A2] peer link established with A1
12:17:39 [A2] heartbeat -> A1
12:17:39 [A2] ACK received (message_id=57b06c403f73)
12:17:39 [A2] offline queue empty
12:17:39 [A2] awaiting server durable receipt, CONTROL_COMMAND queued locally (depth=1)
12:17:39 [A2] offline queue empty
12:17:40 [A2] heartbeat -> A1
12:17:40 [A2] controller result received (IRRIGATION -> EXECUTED)
12:17:40 [A2] awaiting server durable receipt, CONTROL_RESULT queued locally (depth=1)
12:17:40 [A2] offline queue empty
12:17:40 [A2] heartbeat to A1 failed, reconnecting
12:17:40 [A2] peer link established with A1
12:17:40 [A2] heartbeat -> A1
12:17:40 [A2] heartbeat -> A1
12:17:40 [A2] heartbeat to A1 failed, reconnecting
12:17:40 [A2] peer link established with A1
12:17:40 [A2] heartbeat -> A1
12:17:40 [A2] heartbeat -> A1
12:17:40 [A2] received SENSOR_DATA from B1
12:17:40 [A2] edge decision = IRRIGATION (soil_moisture 21.9 < 25.0)
12:17:40 [A2] awaiting server durable receipt, SENSOR_DATA queued locally (depth=1)
12:17:40 [A2] command sent to C1 (IRRIGATION 10s, command_id=6f09f51813ea, generation=2)
12:17:40 [A2] ACK received (message_id=6f09f51813ea)
12:17:40 [A2] offline queue empty
12:17:40 [A2] awaiting server durable receipt, CONTROL_COMMAND queued locally (depth=1)
12:17:40 [A2] heartbeat to A1 failed, reconnecting
12:17:40 [A2] offline queue empty
12:17:40 [A2] controller result received (IRRIGATION -> EXECUTED)
12:17:40 [A2] awaiting server durable receipt, CONTROL_RESULT queued locally (depth=1)
12:17:40 [A2] peer link established with A1
12:17:40 [A2] heartbeat -> A1
12:17:40 [A2] offline queue empty
12:17:40 [A2] heartbeat to A1 failed, reconnecting
12:17:41 [A2] peer link established with A1
12:17:41 [A2] heartbeat -> A1
12:17:41 [A2] heartbeat -> A1
12:17:41 [A2] heartbeat to A1 failed, reconnecting
12:17:41 [A2] received SENSOR_DATA from B2
12:17:41 [A2] edge decision = IRRIGATION (soil_moisture 21.6 < 25.0)
12:17:41 [A2] awaiting server durable receipt, SENSOR_DATA queued locally (depth=1)
12:17:41 [A2] command sent to C2 (IRRIGATION 10s, command_id=30b837dc6d7a, generation=2)
12:17:41 [A2] ACK received (message_id=30b837dc6d7a)
12:17:41 [A2] offline queue empty
12:17:41 [A2] awaiting server durable receipt, CONTROL_COMMAND queued locally (depth=1)
12:17:41 [A2] offline queue empty
12:17:41 [A2] peer link established with A1
12:17:41 [A2] heartbeat -> A1
12:17:41 [A2] controller result received (IRRIGATION -> EXECUTED)
12:17:41 [A2] awaiting server durable receipt, CONTROL_RESULT queued locally (depth=1)
12:17:41 [A2] offline queue empty
12:17:41 [A2] heartbeat -> A1
12:17:41 [A2] heartbeat to A1 failed, reconnecting
12:17:41 [A2] peer link established with A1
12:17:41 [A2] heartbeat -> A1
12:17:41 [A2] received SENSOR_DATA from B2
12:17:41 [A2] edge decision = IRRIGATION (soil_moisture 21.7 < 25.0)
12:17:41 [A2] awaiting server durable receipt, SENSOR_DATA queued locally (depth=1)
12:17:41 [A2] command sent to C2 (IRRIGATION 10s, command_id=b464786226e1, generation=2)
12:17:41 [A2] ACK received (message_id=b464786226e1)
12:17:41 [A2] offline queue empty
12:17:41 [A2] awaiting server durable receipt, CONTROL_COMMAND queued locally (depth=1)
12:17:41 [A2] offline queue empty
12:17:41 [A2] heartbeat -> A1
12:17:41 [A2] controller result received (IRRIGATION -> EXECUTED)
12:17:41 [A2] awaiting server durable receipt, CONTROL_RESULT queued locally (depth=1)
12:17:41 [A2] offline queue empty
12:17:41 [A2] heartbeat to A1 failed, reconnecting
12:17:41 [A2] received SENSOR_DATA from B1
12:17:41 [A2] edge decision = IRRIGATION (soil_moisture 22.0 < 25.0)
12:17:41 [A2] awaiting server durable receipt, SENSOR_DATA queued locally (depth=1)
12:17:41 [A2] command sent to C1 (IRRIGATION 10s, command_id=0644c573144d, generation=2)
12:17:41 [A2] offline queue empty
12:17:41 [A2] awaiting server durable receipt, CONTROL_COMMAND queued locally (depth=1)
12:17:41 [A2] ACK received (message_id=0644c573144d)
12:17:41 [A2] offline queue empty
12:17:41 [A2] peer link established with A1
12:17:41 [A2] heartbeat -> A1
12:17:41 [A2] SERVER_POLICY v1 applied (soil<25.0 -> 10s, temp>32.0 -> 5s)
12:17:41 [A2] edge autonomy intact: policy is advisory, control stays local
12:17:42 [A2] controller result received (IRRIGATION -> EXECUTED)
12:17:42 [A2] awaiting server durable receipt, CONTROL_RESULT queued locally (depth=1)
12:17:42 [A2] offline queue empty
12:17:42 [A2] heartbeat -> A1
12:17:42 [A2] heartbeat to A1 failed, reconnecting
12:17:42 [A2] peer link established with A1
12:17:42 [A2] heartbeat -> A1
12:17:42 [A2] received SENSOR_DATA from B2
12:17:42 [A2] edge decision = IRRIGATION (soil_moisture 21.8 < 25.0)
12:17:42 [A2] awaiting server durable receipt, SENSOR_DATA queued locally (depth=1)
12:17:42 [A2] command sent to C2 (IRRIGATION 10s, command_id=6012a436361f, generation=2)
12:17:42 [A2] ACK received (message_id=6012a436361f)
12:17:42 [A2] offline queue empty
12:17:42 [A2] awaiting server durable receipt, CONTROL_COMMAND queued locally (depth=1)
12:17:42 [A2] offline queue empty
12:17:42 [A2] heartbeat -> A1
12:17:42 [A2] controller result received (IRRIGATION -> EXECUTED)
12:17:42 [A2] awaiting server durable receipt, CONTROL_RESULT queued locally (depth=1)
12:17:42 [A2] offline queue empty
12:17:42 [A2] heartbeat to A1 failed, reconnecting
12:17:42 [A2] peer link established with A1
12:17:42 [A2] heartbeat -> A1
12:17:42 [A2] heartbeat to A1 failed, reconnecting
12:17:42 [A2] received SENSOR_DATA from B2
12:17:42 [A2] edge decision = IRRIGATION (soil_moisture 21.8 < 25.0)
12:17:42 [A2] awaiting server durable receipt, SENSOR_DATA queued locally (depth=1)
12:17:42 [A2] command sent to C2 (IRRIGATION 10s, command_id=005a5e786862, generation=2)
12:17:42 [A2] ACK received (message_id=005a5e786862)
12:17:42 [A2] offline queue empty
12:17:42 [A2] awaiting server durable receipt, CONTROL_COMMAND queued locally (depth=1)
12:17:42 [A2] offline queue empty
12:17:42 [A2] received SENSOR_DATA from B1
12:17:42 [A2] edge decision = IRRIGATION (soil_moisture 22.1 < 25.0)
12:17:42 [A2] awaiting server durable receipt, SENSOR_DATA queued locally (depth=1)
12:17:42 [A2] command sent to C1 (IRRIGATION 10s, command_id=484852dbfce4, generation=2)
12:17:42 [A2] ACK received (message_id=484852dbfce4)
12:17:42 [A2] offline queue empty
12:17:42 [A2] awaiting server durable receipt, CONTROL_COMMAND queued locally (depth=1)
12:17:42 [A2] offline queue empty
12:17:42 [A2] peer link established with A1
12:17:42 [A2] heartbeat -> A1
12:17:42 [A2] controller result received (IRRIGATION -> EXECUTED)
12:17:42 [A2] awaiting server durable receipt, CONTROL_RESULT queued locally (depth=1)
12:17:42 [A2] offline queue empty
12:17:42 [A2] C2 disconnected
12:17:42 [A2] C1 disconnected
12:17:42 [A2] B1 disconnected
12:17:42 [A2] B2 disconnected
