12:17:55 [C2] connected to gateway A2 (127.0.0.1)
12:17:55 [C2] NODE_REGISTER sent to A2 (attempt 1)
12:17:55 [C2] registered with A2 (generation=1)
12:17:55 [C2] IRRIGATION command received (command_id=5bc583ba8127, duration=10s, generation=1)
12:17:55 [C2] ACK sent (command_id=5bc583ba8127)
12:17:55 [C2] safety check passed
12:17:55 [C2] irrigation executed
12:17:55 [C2] CONTROL_RESULT sent to A2
12:17:55 [C2] IRRIGATION command received (command_id=0fea45760e41, duration=10s, generation=1)
12:17:55 [C2] ACK sent (command_id=0fea45760e41)
12:17:55 [C2] safety check passed
12:17:55 [C2] irrigation executed
12:17:55 [C2] CONTROL_RESULT sent to A2
12:17:55 [C2] IRRIGATION command received (command_id=99935bb03d1c, duration=10s, generation=1)
12:17:55 [C2] ACK sent (command_id=99935bb03d1c)
12:17:55 [C2] safety check passed
12:17:55 [C2] irrigation executed
12:17:55 [C2] CONTROL_RESULT sent to A2
12:17:56 [C2] IRRIGATION command received (command_id=38ede66314ae, duration=10s, generation=1)
12:17:56 [C2] ACK sent (command_id=38ede66314ae)
12:17:56 [C2] safety check passed
12:17:56 [C2] irrigation executed
12:17:56 [C2] CONTROL_RESULT sent to A2
12:17:57 [C2] IRRIGATION command received (command_id=5b21bdf40f92, duration=10s, generation=1)
12:17:57 [C2] ACK sent (command_id=5b21bdf40f92)
12:17:57 [C2] safety check passed
12:17:57 [C2] irrigation executed
12:17:57 [C2] CONTROL_RESULT sent to A2
12:17:58 [C2] IRRIGATION command received (command_id=5d74797c69fa, duration=10s, generation=1)
12:17:58 [C2] ACK sent (command_id=5d74797c69fa)
12:17:58 [C2] safety check passed
12:17:58 [C2] irrigation executed
12:17:58 [C2] CONTROL_RESULT sent to A2
12:17:58 [C2] IRRIGATION command received (command_id=0a54385dec5c, duration=10s, generation=1)
12:17:58 [C2] ACK sent (command_id=0a54385dec5c)
12:17:58 [C2] safety check passed
12:17:58 [C2] irrigation executed
12:17:58 [C2] CONTROL_RESULT sent to A2
12:17:58 [C2] IRRIGATION command received (command_id=60b9a84595ab, duration=10s, generation=1)
12:17:58 [C2] ACK sent (command_id=60b9a84595ab)
12:17:58 [C2] safety check passed
12:17:59 [C2] irrigation executed
12:17:59 [C2] CONTROL_RESULT sent to A2
12:17:59 [C2] IRRIGATION command received (command_id=ecb410ae4b50, duration=10s, generation=1)
12:17:59 [C2] ACK sent (command_id=ecb410ae4b50)
12:17:59 [C2] safety check passed
12:17:59 [C2] irrigation executed
12:17:59 [C2] CONTROL_RESULT sent to A2
12:18:01 [C2] IRRIGATION command received (command_id=fe7274bdb51f, duration=10s, generation=1)
12:18:01 [C2] ACK sent (command_id=fe7274bdb51f)
12:18:01 [C2] safety check passed
12:18:01 [C2] irrigation executed
12:18:01 [C2] CONTROL_RESULT sent to A2
12:18:02 [C2] IRRIGATION command received (command_id=dd7d451df3f4, duration=10s, generation=1)
12:18:02 [C2] ACK sent (command_id=dd7d451df3f4)
12:18:02 [C2] safety check passed
12:18:02 [C2] irrigation executed
12:18:02 [C2] CONTROL_RESULT sent to A2
12:18:03 [C2] IRRIGATION command received (command_id=89680a5e6bfb, duration=10s, generation=1)
12:18:03 [C2] ACK sent (command_id=89680a5e6bfb)
12:18:03 [C2] safety check passed
12:18:03 [C2] irrigation executed
12:18:03 [C2] CONTROL_RESULT sent to A2
12:18:05 [C2] IRRIGATION command received (command_id=510ac77d1578, duration=10s, generation=1)
12:18:05 [C2] ACK sent (command_id=510ac77d1578)
12:18:05 [C2] safety check passed
12:18:05 [C2] irrigation executed
12:18:05 [C2] CONTROL_RESULT sent to A2
12:18:05 [C2] IRRIGATION command received (command_id=64833f68ec42, duration=10s, generation=1)
12:18:05 [C2] ACK sent (command_id=64833f68ec42)
12:18:05 [C2] safety check passed
12:18:05 [C2] irrigation executed
12:18:05 [C2] CONTROL_RESULT sent to A2
12:18:06 [C2] IRRIGATION command received (command_id=7b4be71499c2, duration=10s, generation=1)
12:18:06 [C2] ACK sent (command_id=7b4be71499c2)
12:18:06 [C2] safety check passed
12:18:06 [C2] irrigation executed
12:18:06 [C2] CONTROL_RESULT sent to A2
12:18:06 [C2] IRRIGATION command received (command_id=446410961e96, duration=10s, generation=1)
12:18:06 [C2] ACK sent (command_id=446410961e96)
12:18:06 [C2] safety check passed
12:18:06 [C2] irrigation executed
12:18:06 [C2] CONTROL_RESULT sent to A2
