12:17:55 [C1] connected to gateway A1 (127.0.0.1)
12:17:55 [C1] NODE_REGISTER sent to A1 (attempt 1)
12:17:55 [C1] registered with A1 (generation=1)
12:17:55 [C1] IRRIGATION command received (command_id=839a1280a408, duration=10s, generation=1)
12:17:55 [C1] ACK sent (command_id=839a1280a408)
12:17:55 [C1] safety check passed
12:17:55 [C1] irrigation executed
12:17:55 [C1] CONTROL_RESULT sent to A1
12:17:55 [C1] IRRIGATION command received (command_id=5f08aec81cce, duration=10s, generation=1)
12:17:55 [C1] ACK sent (command_id=5f08aec81cce)
12:17:55 [C1] safety check passed
12:17:55 [C1] irrigation executed
12:17:55 [C1] CONTROL_RESULT sent to A1
12:17:55 [C1] IRRIGATION command received (command_id=87b5de02677c, duration=10s, generation=1)
12:17:55 [C1] ACK sent (command_id=87b5de02677c)
12:17:55 [C1] safety check passed
12:17:55 [C1] irrigation executed
12:17:55 [C1] CONTROL_RESULT sent to A1
12:17:56 [C1] IRRIGATION command received (command_id=2710bf7d2c0a, duration=10s, generation=1)
12:17:56 [C1] ACK sent (command_id=2710bf7d2c0a)
12:17:56 [C1] safety check passed
12:17:56 [C1] irrigation executed
12:17:56 [C1] CONTROL_RESULT sent to A1
12:17:56 [C1] IRRIGATION command received (command_id=db772332d5bc, duration=10s, generation=1)
12:17:56 [C1] ACK sent (command_id=db772332d5bc)
12:17:56 [C1] safety check passed
12:17:56 [C1] irrigation executed
12:17:56 [C1] CONTROL_RESULT sent to A1
12:17:56 [C1] IRRIGATION command received (command_id=24975ae3e4ef, duration=10s, generation=1)
12:17:56 [C1] ACK sent (command_id=24975ae3e4ef)
12:17:56 [C1] safety check passed
12:17:56 [C1] irrigation executed
12:17:56 [C1] CONTROL_RESULT sent to A1
12:17:57 [C1] IRRIGATION command received (command_id=3c2f35a0c9f3, duration=10s, generation=1)
12:17:57 [C1] ACK sent (command_id=3c2f35a0c9f3)
12:17:57 [C1] safety check passed
12:17:57 [C1] irrigation executed
12:17:57 [C1] CONTROL_RESULT sent to A1
12:17:57 [C1] IRRIGATION command received (command_id=3c2f35a0c9f3, duration=10s, generation=1)
12:17:57 [C1] ACK sent (command_id=3c2f35a0c9f3)
12:17:57 [C1] IRRIGATION command is a duplicate (command_id=3c2f35a0c9f3) - not executed again
12:17:57 [C1] CONTROL_RESULT sent to A1
12:17:57 [C1] IRRIGATION command received (command_id=74f3dca81345, duration=10s, generation=1)
12:17:57 [C1] ACK sent (command_id=74f3dca81345)
12:17:57 [C1] safety check passed
12:17:58 [C1] irrigation executed
12:17:58 [C1] CONTROL_RESULT sent to A1
12:17:58 [C1] IRRIGATION command received (command_id=74f3dca81345, duration=10s, generation=1)
12:17:58 [C1] ACK sent (command_id=74f3dca81345)
12:17:58 [C1] IRRIGATION command is a duplicate (command_id=74f3dca81345) - not executed again
12:17:58 [C1] CONTROL_RESULT sent to A1
12:17:58 [C1] IRRIGATION command received (command_id=a312a1b5d9b9, duration=10s, generation=1)
12:17:58 [C1] ACK sent (command_id=a312a1b5d9b9)
12:17:58 [C1] safety check passed
12:17:58 [C1] irrigation executed
12:17:58 [C1] CONTROL_RESULT sent to A1
12:17:58 [C1] IRRIGATION command received (command_id=a312a1b5d9b9, duration=10s, generation=1)
12:17:58 [C1] ACK sent (command_id=a312a1b5d9b9)
12:17:58 [C1] IRRIGATION command is a duplicate (command_id=a312a1b5d9b9) - not executed again
12:17:58 [C1] CONTROL_RESULT sent to A1
12:17:59 [C1] IRRIGATION command received (command_id=5da448225b96, duration=10s, generation=1)
12:17:59 [C1] ACK sent (command_id=5da448225b96)
12:17:59 [C1] safety check passed
12:17:59 [C1] irrigation executed
12:17:59 [C1] CONTROL_RESULT sent to A1
12:17:59 [C1] IRRIGATION command received (command_id=cd7eae5887bb, duration=10s, generation=1)
12:17:59 [C1] ACK sent (command_id=cd7eae5887bb)
12:17:59 [C1] safety check passed
12:17:59 [C1] irrigation executed
12:17:59 [C1] CONTROL_RESULT sent to A1
12:17:59 [C1] IRRIGATION command received (command_id=4d808c2521ce, duration=10s, generation=1)
12:17:59 [C1] ACK sent (command_id=4d808c2521ce)
12:17:59 [C1] safety check passed
12:18:00 [C1] irrigation executed
12:18:00 [C1] CONTROL_RESULT sent to A1
12:18:00 [C1] IRRIGATION command received (command_id=a8830b6f12c4, duration=10s, generation=1)
12:18:00 [C1] ACK sent (command_id=a8830b6f12c4)
12:18:00 [C1] safety check passed
12:18:00 [C1] irrigation executed
12:18:00 [C1] CONTROL_RESULT sent to A1
12:18:01 [C1] IRRIGATION command received (command_id=0de0eac5287c, duration=10s, generation=1)
12:18:01 [C1] ACK sent (command_id=0de0eac5287c)
12:18:01 [C1] safety check passed
12:18:02 [C1] irrigation executed
12:18:02 [C1] CONTROL_RESULT sent to A1
12:18:03 [C1] IRRIGATION command received (command_id=3d1b9295f4e8, duration=10s, generation=1)
12:18:03 [C1] ACK sent (command_id=3d1b9295f4e8)
12:18:03 [C1] safety check passed
12:18:03 [C1] irrigation executed
12:18:03 [C1] CONTROL_RESULT sent to A1
12:18:03 [C1] IRRIGATION command received (command_id=e0f791504b49, duration=10s, generation=1)
12:18:03 [C1] ACK sent (command_id=e0f791504b49)
12:18:03 [C1] safety check passed
12:18:03 [C1] irrigation executed
12:18:03 [C1] CONTROL_RESULT sent to A1
12:18:04 [C1] IRRIGATION command received (command_id=e9c4a988dece, duration=10s, generation=1)
12:18:04 [C1] ACK sent (command_id=e9c4a988dece)
12:18:04 [C1] safety check passed
12:18:04 [C1] irrigation executed
12:18:04 [C1] CONTROL_RESULT sent to A1
12:18:05 [C1] IRRIGATION command received (command_id=ff14948639e3, duration=10s, generation=1)
12:18:05 [C1] ACK sent (command_id=ff14948639e3)
12:18:05 [C1] safety check passed
12:18:05 [C1] irrigation executed
12:18:05 [C1] CONTROL_RESULT sent to A1
12:18:06 [C1] IRRIGATION command received (command_id=c890f51ead2d, duration=10s, generation=1)
12:18:06 [C1] ACK sent (command_id=c890f51ead2d)
12:18:06 [C1] safety check passed
12:18:06 [C1] irrigation executed
12:18:06 [C1] CONTROL_RESULT sent to A1
12:18:06 [C1] IRRIGATION command received (command_id=93c05c104f7c, duration=10s, generation=1)
12:18:06 [C1] ACK sent (command_id=93c05c104f7c)
12:18:06 [C1] safety check passed
12:18:06 [C1] irrigation executed
12:18:06 [C1] CONTROL_RESULT sent to A1
