12:17:55 [A1] gateway started on 127.0.0.1:64603 (sensor=B1, controller=C1, peer=A2, generation=1, role=ACTIVE)
12:17:55 [A1] connected to server 127.0.0.1:64600
12:17:55 [A1] offline queue empty
12:17:55 [A1] peer link established with A2
12:17:55 [A1] heartbeat -> A2
12:17:55 [A1] C1 registered (owner=A1, generation=1)
12:17:55 [A1] B1 registered (owner=A1, generation=1)
12:17:55 [A1] received SENSOR_DATA from B1
12:17:55 [A1] edge decision = IRRIGATION (soil_moisture 21.9 < 25.0)
12:17:55 [A1] awaiting server durable receipt, SENSOR_DATA queued locally (depth=1)
12:17:55 [A1] command sent to C1 (IRRIGATION 10s, command_id=839a1280a408, generation=1)
12:17:55 [A1] ACK received (message_id=839a1280a408)
12:17:55 [A1] offline queue empty
12:17:55 [A1] awaiting server durable receipt, CONTROL_COMMAND queued locally (depth=1)
12:17:55 [A1] offline queue empty
12:17:55 [A1] A2 is online
12:17:55 [A1] heartbeat to A2 failed, reconnecting
12:17:55 [A1] controller result received (IRRIGATION -> EXECUTED)
12:17:55 [A1] awaiting server durable receipt, CONTROL_RESULT queued locally (depth=1)
12:17:55 [A1] offline queue empty
12:17:55 [A1] peer link established with A2
12:17:55 [A1] heartbeat -> A2
12:17:55 [A1] received SENSOR_DATA from B1
12:17:55 [A1] edge decision = IRRIGATION (soil_moisture 22.1 < 25.0)
12:17:55 [A1] awaiting server durable receipt, SENSOR_DATA queued locally (depth=1)
12:17:55 [A1] command sent to C1 (IRRIGATION 10s, command_id=5f08aec81cce, generation=1)
12:17:55 [A1] ACK received (message_id=5f08aec81cce)
12:17:55 [A1] offline queue empty
12:17:55 [A1] awaiting server durable receipt, CONTROL_COMMAND queued locally (depth=1)
12:17:55 [A1] offline queue empty
12:17:55 [A1] heartbeat -> A2
12:17:55 [A1] controller result received (IRRIGATION -> EXECUTED)
12:17:55 [A1] awaiting server durable receipt, CONTROL_RESULT queued locally (depth=1)
12:17:55 [A1] offline queue empty
12:17:55 [A1] heartbeat -> A2
12:17:55 [A1] heartbeat -> A2
12:17:55 [A1] heartbeat -> A2
12:17:55 [A1] received SENSOR_DATA from B1
12:17:55 [A1] edge decision = IRRIGATION (soil_moisture 22.0 < 25.0)
12:17:55 [A1] awaiting server durable receipt, SENSOR_DATA queued locally (depth=1)
12:17:55 [A1] command sent to C1 (IRRIGATION 10s, command_id=87b5de02677c, generation=1)
12:17:55 [A1] ACK received (message_id=87b5de02677c)
12:17:55 [A1] offline queue empty
12:17:55 [A1] awaiting server durable receipt, CONTROL_COMMAND queued locally (depth=1)
12:17:55 [A1] offline queue empty
12:17:55 [A1] heartbeat -> A2
12:17:55 [A1] controller result received (IRRIGATION -> EXECUTED)
12:17:55 [A1] awaiting server durable receipt, CONTROL_RESULT queued locally (depth=1)
12:17:55 [A1] offline queue empty
12:17:55 [A1] heartbeat -> A2
12:17:55 [A1] heartbeat -> A2
12:17:56 [A1] SERVER_POLICY v1 applied (soil<25.0 -> 10s, temp>32.0 -> 5s)
12:17:56 [A1] edge autonomy intact: policy is advisory, control stays local
12:17:56 [A1] heartbeat -> A2
12:17:56 [A1] received SENSOR_DATA from B1
12:17:56 [A1] edge decision = IRRIGATION (soil_moisture 22.1 < 25.0)
12:17:56 [A1] awaiting server durable receipt, SENSOR_DATA queued locally (depth=1)
12:17:56 [A1] command sent to C1 (IRRIGATION 10s, command_id=2710bf7d2c0a, generation=1)
12:17:56 [A1] ACK received (message_id=2710bf7d2c0a)
12:17:56 [A1] offline queue empty
12:17:56 [A1] awaiting server durable receipt, CONTROL_COMMAND queued locally (depth=1)
12:17:56 [A1] offline queue empty
12:17:56 [A1] heartbeat -> A2
12:17:56 [A1] controller result received (IRRIGATION -> EXECUTED)
12:17:56 [A1] awaiting server durable receipt, CONTROL_RESULT queued locally (depth=1)
12:17:56 [A1] offline queue empty
12:17:56 [A1] heartbeat -> A2
12:17:56 [A1] heartbeat -> A2
12:17:56 [A1] heartbeat -> A2
12:17:56 [A1] received SENSOR_DATA from B1
12:17:56 [A1] edge decision = IRRIGATION (soil_moisture 22.0 < 25.0)
12:17:56 [A1] awaiting server durable receipt, SENSOR_DATA queued locally (depth=1)
12:17:56 [A1] command sent to C1 (IRRIGATION 10s, command_id=db772332d5bc, generation=1)
12:17:56 [A1] ACK received (message_id=db772332d5bc)
12:17:56 [A1] offline queue empty
12:17:56 [A1] awaiting server durable receipt, CONTROL_COMMAND queued locally (depth=1)
12:17:56 [A1] offline queue empty
12:17:56 [A1] heartbeat -> A2
12:17:56 [A1] controller result received (IRRIGATION -> EXECUTED)
12:17:56 [A1] awaiting server durable receipt, CONTROL_RESULT queued locally (depth=1)
12:17:56 [A1] offline queue empty
12:17:56 [A1] heartbeat -> A2
12:17:56 [A1] heartbeat -> A2
12:17:56 [A1] heartbeat -> A2
12:17:56 [A1] received SENSOR_DATA from B1
12:17:56 [A1] edge decision = IRRIGATION (soil_moisture 22.1 < 25.0)
12:17:56 [A1] awaiting server durable receipt, SENSOR_DATA queued locally (depth=1)
12:17:56 [A1] command sent to C1 (IRRIGATION 10s, command_id=24975ae3e4ef, generation=1)
12:17:56 [A1] ACK received (message_id=24975ae3e4ef)
12:17:56 [A1] offline queue empty
12:17:56 [A1] awaiting server durable receipt, CONTROL_COMMAND queued locally (depth=1)
12:17:56 [A1] offline queue empty
12:17:56 [A1] heartbeat -> A2
12:17:56 [A1] controller result received (IRRIGATION -> EXECUTED)
12:17:56 [A1] awaiting server durable receipt, CONTROL_RESULT queued locally (depth=1)
12:17:56 [A1] offline queue empty
12:17:57 [A1] heartbeat -> A2
12:17:57 [A1] heartbeat -> A2
12:17:57 [A1] heartbeat -> A2
12:17:57 [A1] received SENSOR_DATA from B1
12:17:57 [A1] edge decision = IRRIGATION (soil_moisture 21.9 < 25.0)
12:17:57 [A1] awaiting server durable receipt, SENSOR_DATA queued locally (depth=1)
12:17:57 [A1] command sent to C1 (IRRIGATION 10s, command_id=3c2f35a0c9f3, generation=1)
12:17:57 [A1] ACK received (message_id=3c2f35a0c9f3)
12:17:57 [A1] offline queue empty
12:17:57 [A1] awaiting server durable receipt, CONTROL_COMMAND queued locally (depth=1)
12:17:57 [A1] offline queue empty
12:17:57 [A1] heartbeat -> A2
12:17:57 [A1] controller result received (IRRIGATION -> EXECUTED)
12:17:57 [A1] awaiting server durable receipt, CONTROL_RESULT queued locally (depth=1)
12:17:57 [A1] controller result received (IRRIGATION -> DUPLICATE, reason=DUPLICATE_COMMAND_ID)
12:17:57 [A1] offline queue empty
12:17:57 [A1] awaiting server durable receipt, CONTROL_RESULT queued locally (depth=1)
12:17:57 [A1] offline queue empty
12:17:57 [A1] heartbeat -> A2
12:17:57 [A1] heartbeat -> A2
12:17:57 [A1] heartbeat -> A2
12:17:57 [A1] heartbeat -> A2
12:17:57 [A1] heartbeat -> A2
12:17:57 [A1] received SENSOR_DATA from B1
12:17:57 [A1] edge decision = IRRIGATION (soil_moisture 21.8 < 25.0)
12:17:57 [A1] awaiting server durable receipt, SENSOR_DATA queued locally (depth=1)
12:17:57 [A1] command sent to C1 (IRRIGATION 10s, command_id=74f3dca81345, generation=1)
12:17:57 [A1] ACK received (message_id=74f3dca81345)
12:17:57 [A1] offline queue empty
12:17:57 [A1] awaiting server durable receipt, CONTROL_COMMAND queued locally (depth=1)
12:17:57 [A1] offline queue empty
12:17:58 [A1] heartbeat -> A2
12:17:58 [A1] controller result received (IRRIGATION -> EXECUTED)
12:17:58 [A1] awaiting server durable receipt, CONTROL_RESULT queued locally (depth=1)
12:17:58 [A1] controller result received (IRRIGATION -> DUPLICATE, reason=DUPLICATE_COMMAND_ID)
12:17:58 [A1] offline queue empty
12:17:58 [A1] awaiting server durable receipt, CONTROL_RESULT queued locally (depth=1)
12:17:58 [A1] offline queue empty
12:17:58 [A1] heartbeat -> A2
12:17:58 [A1] heartbeat -> A2
12:17:58 [A1] heartbeat -> A2
12:17:58 [A1] received SENSOR_DATA from B1
12:17:58 [A1] edge decision = IRRIGATION (soil_moisture 21.7 < 25.0)
12:17:58 [A1] awaiting server durable receipt, SENSOR_DATA queued locally (depth=1)
12:17:58 [A1] command sent to C1 (IRRIGATION 10s, command_id=a312a1b5d9b9, generation=1)
12:17:58 [A1] ACK received (message_id=a312a1b5d9b9)
12:17:58 [A1] offline queue empty
12:17:58 [A1] awaiting server durable receipt, CONTROL_COMMAND queued locally (depth=1)
12:17:58 [A1] offline queue empty
12:17:58 [A1] heartbeat -> A2
12:17:58 [A1] controller result received (IRRIGATION -> EXECUTED)
12:17:58 [A1] awaiting server durable receipt, CONTROL_RESULT queued locally (depth=1)
12:17:58 [A1] controller result received (IRRIGATION -> DUPLICATE, reason=DUPLICATE_COMMAND_ID)
12:17:58 [A1] offline queue empty
12:17:58 [A1] awaiting server durable receipt, CONTROL_RESULT queued locally (depth=1)
12:17:58 [A1] offline queue empty
12:17:58 [A1] heartbeat -> A2
12:17:58 [A1] heartbeat -> A2
12:17:58 [A1] heartbeat -> A2
12:17:58 [A1] heartbeat -> A2
12:17:58 [A1] heartbeat -> A2
12:17:59 [A1] heartbeat -> A2
12:17:59 [A1] heartbeat -> A2
12:17:59 [A1] received SENSOR_DATA from B1
12:17:59 [A1] edge decision = IRRIGATION (soil_moisture 21.7 < 25.0)
12:17:59 [A1] awaiting server durable receipt, SENSOR_DATA queued locally (depth=1)
12:17:59 [A1] command sent to C1 (IRRIGATION 10s, command_id=5da448225b96, generation=1)
12:17:59 [A1] ACK received (message_id=5da448225b96)
12:17:59 [A1] offline queue empty
12:17:59 [A1] awaiting server durable receipt, CONTROL_COMMAND queued locally (depth=1)
12:17:59 [A1] offline queue empty
12:17:59 [A1] heartbeat -> A2
12:17:59 [A1] controller result received (IRRIGATION -> EXECUTED)
12:17:59 [A1] awaiting server durable receipt, CONTROL_RESULT queued locally (depth=1)
12:17:59 [A1] offline queue empty
12:17:59 [A1] heartbeat -> A2
12:17:59 [A1] heartbeat -> A2
12:17:59 [A1] heartbeat -> A2
12:17:59 [A1] received SENSOR_DATA from B1
12:17:59 [A1] edge decision = IRRIGATION (soil_moisture 21.7 < 25.0)
12:17:59 [A1] awaiting server durable receipt, SENSOR_DATA queued locally (depth=1)
12:17:59 [A1] command sent to C1 (IRRIGATION 10s, command_id=cd7eae5887bb, generation=1)
12:17:59 [A1] ACK received (message_id=cd7eae5887bb)
12:17:59 [A1] offline queue empty
12:17:59 [A1] awaiting server durable receipt, CONTROL_COMMAND queued locally (depth=1)
12:17:59 [A1] offline queue empty
12:17:59 [A1] heartbeat -> A2
12:17:59 [A1] controller result received (IRRIGATION -> EXECUTED)
12:17:59 [A1] awaiting server durable receipt, CONTROL_RESULT queued locally (depth=1)
12:17:59 [A1] offline queue empty
12:17:59 [A1] heartbeat -> A2
12:17:59 [A1] heartbeat -> A2
12:17:59 [A1] received SENSOR_DATA from B1
12:17:59 [A1] edge decision = IRRIGATION (soil_moisture 21.7 < 25.0)
12:17:59 [A1] awaiting server durable receipt, SENSOR_DATA queued locally (depth=1)
12:17:59 [A1] command sent to C1 (IRRIGATION 10s, command_id=4d808c2521ce, generation=1)
12:17:59 [A1] heartbeat -> A2
12:17:59 [A1] ACK received (message_id=4d808c2521ce)
12:17:59 [A1] offline queue empty
12:17:59 [A1] awaiting server durable receipt, CONTROL_COMMAND queued locally (depth=1)
12:17:59 [A1] offline queue empty
12:18:00 [A1] heartbeat -> A2
12:18:00 [A1] controller result received (IRRIGATION -> EXECUTED)
12:18:00 [A1] awaiting server durable receipt, CONTROL_RESULT queued locally (depth=1)
12:18:00 [A1] offline queue empty
12:18:00 [A1] heartbeat -> A2
12:18:00 [A1] heartbeat -> A2
12:18:00 [A1] heartbeat -> A2
12:18:00 [A1] heartbeat -> A2
12:18:00 [A1] received SENSOR_DATA from B1
12:18:00 [A1] edge decision = IRRIGATION (soil_moisture 21.7 < 25.0)
12:18:00 [A1] awaiting server durable receipt, SENSOR_DATA queued locally (depth=1)
12:18:00 [A1] command sent to C1 (IRRIGATION 10s, command_id=a8830b6f12c4, generation=1)
12:18:00 [A1] heartbeat -> A2
12:18:00 [A1] offline queue empty
12:18:00 [A1] awaiting server durable receipt, CONTROL_COMMAND queued locally (depth=1)
12:18:00 [A1] ACK received (message_id=a8830b6f12c4)
12:18:00 [A1] offline queue empty
12:18:00 [A1] heartbeat -> A2
12:18:00 [A1] controller result received (IRRIGATION -> EXECUTED)
12:18:00 [A1] awaiting server durable receipt, CONTROL_RESULT queued locally (depth=1)
12:18:00 [A1] offline queue empty
12:18:00 [A1] heartbeat -> A2
12:18:00 [A1] heartbeat -> A2
12:18:00 [A1] heartbeat -> A2
12:18:01 [A1] heartbeat -> A2
12:18:01 [A1] heartbeat -> A2
12:18:01 [A1] heartbeat -> A2
12:18:01 [A1] heartbeat -> A2
12:18:01 [A1] heartbeat -> A2
12:18:01 [A1] heartbeat -> A2
12:18:01 [A1] heartbeat -> A2
12:18:01 [A1] heartbeat -> A2
12:18:01 [A1] heartbeat -> A2
12:18:01 [A1] received SENSOR_DATA from B1
12:18:01 [A1] edge decision = IRRIGATION (soil_moisture 21.7 < 25.0)
12:18:01 [A1] awaiting server durable receipt, SENSOR_DATA queued locally (depth=1)
12:18:01 [A1] command sent to C1 (IRRIGATION 10s, command_id=0de0eac5287c, generation=1)
12:18:01 [A1] ACK received (message_id=0de0eac5287c)
12:18:01 [A1] offline queue empty
12:18:01 [A1] awaiting server durable receipt, CONTROL_COMMAND queued locally (depth=1)
12:18:01 [A1] offline queue empty
12:18:01 [A1] heartbeat -> A2
12:18:02 [A1] controller result received (IRRIGATION -> EXECUTED)
12:18:02 [A1] awaiting server durable receipt, CONTROL_RESULT queued locally (depth=1)
12:18:02 [A1] offline queue empty
12:18:02 [A1] heartbeat -> A2
12:18:02 [A1] heartbeat -> A2
12:18:02 [A1] heartbeat -> A2
12:18:02 [A1] heartbeat -> A2
12:18:02 [A1] heartbeat -> A2
12:18:02 [A1] heartbeat -> A2
12:18:02 [A1] heartbeat -> A2
12:18:02 [A1] heartbeat -> A2
12:18:02 [A1] heartbeat -> A2
12:18:02 [A1] heartbeat -> A2
12:18:03 [A1] heartbeat -> A2
12:18:03 [A1] received SENSOR_DATA from B1
12:18:03 [A1] edge decision = IRRIGATION (soil_moisture 21.6 < 25.0)
12:18:03 [A1] awaiting server durable receipt, SENSOR_DATA queued locally (depth=1)
12:18:03 [A1] command sent to C1 (IRRIGATION 10s, command_id=3d1b9295f4e8, generation=1)
12:18:03 [A1] ACK received (message_id=3d1b9295f4e8)
12:18:03 [A1] offline queue empty
12:18:03 [A1] awaiting server durable receipt, CONTROL_COMMAND queued locally (depth=1)
12:18:03 [A1] offline queue empty
12:18:03 [A1] heartbeat -> A2
12:18:03 [A1] controller result received (IRRIGATION -> EXECUTED)
12:18:03 [A1] awaiting server durable receipt, CONTROL_RESULT queued locally (depth=1)
12:18:03 [A1] offline queue empty
12:18:03 [A1] heartbeat -> A2
12:18:03 [A1] heartbeat -> A2
12:18:03 [A1] heartbeat -> A2
12:18:03 [A1] received SENSOR_DATA from B1
12:18:03 [A1] edge decision = IRRIGATION (soil_moisture 21.6 < 25.0)
12:18:03 [A1] awaiting server durable receipt, SENSOR_DATA queued locally (depth=1)
12:18:03 [A1] command sent to C1 (IRRIGATION 10s, command_id=e0f791504b49, generation=1)
12:18:03 [A1] ACK received (message_id=e0f791504b49)
12:18:03 [A1] offline queue empty
12:18:03 [A1] awaiting server durable receipt, CONTROL_COMMAND queued locally (depth=1)
12:18:03 [A1] offline queue empty
12:18:03 [A1] heartbeat -> A2
12:18:03 [A1] controller result received (IRRIGATION -> EXECUTED)
12:18:03 [A1] awaiting server durable receipt, CONTROL_RESULT queued locally (depth=1)
12:18:03 [A1] offline queue empty
12:18:03 [A1] heartbeat -> A2
12:18:03 [A1] heartbeat -> A2
12:18:03 [A1] heartbeat -> A2
12:18:03 [A1] heartbeat -> A2
12:18:04 [A1] heartbeat -> A2
12:18:04 [A1] heartbeat -> A2
12:18:04 [A1] heartbeat -> A2
12:18:04 [A1] received SENSOR_DATA from B1
12:18:04 [A1] edge decision = IRRIGATION (soil_moisture 21.9 < 25.0)
12:18:04 [A1] awaiting server durable receipt, SENSOR_DATA queued locally (depth=1)
12:18:04 [A1] command sent to C1 (IRRIGATION 10s, command_id=e9c4a988dece, generation=1)
12:18:04 [A1] ACK received (message_id=e9c4a988dece)
12:18:04 [A1] offline queue empty
12:18:04 [A1] awaiting server durable receipt, CONTROL_COMMAND queued locally (depth=1)
12:18:04 [A1] offline queue empty
12:18:04 [A1] heartbeat -> A2
12:18:04 [A1] controller result received (IRRIGATION -> EXECUTED)
12:18:04 [A1] awaiting server durable receipt, CONTROL_RESULT queued locally (depth=1)
12:18:04 [A1] offline queue empty
12:18:04 [A1] heartbeat -> A2
12:18:04 [A1] heartbeat -> A2
12:18:04 [A1] heartbeat -> A2
12:18:04 [A1] heartbeat -> A2
12:18:04 [A1] heartbeat -> A2
12:18:05 [A1] heartbeat -> A2
12:18:05 [A1] heartbeat -> A2
12:18:05 [A1] heartbeat -> A2
12:18:05 [A1] heartbeat -> A2
12:18:05 [A1] heartbeat -> A2
12:18:05 [A1] heartbeat -> A2
12:18:05 [A1] received SENSOR_DATA from B1
12:18:05 [A1] edge decision = IRRIGATION (soil_moisture 22.0 < 25.0)
12:18:05 [A1] awaiting server durable receipt, SENSOR_DATA queued locally (depth=1)
12:18:05 [A1] command sent to C1 (IRRIGATION 10s, command_id=ff14948639e3, generation=1)
12:18:05 [A1] ACK received (message_id=ff14948639e3)
12:18:05 [A1] offline queue empty
12:18:05 [A1] awaiting server durable receipt, CONTROL_COMMAND queued locally (depth=1)
12:18:05 [A1] offline queue empty
12:18:05 [A1] heartbeat -> A2
12:18:05 [A1] controller result received (IRRIGATION -> EXECUTED)
12:18:05 [A1] awaiting server durable receipt, CONTROL_RESULT queued locally (depth=1)
12:18:05 [A1] offline queue empty
12:18:05 [A1] heartbeat -> A2
12:18:05 [A1] heartbeat -> A2
12:18:05 [A1] heartbeat -> A2
12:18:06 [A1] heartbeat -> A2
12:18:06 [A1] SERVER_POLICY v2 applied (soil<25.0 -> 10s, temp>32.0 -> 5s)
12:18:06 [A1] edge autonomy intact: policy is advisory, control stays local
12:18:06 [A1] heartbeat -> A2
12:18:06 [A1] heartbeat -> A2
12:18:06 [A1] heartbeat -> A2
12:18:06 [A1] received SENSOR_DATA from B1
12:18:06 [A1] edge decision = IRRIGATION (soil_moisture 22.1 < 25.0)
12:18:06 [A1] awaiting server durable receipt, SENSOR_DATA queued locally (depth=1)
12:18:06 [A1] command sent to C1 (IRRIGATION 10s, command_id=c890f51ead2d, generation=1)
12:18:06 [A1] ACK received (message_id=c890f51ead2d)
12:18:06 [A1] offline queue empty
12:18:06 [A1] awaiting server durable receipt, CONTROL_COMMAND queued locally (depth=1)
12:18:06 [A1] offline queue empty
12:18:06 [A1] heartbeat -> A2
12:18:06 [A1] controller result received (IRRIGATION -> EXECUTED)
12:18:06 [A1] awaiting server durable receipt, CONTROL_RESULT queued locally (depth=1)
12:18:06 [A1] offline queue empty
12:18:06 [A1] heartbeat -> A2
12:18:06 [A1] heartbeat -> A2
12:18:06 [A1] heartbeat -> A2
12:18:06 [A1] received SENSOR_DATA from B1
12:18:06 [A1] edge decision = IRRIGATION (soil_moisture 21.9 < 25.0)
12:18:06 [A1] awaiting server durable receipt, SENSOR_DATA queued locally (depth=1)
12:18:06 [A1] command sent to C1 (IRRIGATION 10s, command_id=93c05c104f7c, generation=1)
12:18:06 [A1] ACK received (message_id=93c05c104f7c)
12:18:06 [A1] offline queue empty
12:18:06 [A1] awaiting server durable receipt, CONTROL_COMMAND queued locally (depth=1)
12:18:06 [A1] offline queue empty
12:18:06 [A1] heartbeat -> A2
12:18:06 [A1] controller result received (IRRIGATION -> EXECUTED)
12:18:06 [A1] awaiting server durable receipt, CONTROL_RESULT queued locally (depth=1)
12:18:06 [A1] offline queue empty
12:18:06 [A1] heartbeat -> A2
12:18:06 [A1] server link error: [Errno 54] Connection reset by peer
12:18:06 [A1] B1 disconnected
12:18:06 [A1] C1 disconnected
