18:51:07 [A2] gateway started on 127.0.0.1:56502 (sensor=B2, controller=C2, peer=A1, generation=1, role=ACTIVE)
18:51:07 [A2] connected to server 127.0.0.1:56497
18:51:07 [A2] offline queue empty
18:51:07 [A2] peer link established with A1
18:51:07 [A2] heartbeat -> A1
18:51:07 [A2] C2 registered (owner=A2, generation=1)
18:51:07 [A2] B2 registered (owner=A2, generation=1)
18:51:07 [A2] received SENSOR_DATA from B2
18:51:07 [A2] edge decision = IRRIGATION (soil_moisture 21.9 < 25.0)
18:51:07 [A2] awaiting server durable receipt, SENSOR_DATA queued locally (depth=1)
18:51:07 [A2] command sent to C2 (IRRIGATION 10s, command_id=7c715f05ad99, generation=1)
18:51:07 [A2] awaiting server durable receipt, CONTROL_COMMAND queued locally (depth=2)
18:51:07 [A2] ACK received (message_id=7c715f05ad99)
18:51:07 [A2] offline queue empty
18:51:07 [A2] A1 is online
18:51:07 [A2] heartbeat to A1 failed, reconnecting
18:51:07 [A2] controller result received (IRRIGATION -> EXECUTED)
18:51:07 [A2] awaiting server durable receipt, CONTROL_RESULT queued locally (depth=1)
18:51:07 [A2] offline queue empty
18:51:08 [A2] peer link established with A1
18:51:08 [A2] heartbeat -> A1
18:51:08 [A2] received SENSOR_DATA from B2
18:51:08 [A2] edge decision = IRRIGATION (soil_moisture 21.9 < 25.0)
18:51:08 [A2] awaiting server durable receipt, SENSOR_DATA queued locally (depth=1)
18:51:08 [A2] command sent to C2 (IRRIGATION 10s, command_id=f55e06f98ddb, generation=1)
18:51:08 [A2] awaiting server durable receipt, CONTROL_COMMAND queued locally (depth=2)
18:51:08 [A2] ACK received (message_id=f55e06f98ddb)
18:51:08 [A2] offline queue empty
18:51:08 [A2] heartbeat -> A1
18:51:08 [A2] controller result received (IRRIGATION -> EXECUTED)
18:51:08 [A2] awaiting server durable receipt, CONTROL_RESULT queued locally (depth=1)
18:51:08 [A2] offline queue empty
18:51:08 [A2] heartbeat -> A1
18:51:08 [A2] heartbeat -> A1
18:51:08 [A2] heartbeat -> A1
18:51:08 [A2] heartbeat -> A1
18:51:08 [A2] heartbeat -> A1
18:51:08 [A2] received SENSOR_DATA from B2
18:51:08 [A2] edge decision = IRRIGATION (soil_moisture 21.8 < 25.0)
18:51:08 [A2] awaiting server durable receipt, SENSOR_DATA queued locally (depth=1)
18:51:08 [A2] command sent to C2 (IRRIGATION 10s, command_id=3b2ab279b1a7, generation=1)
18:51:08 [A2] awaiting server durable receipt, CONTROL_COMMAND queued locally (depth=2)
18:51:08 [A2] ACK received (message_id=3b2ab279b1a7)
18:51:08 [A2] offline queue empty
18:51:08 [A2] heartbeat -> A1
18:51:08 [A2] controller result received (IRRIGATION -> EXECUTED)
18:51:08 [A2] awaiting server durable receipt, CONTROL_RESULT queued locally (depth=1)
18:51:08 [A2] offline queue empty
18:51:08 [A2] SERVER_POLICY v1 applied (soil<25.0 -> 10s, temp>32.0 -> 5s)
18:51:08 [A2] edge autonomy intact: policy is advisory, control stays local
18:51:08 [A2] heartbeat -> A1
18:51:08 [A2] heartbeat -> A1
18:51:09 [A2] heartbeat -> A1
18:51:09 [A2] heartbeat -> A1
18:51:09 [A2] heartbeat -> A1
18:51:09 [A2] received SENSOR_DATA from B2
18:51:09 [A2] edge decision = IRRIGATION (soil_moisture 21.9 < 25.0)
18:51:09 [A2] awaiting server durable receipt, SENSOR_DATA queued locally (depth=1)
18:51:09 [A2] command sent to C2 (IRRIGATION 10s, command_id=f90aee892648, generation=1)
18:51:09 [A2] awaiting server durable receipt, CONTROL_COMMAND queued locally (depth=2)
18:51:09 [A2] ACK received (message_id=f90aee892648)
18:51:09 [A2] offline queue empty
18:51:09 [A2] heartbeat -> A1
18:51:09 [A2] controller result received (IRRIGATION -> EXECUTED)
18:51:09 [A2] awaiting server durable receipt, CONTROL_RESULT queued locally (depth=1)
18:51:09 [A2] offline queue empty
18:51:09 [A2] heartbeat -> A1
18:51:09 [A2] heartbeat -> A1
18:51:09 [A2] heartbeat -> A1
18:51:09 [A2] heartbeat -> A1
18:51:09 [A2] received SENSOR_DATA from B2
18:51:09 [A2] edge decision = IRRIGATION (soil_moisture 22.0 < 25.0)
18:51:09 [A2] awaiting server durable receipt, SENSOR_DATA queued locally (depth=1)
18:51:09 [A2] command sent to C2 (IRRIGATION 10s, command_id=31743b39184b, generation=1)
18:51:09 [A2] awaiting server durable receipt, CONTROL_COMMAND queued locally (depth=2)
18:51:09 [A2] ACK received (message_id=31743b39184b)
18:51:09 [A2] offline queue empty
18:51:09 [A2] heartbeat -> A1
18:51:09 [A2] controller result received (IRRIGATION -> EXECUTED)
18:51:09 [A2] awaiting server durable receipt, CONTROL_RESULT queued locally (depth=1)
18:51:09 [A2] offline queue empty
18:51:10 [A2] heartbeat -> A1
18:51:10 [A2] heartbeat -> A1
18:51:10 [A2] heartbeat -> A1
18:51:10 [A2] heartbeat -> A1
18:51:10 [A2] heartbeat -> A1
18:51:10 [A2] heartbeat -> A1
18:51:10 [A2] heartbeat -> A1
18:51:10 [A2] heartbeat -> A1
18:51:10 [A2] heartbeat -> A1
18:51:10 [A2] received SENSOR_DATA from B2
18:51:10 [A2] edge decision = IRRIGATION (soil_moisture 22.3 < 25.0)
18:51:10 [A2] awaiting server durable receipt, SENSOR_DATA queued locally (depth=1)
18:51:10 [A2] command sent to C2 (IRRIGATION 10s, command_id=bbaf29fdf00c, generation=1)
18:51:10 [A2] awaiting server durable receipt, CONTROL_COMMAND queued locally (depth=2)
18:51:10 [A2] ACK received (message_id=bbaf29fdf00c)
18:51:10 [A2] offline queue empty
18:51:10 [A2] heartbeat -> A1
18:51:11 [A2] controller result received (IRRIGATION -> EXECUTED)
18:51:11 [A2] awaiting server durable receipt, CONTROL_RESULT queued locally (depth=1)
18:51:11 [A2] offline queue empty
18:51:11 [A2] heartbeat -> A1
18:51:11 [A2] received SENSOR_DATA from B2
18:51:11 [A2] edge decision = IRRIGATION (soil_moisture 22.2 < 25.0)
18:51:11 [A2] awaiting server durable receipt, SENSOR_DATA queued locally (depth=1)
18:51:11 [A2] command sent to C2 (IRRIGATION 10s, command_id=2fba7d8397fe, generation=1)
18:51:11 [A2] awaiting server durable receipt, CONTROL_COMMAND queued locally (depth=2)
18:51:11 [A2] ACK received (message_id=2fba7d8397fe)
18:51:11 [A2] offline queue empty
18:51:11 [A2] heartbeat -> A1
18:51:11 [A2] controller result received (IRRIGATION -> EXECUTED)
18:51:11 [A2] awaiting server durable receipt, CONTROL_RESULT queued locally (depth=1)
18:51:11 [A2] offline queue empty
18:51:11 [A2] heartbeat -> A1
18:51:11 [A2] heartbeat -> A1
18:51:11 [A2] heartbeat -> A1
18:51:11 [A2] heartbeat -> A1
18:51:11 [A2] heartbeat -> A1
18:51:11 [A2] received SENSOR_DATA from B2
18:51:11 [A2] edge decision = IRRIGATION (soil_moisture 22.0 < 25.0)
18:51:11 [A2] awaiting server durable receipt, SENSOR_DATA queued locally (depth=1)
18:51:11 [A2] command sent to C2 (IRRIGATION 10s, command_id=20ce01cead83, generation=1)
18:51:11 [A2] awaiting server durable receipt, CONTROL_COMMAND queued locally (depth=2)
18:51:11 [A2] ACK received (message_id=20ce01cead83)
18:51:11 [A2] offline queue empty
18:51:11 [A2] heartbeat -> A1
18:51:11 [A2] controller result received (IRRIGATION -> EXECUTED)
18:51:11 [A2] awaiting server durable receipt, CONTROL_RESULT queued locally (depth=1)
18:51:11 [A2] offline queue empty
18:51:11 [A2] heartbeat -> A1
18:51:11 [A2] heartbeat -> A1
18:51:12 [A2] heartbeat -> A1
18:51:12 [A2] received SENSOR_DATA from B2
18:51:12 [A2] edge decision = IRRIGATION (soil_moisture 22.0 < 25.0)
18:51:12 [A2] awaiting server durable receipt, SENSOR_DATA queued locally (depth=1)
18:51:12 [A2] command sent to C2 (IRRIGATION 10s, command_id=12f621fcca5c, generation=1)
18:51:12 [A2] awaiting server durable receipt, CONTROL_COMMAND queued locally (depth=2)
18:51:12 [A2] ACK received (message_id=12f621fcca5c)
18:51:12 [A2] offline queue empty
18:51:12 [A2] heartbeat -> A1
18:51:12 [A2] controller result received (IRRIGATION -> EXECUTED)
18:51:12 [A2] awaiting server durable receipt, CONTROL_RESULT queued locally (depth=1)
18:51:12 [A2] offline queue empty
18:51:12 [A2] heartbeat -> A1
18:51:12 [A2] heartbeat -> A1
18:51:12 [A2] heartbeat -> A1
18:51:12 [A2] heartbeat -> A1
18:51:12 [A2] heartbeat -> A1
18:51:12 [A2] heartbeat -> A1
18:51:12 [A2] heartbeat -> A1
18:51:12 [A2] heartbeat -> A1
18:51:13 [A2] heartbeat -> A1
18:51:13 [A2] heartbeat -> A1
18:51:13 [A2] heartbeat -> A1
18:51:13 [A2] heartbeat -> A1
18:51:13 [A2] heartbeat -> A1
18:51:13 [A2] heartbeat -> A1
18:51:13 [A2] heartbeat -> A1
18:51:13 [A2] heartbeat -> A1
18:51:13 [A2] heartbeat -> A1
18:51:13 [A2] heartbeat -> A1
18:51:14 [A2] heartbeat -> A1
18:51:14 [A2] heartbeat -> A1
18:51:14 [A2] heartbeat -> A1
18:51:14 [A2] heartbeat -> A1
18:51:14 [A2] heartbeat -> A1
18:51:14 [A2] received SENSOR_DATA from B2
18:51:14 [A2] edge decision = IRRIGATION (soil_moisture 21.9 < 25.0)
18:51:14 [A2] awaiting server durable receipt, SENSOR_DATA queued locally (depth=1)
18:51:14 [A2] command sent to C2 (IRRIGATION 10s, command_id=f3726f982894, generation=1)
18:51:14 [A2] awaiting server durable receipt, CONTROL_COMMAND queued locally (depth=2)
18:51:14 [A2] ACK received (message_id=f3726f982894)
18:51:14 [A2] offline queue empty
18:51:14 [A2] heartbeat -> A1
18:51:14 [A2] controller result received (IRRIGATION -> EXECUTED)
18:51:14 [A2] awaiting server durable receipt, CONTROL_RESULT queued locally (depth=1)
18:51:14 [A2] offline queue empty
18:51:14 [A2] heartbeat -> A1
18:51:14 [A2] heartbeat -> A1
18:51:14 [A2] heartbeat -> A1
18:51:14 [A2] heartbeat -> A1
18:51:15 [A2] heartbeat -> A1
18:51:15 [A2] heartbeat -> A1
18:51:15 [A2] heartbeat -> A1
18:51:15 [A2] received SENSOR_DATA from B2
18:51:15 [A2] edge decision = IRRIGATION (soil_moisture 21.6 < 25.0)
18:51:15 [A2] awaiting server durable receipt, SENSOR_DATA queued locally (depth=1)
18:51:15 [A2] command sent to C2 (IRRIGATION 10s, command_id=f781b6fd5bea, generation=1)
18:51:15 [A2] awaiting server durable receipt, CONTROL_COMMAND queued locally (depth=2)
18:51:15 [A2] ACK received (message_id=f781b6fd5bea)
18:51:15 [A2] offline queue empty
18:51:15 [A2] heartbeat -> A1
18:51:15 [A2] controller result received (IRRIGATION -> EXECUTED)
18:51:15 [A2] awaiting server durable receipt, CONTROL_RESULT queued locally (depth=1)
18:51:15 [A2] offline queue empty
18:51:15 [A2] heartbeat -> A1
18:51:15 [A2] heartbeat -> A1
18:51:15 [A2] heartbeat -> A1
18:51:15 [A2] heartbeat -> A1
18:51:15 [A2] heartbeat -> A1
18:51:16 [A2] heartbeat -> A1
18:51:16 [A2] heartbeat -> A1
18:51:16 [A2] received SENSOR_DATA from B2
18:51:16 [A2] edge decision = IRRIGATION (soil_moisture 21.7 < 25.0)
18:51:16 [A2] awaiting server durable receipt, SENSOR_DATA queued locally (depth=1)
18:51:16 [A2] command sent to C2 (IRRIGATION 10s, command_id=60287853b26a, generation=1)
18:51:16 [A2] awaiting server durable receipt, CONTROL_COMMAND queued locally (depth=2)
18:51:16 [A2] ACK received (message_id=60287853b26a)
18:51:16 [A2] offline queue empty
18:51:16 [A2] heartbeat -> A1
18:51:16 [A2] controller result received (IRRIGATION -> EXECUTED)
18:51:16 [A2] awaiting server durable receipt, CONTROL_RESULT queued locally (depth=1)
18:51:16 [A2] offline queue empty
18:51:16 [A2] heartbeat -> A1
18:51:16 [A2] heartbeat -> A1
18:51:16 [A2] heartbeat -> A1
18:51:16 [A2] heartbeat -> A1
18:51:16 [A2] heartbeat -> A1
18:51:16 [A2] heartbeat -> A1
18:51:16 [A2] heartbeat -> A1
18:51:17 [A2] heartbeat -> A1
18:51:17 [A2] heartbeat -> A1
18:51:17 [A2] heartbeat -> A1
18:51:17 [A2] heartbeat -> A1
18:51:17 [A2] heartbeat -> A1
18:51:17 [A2] heartbeat -> A1
18:51:17 [A2] heartbeat -> A1
18:51:17 [A2] heartbeat -> A1
18:51:17 [A2] heartbeat -> A1
18:51:17 [A2] heartbeat -> A1
18:51:17 [A2] received SENSOR_DATA from B2
18:51:17 [A2] edge decision = IRRIGATION (soil_moisture 21.6 < 25.0)
18:51:17 [A2] awaiting server durable receipt, SENSOR_DATA queued locally (depth=1)
18:51:17 [A2] command sent to C2 (IRRIGATION 10s, command_id=148cc9f7c75f, generation=1)
18:51:17 [A2] awaiting server durable receipt, CONTROL_COMMAND queued locally (depth=2)
18:51:17 [A2] ACK received (message_id=148cc9f7c75f)
18:51:17 [A2] offline queue empty
18:51:18 [A2] heartbeat -> A1
18:51:18 [A2] controller result received (IRRIGATION -> EXECUTED)
18:51:18 [A2] awaiting server durable receipt, CONTROL_RESULT queued locally (depth=1)
18:51:18 [A2] offline queue empty
18:51:18 [A2] heartbeat -> A1
18:51:18 [A2] heartbeat -> A1
18:51:18 [A2] heartbeat -> A1
18:51:18 [A2] received SENSOR_DATA from B2
18:51:18 [A2] edge decision = IRRIGATION (soil_moisture 21.7 < 25.0)
18:51:18 [A2] awaiting server durable receipt, SENSOR_DATA queued locally (depth=1)
18:51:18 [A2] command sent to C2 (IRRIGATION 10s, command_id=d2d719c03d43, generation=1)
18:51:18 [A2] awaiting server durable receipt, CONTROL_COMMAND queued locally (depth=2)
18:51:18 [A2] ACK received (message_id=d2d719c03d43)
18:51:18 [A2] offline queue empty
18:51:18 [A2] heartbeat -> A1
18:51:18 [A2] controller result received (IRRIGATION -> EXECUTED)
18:51:18 [A2] awaiting server durable receipt, CONTROL_RESULT queued locally (depth=1)
18:51:18 [A2] offline queue empty
18:51:18 [A2] heartbeat -> A1
18:51:18 [A2] heartbeat -> A1
18:51:18 [A2] heartbeat -> A1
18:51:18 [A2] SERVER_POLICY v2 applied (soil<25.0 -> 10s, temp>32.0 -> 5s)
18:51:18 [A2] edge autonomy intact: policy is advisory, control stays local
18:51:18 [A2] heartbeat -> A1
18:51:18 [A2] heartbeat -> A1
18:51:18 [A2] received SENSOR_DATA from B2
18:51:18 [A2] edge decision = IRRIGATION (soil_moisture 21.8 < 25.0)
18:51:18 [A2] awaiting server durable receipt, SENSOR_DATA queued locally (depth=1)
18:51:18 [A2] command sent to C2 (IRRIGATION 10s, command_id=a6f04ec9c445, generation=1)
18:51:18 [A2] awaiting server durable receipt, CONTROL_COMMAND queued locally (depth=2)
18:51:18 [A2] ACK received (message_id=a6f04ec9c445)
18:51:18 [A2] offline queue empty
18:51:19 [A2] heartbeat -> A1
18:51:19 [A2] controller result received (IRRIGATION -> EXECUTED)
18:51:19 [A2] awaiting server durable receipt, CONTROL_RESULT queued locally (depth=1)
18:51:19 [A2] offline queue empty
18:51:19 [A2] heartbeat -> A1
18:51:19 [A2] heartbeat -> A1
18:51:19 [A2] heartbeat -> A1
18:51:19 [A2] received SENSOR_DATA from B2
18:51:19 [A2] edge decision = IRRIGATION (soil_moisture 21.8 < 25.0)
18:51:19 [A2] awaiting server durable receipt, SENSOR_DATA queued locally (depth=1)
18:51:19 [A2] command sent to C2 (IRRIGATION 10s, command_id=7b4c43da670d, generation=1)
18:51:19 [A2] awaiting server durable receipt, CONTROL_COMMAND queued locally (depth=2)
18:51:19 [A2] ACK received (message_id=7b4c43da670d)
18:51:19 [A2] offline queue empty
18:51:19 [A2] heartbeat -> A1
18:51:19 [A2] controller result received (IRRIGATION -> EXECUTED)
18:51:19 [A2] awaiting server durable receipt, CONTROL_RESULT queued locally (depth=1)
18:51:19 [A2] offline queue empty
18:51:19 [A2] heartbeat -> A1
18:51:19 [A2] heartbeat -> A1
18:51:19 [A2] C2 disconnected
18:51:19 [A2] B2 disconnected
