00:19:56 [A2] gateway started on 127.0.0.1:64261 (sensor=B2, controller=C2, peer=A1, generation=1, role=ACTIVE)
00:19:56 [A2] connected to server 127.0.0.1:64255
00:19:56 [A2] offline queue empty
00:19:56 [A2] C2 registered (owner=A2, generation=1)
00:19:57 [A2] peer link established with A1
00:19:57 [A2] A1 is online
00:19:57 [A2] heartbeat -> A1
00:19:57 [A2] heartbeat -> A1
00:19:57 [A2] B2 registered (owner=A2, generation=1)
00:19:57 [A2] received SENSOR_DATA from B2
00:19:57 [A2] edge decision = IRRIGATION (soil_moisture 21.9 < 25.0)
00:19:57 [A2] awaiting server durable receipt, SENSOR_DATA queued locally (depth=1)
00:19:57 [A2] command sent to C2 (IRRIGATION 10s, command_id=5257726f7fb4, generation=1)
00:19:57 [A2] awaiting server durable receipt, CONTROL_COMMAND queued locally (depth=2)
00:19:57 [A2] ACK received (message_id=5257726f7fb4)
00:19:57 [A2] offline queue empty
00:19:57 [A2] heartbeat -> A1
00:19:57 [A2] controller result received (IRRIGATION -> EXECUTED)
00:19:57 [A2] awaiting server durable receipt, CONTROL_RESULT queued locally (depth=1)
00:19:57 [A2] offline queue empty
00:19:57 [A2] heartbeat -> A1
00:19:57 [A2] received SENSOR_DATA from B2
00:19:57 [A2] edge decision = IRRIGATION (soil_moisture 21.9 < 25.0)
00:19:57 [A2] awaiting server durable receipt, SENSOR_DATA queued locally (depth=1)
00:19:57 [A2] command sent to C2 (IRRIGATION 10s, command_id=67fdebadd443, generation=1)
00:19:57 [A2] awaiting server durable receipt, CONTROL_COMMAND queued locally (depth=2)
00:19:57 [A2] ACK received (message_id=67fdebadd443)
00:19:57 [A2] offline queue empty
00:19:57 [A2] heartbeat -> A1
00:19:57 [A2] controller result received (IRRIGATION -> EXECUTED)
00:19:57 [A2] awaiting server durable receipt, CONTROL_RESULT queued locally (depth=1)
00:19:57 [A2] offline queue empty
00:19:57 [A2] heartbeat -> A1
00:19:57 [A2] heartbeat -> A1
00:19:57 [A2] heartbeat -> A1
00:19:57 [A2] heartbeat -> A1
00:19:57 [A2] SERVER_POLICY v1 applied (soil<25.0 -> 10s, temp>32.0 -> 5s)
00:19:57 [A2] edge autonomy intact: policy is advisory, control stays local
00:19:57 [A2] heartbeat -> A1
00:19:57 [A2] received SENSOR_DATA from B2
00:19:57 [A2] edge decision = IRRIGATION (soil_moisture 21.8 < 25.0)
00:19:57 [A2] awaiting server durable receipt, SENSOR_DATA queued locally (depth=1)
00:19:57 [A2] command sent to C2 (IRRIGATION 10s, command_id=3baf80c1c648, generation=1)
00:19:57 [A2] awaiting server durable receipt, CONTROL_COMMAND queued locally (depth=2)
00:19:57 [A2] ACK received (message_id=3baf80c1c648)
00:19:57 [A2] offline queue empty
00:19:58 [A2] heartbeat -> A1
00:19:58 [A2] controller result received (IRRIGATION -> EXECUTED)
00:19:58 [A2] awaiting server durable receipt, CONTROL_RESULT queued locally (depth=1)
00:19:58 [A2] offline queue empty
00:19:58 [A2] heartbeat -> A1
00:19:58 [A2] heartbeat -> A1
00:19:58 [A2] heartbeat -> A1
00:19:58 [A2] heartbeat -> A1
00:19:58 [A2] received SENSOR_DATA from B2
00:19:58 [A2] edge decision = IRRIGATION (soil_moisture 21.9 < 25.0)
00:19:58 [A2] awaiting server durable receipt, SENSOR_DATA queued locally (depth=1)
00:19:58 [A2] command sent to C2 (IRRIGATION 10s, command_id=5adeee66db86, generation=1)
00:19:58 [A2] awaiting server durable receipt, CONTROL_COMMAND queued locally (depth=2)
00:19:58 [A2] heartbeat -> A1
00:19:58 [A2] ACK received (message_id=5adeee66db86)
00:19:58 [A2] offline queue empty
00:19:58 [A2] heartbeat -> A1
00:19:58 [A2] controller result received (IRRIGATION -> EXECUTED)
00:19:58 [A2] awaiting server durable receipt, CONTROL_RESULT queued locally (depth=1)
00:19:58 [A2] offline queue empty
00:19:58 [A2] heartbeat -> A1
00:19:58 [A2] heartbeat -> A1
00:19:58 [A2] heartbeat -> A1
00:19:59 [A2] heartbeat -> A1
00:19:59 [A2] received SENSOR_DATA from B2
00:19:59 [A2] edge decision = IRRIGATION (soil_moisture 22.0 < 25.0)
00:19:59 [A2] awaiting server durable receipt, SENSOR_DATA queued locally (depth=1)
00:19:59 [A2] command sent to C2 (IRRIGATION 10s, command_id=94524d2b73e8, generation=1)
00:19:59 [A2] awaiting server durable receipt, CONTROL_COMMAND queued locally (depth=2)
00:19:59 [A2] heartbeat -> A1
00:19:59 [A2] ACK received (message_id=94524d2b73e8)
00:19:59 [A2] offline queue empty
00:19:59 [A2] heartbeat -> A1
00:19:59 [A2] controller result received (IRRIGATION -> EXECUTED)
00:19:59 [A2] awaiting server durable receipt, CONTROL_RESULT queued locally (depth=1)
00:19:59 [A2] offline queue empty
00:19:59 [A2] heartbeat -> A1
00:19:59 [A2] heartbeat -> A1
00:19:59 [A2] heartbeat -> A1
00:19:59 [A2] heartbeat -> A1
00:19:59 [A2] heartbeat -> A1
00:19:59 [A2] heartbeat -> A1
00:19:59 [A2] heartbeat -> A1
00:20:00 [A2] heartbeat -> A1
00:20:00 [A2] received SENSOR_DATA from B2
00:20:00 [A2] edge decision = IRRIGATION (soil_moisture 22.3 < 25.0)
00:20:00 [A2] awaiting server durable receipt, SENSOR_DATA queued locally (depth=1)
00:20:00 [A2] command sent to C2 (IRRIGATION 10s, command_id=dccc7e1ab752, generation=1)
00:20:00 [A2] awaiting server durable receipt, CONTROL_COMMAND queued locally (depth=2)
00:20:00 [A2] ACK received (message_id=dccc7e1ab752)
00:20:00 [A2] offline queue empty
00:20:00 [A2] heartbeat -> A1
00:20:00 [A2] heartbeat -> A1
00:20:00 [A2] controller result received (IRRIGATION -> EXECUTED)
00:20:00 [A2] awaiting server durable receipt, CONTROL_RESULT queued locally (depth=1)
00:20:00 [A2] offline queue empty
00:20:00 [A2] received SENSOR_DATA from B2
00:20:00 [A2] edge decision = IRRIGATION (soil_moisture 22.2 < 25.0)
00:20:00 [A2] awaiting server durable receipt, SENSOR_DATA queued locally (depth=1)
00:20:00 [A2] command sent to C2 (IRRIGATION 10s, command_id=d4d0be774b16, generation=1)
00:20:00 [A2] awaiting server durable receipt, CONTROL_COMMAND queued locally (depth=2)
00:20:00 [A2] ACK received (message_id=d4d0be774b16)
00:20:00 [A2] offline queue empty
00:20:00 [A2] heartbeat -> A1
00:20:00 [A2] controller result received (IRRIGATION -> EXECUTED)
00:20:00 [A2] awaiting server durable receipt, CONTROL_RESULT queued locally (depth=1)
00:20:00 [A2] heartbeat -> A1
00:20:00 [A2] offline queue empty
00:20:00 [A2] heartbeat -> A1
00:20:00 [A2] heartbeat -> A1
00:20:00 [A2] heartbeat -> A1
00:20:00 [A2] heartbeat -> A1
00:20:00 [A2] received SENSOR_DATA from B2
00:20:00 [A2] edge decision = IRRIGATION (soil_moisture 22.0 < 25.0)
00:20:00 [A2] awaiting server durable receipt, SENSOR_DATA queued locally (depth=1)
00:20:00 [A2] command sent to C2 (IRRIGATION 10s, command_id=44a394f9d401, generation=1)
00:20:00 [A2] awaiting server durable receipt, CONTROL_COMMAND queued locally (depth=2)
00:20:00 [A2] ACK received (message_id=44a394f9d401)
00:20:00 [A2] offline queue empty
00:20:00 [A2] heartbeat -> A1
00:20:01 [A2] controller result received (IRRIGATION -> EXECUTED)
00:20:01 [A2] awaiting server durable receipt, CONTROL_RESULT queued locally (depth=1)
00:20:01 [A2] offline queue empty
00:20:01 [A2] heartbeat -> A1
00:20:01 [A2] heartbeat -> A1
00:20:01 [A2] heartbeat -> A1
00:20:01 [A2] received SENSOR_DATA from B2
00:20:01 [A2] edge decision = IRRIGATION (soil_moisture 22.0 < 25.0)
00:20:01 [A2] awaiting server durable receipt, SENSOR_DATA queued locally (depth=1)
00:20:01 [A2] command sent to C2 (IRRIGATION 10s, command_id=2c0241ddc0c4, generation=1)
00:20:01 [A2] awaiting server durable receipt, CONTROL_COMMAND queued locally (depth=2)
00:20:01 [A2] ACK received (message_id=2c0241ddc0c4)
00:20:01 [A2] offline queue empty
00:20:01 [A2] heartbeat -> A1
00:20:01 [A2] controller result received (IRRIGATION -> EXECUTED)
00:20:01 [A2] awaiting server durable receipt, CONTROL_RESULT queued locally (depth=1)
00:20:01 [A2] offline queue empty
00:20:01 [A2] heartbeat -> A1
00:20:01 [A2] heartbeat -> A1
00:20:01 [A2] heartbeat -> A1
00:20:01 [A2] heartbeat -> A1
00:20:01 [A2] heartbeat -> A1
00:20:01 [A2] heartbeat -> A1
00:20:02 [A2] heartbeat -> A1
00:20:02 [A2] heartbeat -> A1
00:20:02 [A2] heartbeat -> A1
00:20:02 [A2] heartbeat -> A1
00:20:02 [A2] heartbeat -> A1
00:20:02 [A2] heartbeat -> A1
00:20:02 [A2] heartbeat -> A1
00:20:02 [A2] heartbeat -> A1
00:20:02 [A2] heartbeat -> A1
00:20:02 [A2] heartbeat -> A1
00:20:03 [A2] heartbeat -> A1
00:20:03 [A2] heartbeat -> A1
00:20:03 [A2] heartbeat -> A1
00:20:03 [A2] heartbeat -> A1
00:20:03 [A2] heartbeat -> A1
00:20:03 [A2] heartbeat -> A1
00:20:03 [A2] heartbeat -> A1
00:20:03 [A2] received SENSOR_DATA from B2
00:20:03 [A2] edge decision = IRRIGATION (soil_moisture 21.9 < 25.0)
00:20:03 [A2] awaiting server durable receipt, SENSOR_DATA queued locally (depth=1)
00:20:03 [A2] command sent to C2 (IRRIGATION 10s, command_id=42fd5d18ed20, generation=1)
00:20:03 [A2] awaiting server durable receipt, CONTROL_COMMAND queued locally (depth=2)
00:20:03 [A2] ACK received (message_id=42fd5d18ed20)
00:20:03 [A2] offline queue empty
00:20:03 [A2] heartbeat -> A1
00:20:03 [A2] controller result received (IRRIGATION -> EXECUTED)
00:20:03 [A2] awaiting server durable receipt, CONTROL_RESULT queued locally (depth=1)
00:20:03 [A2] offline queue empty
00:20:03 [A2] heartbeat -> A1
00:20:04 [A2] heartbeat -> A1
00:20:04 [A2] heartbeat -> A1
00:20:04 [A2] heartbeat -> A1
00:20:04 [A2] heartbeat -> A1
00:20:04 [A2] heartbeat -> A1
00:20:04 [A2] heartbeat -> A1
00:20:04 [A2] received SENSOR_DATA from B2
00:20:04 [A2] edge decision = IRRIGATION (soil_moisture 21.6 < 25.0)
00:20:04 [A2] awaiting server durable receipt, SENSOR_DATA queued locally (depth=1)
00:20:04 [A2] command sent to C2 (IRRIGATION 10s, command_id=198e2c681d13, generation=1)
00:20:04 [A2] awaiting server durable receipt, CONTROL_COMMAND queued locally (depth=2)
00:20:04 [A2] ACK received (message_id=198e2c681d13)
00:20:04 [A2] heartbeat -> A1
00:20:04 [A2] heartbeat -> A1
00:20:04 [A2] controller result received (IRRIGATION -> EXECUTED)
00:20:04 [A2] awaiting server durable receipt, CONTROL_RESULT queued locally (depth=2)
00:20:04 [A2] offline queue empty
00:20:04 [A2] heartbeat -> A1
00:20:04 [A2] heartbeat -> A1
00:20:05 [A2] heartbeat -> A1
00:20:05 [A2] heartbeat -> A1
00:20:05 [A2] heartbeat -> A1
00:20:05 [A2] heartbeat -> A1
00:20:05 [A2] received SENSOR_DATA from B2
00:20:05 [A2] edge decision = IRRIGATION (soil_moisture 21.7 < 25.0)
00:20:05 [A2] awaiting server durable receipt, SENSOR_DATA queued locally (depth=1)
00:20:05 [A2] command sent to C2 (IRRIGATION 10s, command_id=0bf693664bfc, generation=1)
00:20:05 [A2] awaiting server durable receipt, CONTROL_COMMAND queued locally (depth=2)
00:20:05 [A2] ACK received (message_id=0bf693664bfc)
00:20:05 [A2] offline queue empty
00:20:05 [A2] heartbeat -> A1
00:20:05 [A2] controller result received (IRRIGATION -> EXECUTED)
00:20:05 [A2] awaiting server durable receipt, CONTROL_RESULT queued locally (depth=1)
00:20:05 [A2] offline queue empty
00:20:05 [A2] heartbeat -> A1
00:20:05 [A2] heartbeat -> A1
00:20:05 [A2] heartbeat -> A1
00:20:05 [A2] heartbeat -> A1
00:20:06 [A2] heartbeat -> A1
00:20:06 [A2] heartbeat -> A1
00:20:06 [A2] heartbeat -> A1
00:20:06 [A2] heartbeat -> A1
00:20:06 [A2] heartbeat -> A1
00:20:06 [A2] heartbeat -> A1
00:20:06 [A2] heartbeat -> A1
00:20:06 [A2] heartbeat -> A1
00:20:06 [A2] heartbeat -> A1
00:20:06 [A2] heartbeat -> A1
00:20:07 [A2] heartbeat -> A1
00:20:07 [A2] heartbeat -> A1
00:20:07 [A2] heartbeat -> A1
00:20:07 [A2] received SENSOR_DATA from B2
00:20:07 [A2] edge decision = IRRIGATION (soil_moisture 21.6 < 25.0)
00:20:07 [A2] awaiting server durable receipt, SENSOR_DATA queued locally (depth=1)
00:20:07 [A2] command sent to C2 (IRRIGATION 10s, command_id=c3ca6d100575, generation=1)
00:20:07 [A2] awaiting server durable receipt, CONTROL_COMMAND queued locally (depth=2)
00:20:07 [A2] ACK received (message_id=c3ca6d100575)
00:20:07 [A2] offline queue empty
00:20:07 [A2] heartbeat -> A1
00:20:07 [A2] controller result received (IRRIGATION -> EXECUTED)
00:20:07 [A2] awaiting server durable receipt, CONTROL_RESULT queued locally (depth=1)
00:20:07 [A2] offline queue empty
00:20:07 [A2] heartbeat -> A1
00:20:07 [A2] heartbeat -> A1
00:20:07 [A2] heartbeat -> A1
00:20:07 [A2] received SENSOR_DATA from B2
00:20:07 [A2] edge decision = IRRIGATION (soil_moisture 21.7 < 25.0)
00:20:07 [A2] awaiting server durable receipt, SENSOR_DATA queued locally (depth=1)
00:20:07 [A2] command sent to C2 (IRRIGATION 10s, command_id=1aa84d90bd7f, generation=1)
00:20:07 [A2] awaiting server durable receipt, CONTROL_COMMAND queued locally (depth=2)
00:20:07 [A2] ACK received (message_id=1aa84d90bd7f)
00:20:07 [A2] offline queue empty
00:20:07 [A2] heartbeat -> A1
00:20:07 [A2] controller result received (IRRIGATION -> EXECUTED)
00:20:07 [A2] awaiting server durable receipt, CONTROL_RESULT queued locally (depth=1)
00:20:07 [A2] offline queue empty
00:20:07 [A2] heartbeat -> A1
00:20:07 [A2] SERVER_POLICY v2 applied (soil<25.0 -> 10s, temp>32.0 -> 5s)
00:20:07 [A2] edge autonomy intact: policy is advisory, control stays local
00:20:07 [A2] heartbeat -> A1
00:20:08 [A2] heartbeat -> A1
00:20:08 [A2] heartbeat -> A1
00:20:08 [A2] heartbeat -> A1
00:20:08 [A2] received SENSOR_DATA from B2
00:20:08 [A2] edge decision = IRRIGATION (soil_moisture 21.8 < 25.0)
00:20:08 [A2] awaiting server durable receipt, SENSOR_DATA queued locally (depth=1)
00:20:08 [A2] command sent to C2 (IRRIGATION 10s, command_id=20b9159d3a2a, generation=1)
00:20:08 [A2] awaiting server durable receipt, CONTROL_COMMAND queued locally (depth=2)
00:20:08 [A2] ACK received (message_id=20b9159d3a2a)
00:20:08 [A2] offline queue empty
00:20:08 [A2] heartbeat -> A1
00:20:08 [A2] controller result received (IRRIGATION -> EXECUTED)
00:20:08 [A2] awaiting server durable receipt, CONTROL_RESULT queued locally (depth=1)
00:20:08 [A2] offline queue empty
00:20:08 [A2] heartbeat -> A1
00:20:08 [A2] heartbeat -> A1
00:20:08 [A2] heartbeat -> A1
00:20:08 [A2] received SENSOR_DATA from B2
00:20:08 [A2] edge decision = IRRIGATION (soil_moisture 21.8 < 25.0)
00:20:08 [A2] awaiting server durable receipt, SENSOR_DATA queued locally (depth=1)
00:20:08 [A2] command sent to C2 (IRRIGATION 10s, command_id=e4ecbd0dbd90, generation=1)
00:20:08 [A2] awaiting server durable receipt, CONTROL_COMMAND queued locally (depth=2)
00:20:08 [A2] ACK received (message_id=e4ecbd0dbd90)
00:20:08 [A2] offline queue empty
00:20:08 [A2] heartbeat -> A1
00:20:08 [A2] C2 disconnected
00:20:08 [A2] B2 disconnected
