21:28:33 [A1] gateway started on 127.0.0.1:55761 (sensor=B1, controller=C1, peer=A2, generation=1, role=ACTIVE)
21:28:33 [A1] connected to server 127.0.0.1:55758
21:28:33 [A1] offline queue empty
21:28:33 [A1] B1 registered (owner=A1, generation=1)
21:28:33 [A1] received SENSOR_DATA from B1
21:28:33 [A1] edge decision = IRRIGATION (soil_moisture 21.9 < 25.0)
21:28:33 [A1] awaiting server durable receipt, SENSOR_DATA queued locally (depth=1)
21:28:33 [A1] awaiting server durable receipt, CONTROL_RESULT queued locally (depth=2)
21:28:33 [A1] offline queue empty
21:28:33 [A1] peer link established with A2
21:28:33 [A1] A2 is online
21:28:33 [A1] heartbeat -> A2
21:28:33 [A1] C1 registered (owner=A1, generation=1)
21:28:33 [A1] heartbeat -> A2
21:28:33 [A1] received SENSOR_DATA from B1
21:28:33 [A1] edge decision = IRRIGATION (soil_moisture 22.1 < 25.0)
21:28:33 [A1] awaiting server durable receipt, SENSOR_DATA queued locally (depth=1)
21:28:33 [A1] command sent to C1 (IRRIGATION 10s, command_id=0eec404675a1, generation=1)
21:28:33 [A1] awaiting server durable receipt, CONTROL_COMMAND queued locally (depth=2)
21:28:33 [A1] ACK received (message_id=0eec404675a1)
21:28:33 [A1] offline queue empty
21:28:33 [A1] heartbeat -> A2
21:28:33 [A1] controller result received (IRRIGATION -> EXECUTED)
21:28:33 [A1] awaiting server durable receipt, CONTROL_RESULT queued locally (depth=1)
21:28:33 [A1] offline queue empty
21:28:33 [A1] heartbeat -> A2
21:28:33 [A1] heartbeat -> A2
21:28:33 [A1] heartbeat -> A2
21:28:33 [A1] received SENSOR_DATA from B1
21:28:33 [A1] edge decision = IRRIGATION (soil_moisture 22.0 < 25.0)
21:28:33 [A1] awaiting server durable receipt, SENSOR_DATA queued locally (depth=1)
21:28:33 [A1] command sent to C1 (IRRIGATION 10s, command_id=8b416a0e428d, generation=1)
21:28:33 [A1] awaiting server durable receipt, CONTROL_COMMAND queued locally (depth=2)
21:28:33 [A1] ACK received (message_id=8b416a0e428d)
21:28:33 [A1] offline queue empty
21:28:34 [A1] heartbeat -> A2
21:28:34 [A1] controller result received (IRRIGATION -> EXECUTED)
21:28:34 [A1] awaiting server durable receipt, CONTROL_RESULT queued locally (depth=1)
21:28:34 [A1] offline queue empty
21:28:34 [A1] heartbeat -> A2
21:28:34 [A1] heartbeat -> A2
21:28:34 [A1] SERVER_POLICY v1 applied (soil<25.0 -> 10s, temp>32.0 -> 5s)
21:28:34 [A1] edge autonomy intact: policy is advisory, control stays local
21:28:34 [A1] heartbeat -> A2
21:28:34 [A1] received SENSOR_DATA from B1
21:28:34 [A1] edge decision = IRRIGATION (soil_moisture 22.1 < 25.0)
21:28:34 [A1] awaiting server durable receipt, SENSOR_DATA queued locally (depth=1)
21:28:34 [A1] command sent to C1 (IRRIGATION 10s, command_id=1786a3fa2089, generation=1)
21:28:34 [A1] awaiting server durable receipt, CONTROL_COMMAND queued locally (depth=2)
21:28:34 [A1] ACK received (message_id=1786a3fa2089)
21:28:34 [A1] offline queue empty
21:28:34 [A1] heartbeat -> A2
21:28:34 [A1] controller result received (IRRIGATION -> EXECUTED)
21:28:34 [A1] awaiting server durable receipt, CONTROL_RESULT queued locally (depth=1)
21:28:34 [A1] offline queue empty
21:28:34 [A1] heartbeat -> A2
21:28:34 [A1] heartbeat -> A2
21:28:34 [A1] heartbeat -> A2
21:28:34 [A1] received SENSOR_DATA from B1
21:28:34 [A1] edge decision = IRRIGATION (soil_moisture 22.0 < 25.0)
21:28:34 [A1] awaiting server durable receipt, SENSOR_DATA queued locally (depth=1)
21:28:34 [A1] command sent to C1 (IRRIGATION 10s, command_id=15f9322627c1, generation=1)
21:28:34 [A1] awaiting server durable receipt, CONTROL_COMMAND queued locally (depth=2)
21:28:34 [A1] ACK received (message_id=15f9322627c1)
21:28:34 [A1] offline queue empty
21:28:34 [A1] heartbeat -> A2
21:28:34 [A1] controller result received (IRRIGATION -> EXECUTED)
21:28:34 [A1] awaiting server durable receipt, CONTROL_RESULT queued locally (depth=1)
21:28:34 [A1] offline queue empty
21:28:34 [A1] heartbeat -> A2
21:28:35 [A1] heartbeat -> A2
21:28:35 [A1] heartbeat -> A2
21:28:35 [A1] received SENSOR_DATA from B1
21:28:35 [A1] edge decision = IRRIGATION (soil_moisture 22.1 < 25.0)
21:28:35 [A1] awaiting server durable receipt, SENSOR_DATA queued locally (depth=1)
21:28:35 [A1] command sent to C1 (IRRIGATION 10s, command_id=b8bc6ea7bd20, generation=1)
21:28:35 [A1] awaiting server durable receipt, CONTROL_COMMAND queued locally (depth=2)
21:28:35 [A1] ACK received (message_id=b8bc6ea7bd20)
21:28:35 [A1] offline queue empty
21:28:35 [A1] heartbeat -> A2
21:28:35 [A1] controller result received (IRRIGATION -> EXECUTED)
21:28:35 [A1] awaiting server durable receipt, CONTROL_RESULT queued locally (depth=1)
21:28:35 [A1] heartbeat -> A2
21:28:35 [A1] connected to server 127.0.0.1:55758
21:28:35 [A1] server link error: [Errno 54] Connection reset by peer
21:28:35 [A1] heartbeat -> A2
21:28:35 [A1] received SENSOR_DATA from B1
21:28:35 [A1] edge decision = IRRIGATION (soil_moisture 21.9 < 25.0)
21:28:35 [A1] awaiting server durable receipt, SENSOR_DATA queued locally (depth=2)
21:28:35 [A1] command sent to C1 (IRRIGATION 10s, command_id=d7171f5f4971, generation=1)
21:28:35 [A1] awaiting server durable receipt, CONTROL_COMMAND queued locally (depth=3)
21:28:35 [A1] ACK received (message_id=d7171f5f4971)
21:28:35 [A1] heartbeat -> A2
21:28:35 [A1] controller result received (IRRIGATION -> EXECUTED)
21:28:35 [A1] awaiting server durable receipt, CONTROL_RESULT queued locally (depth=4)
21:28:35 [A1] heartbeat -> A2
21:28:35 [A1] heartbeat -> A2
21:28:35 [A1] heartbeat -> A2
21:28:35 [A1] connected to server 127.0.0.1:55758
21:28:35 [A1] server link error: [Errno 54] Connection reset by peer
21:28:35 [A1] heartbeat -> A2
21:28:36 [A1] heartbeat -> A2
21:28:36 [A1] received SENSOR_DATA from B1
21:28:36 [A1] edge decision = IRRIGATION (soil_moisture 21.8 < 25.0)
21:28:36 [A1] awaiting server durable receipt, SENSOR_DATA queued locally (depth=5)
21:28:36 [A1] command sent to C1 (IRRIGATION 10s, command_id=bf39f07aa56d, generation=1)
21:28:36 [A1] awaiting server durable receipt, CONTROL_COMMAND queued locally (depth=6)
21:28:36 [A1] ACK received (message_id=bf39f07aa56d)
21:28:36 [A1] heartbeat -> A2
21:28:36 [A1] controller result received (IRRIGATION -> EXECUTED)
21:28:36 [A1] awaiting server durable receipt, CONTROL_RESULT queued locally (depth=7)
21:28:36 [A1] heartbeat -> A2
21:28:36 [A1] heartbeat -> A2
21:28:36 [A1] heartbeat -> A2
21:28:36 [A1] received SENSOR_DATA from B1
21:28:36 [A1] edge decision = IRRIGATION (soil_moisture 21.7 < 25.0)
21:28:36 [A1] awaiting server durable receipt, SENSOR_DATA queued locally (depth=8)
21:28:36 [A1] command sent to C1 (IRRIGATION 10s, command_id=21a7fb54c457, generation=1)
21:28:36 [A1] awaiting server durable receipt, CONTROL_COMMAND queued locally (depth=9)
21:28:36 [A1] ACK received (message_id=21a7fb54c457)
21:28:36 [A1] heartbeat -> A2
21:28:36 [A1] controller result received (IRRIGATION -> EXECUTED)
21:28:36 [A1] awaiting server durable receipt, CONTROL_RESULT queued locally (depth=10)
21:28:36 [A1] heartbeat -> A2
21:28:36 [A1] heartbeat -> A2
21:28:36 [A1] heartbeat -> A2
21:28:36 [A1] connected to server 127.0.0.1:55758
21:28:36 [A1] heartbeat -> A2
21:28:37 [A1] heartbeat -> A2
21:28:37 [A1] heartbeat -> A2
21:28:37 [A1] heartbeat -> A2
21:28:37 [A1] received SENSOR_DATA from B1
21:28:37 [A1] edge decision = IRRIGATION (soil_moisture 21.7 < 25.0)
21:28:37 [A1] awaiting server durable receipt, SENSOR_DATA queued locally (depth=11)
21:28:37 [A1] command sent to C1 (IRRIGATION 10s, command_id=8515c9823641, generation=1)
21:28:37 [A1] awaiting server durable receipt, CONTROL_COMMAND queued locally (depth=12)
21:28:37 [A1] ACK received (message_id=8515c9823641)
21:28:37 [A1] heartbeat -> A2
21:28:37 [A1] controller result received (IRRIGATION -> EXECUTED)
21:28:37 [A1] awaiting server durable receipt, CONTROL_RESULT queued locally (depth=13)
21:28:37 [A1] heartbeat -> A2
21:28:37 [A1] heartbeat -> A2
21:28:37 [A1] heartbeat -> A2
21:28:37 [A1] received SENSOR_DATA from B1
21:28:37 [A1] edge decision = IRRIGATION (soil_moisture 21.7 < 25.0)
21:28:37 [A1] awaiting server durable receipt, SENSOR_DATA queued locally (depth=14)
21:28:37 [A1] command sent to C1 (IRRIGATION 10s, command_id=ab816de7e7a2, generation=1)
21:28:37 [A1] awaiting server durable receipt, CONTROL_COMMAND queued locally (depth=15)
21:28:37 [A1] ACK received (message_id=ab816de7e7a2)
21:28:37 [A1] heartbeat -> A2
21:28:37 [A1] controller result received (IRRIGATION -> EXECUTED)
21:28:37 [A1] awaiting server durable receipt, CONTROL_RESULT queued locally (depth=16)
21:28:37 [A1] heartbeat -> A2
21:28:37 [A1] heartbeat -> A2
21:28:38 [A1] heartbeat -> A2
21:28:38 [A1] received SENSOR_DATA from B1
21:28:38 [A1] edge decision = IRRIGATION (soil_moisture 21.7 < 25.0)
21:28:38 [A1] awaiting server durable receipt, SENSOR_DATA queued locally (depth=17)
21:28:38 [A1] command sent to C1 (IRRIGATION 10s, command_id=40b882ca4e2e, generation=1)
21:28:38 [A1] awaiting server durable receipt, CONTROL_COMMAND queued locally (depth=18)
21:28:38 [A1] ACK received (message_id=40b882ca4e2e)
21:28:38 [A1] heartbeat -> A2
21:28:38 [A1] controller result received (IRRIGATION -> EXECUTED)
21:28:38 [A1] awaiting server durable receipt, CONTROL_RESULT queued locally (depth=19)
21:28:38 [A1] heartbeat -> A2
21:28:38 [A1] heartbeat -> A2
21:28:38 [A1] heartbeat -> A2
21:28:38 [A1] heartbeat -> A2
21:28:38 [A1] heartbeat -> A2
21:28:38 [A1] received SENSOR_DATA from B1
21:28:38 [A1] edge decision = IRRIGATION (soil_moisture 21.7 < 25.0)
21:28:38 [A1] awaiting server durable receipt, SENSOR_DATA queued locally (depth=20)
21:28:38 [A1] command sent to C1 (IRRIGATION 10s, command_id=87e018dd30be, generation=1)
21:28:38 [A1] awaiting server durable receipt, CONTROL_COMMAND queued locally (depth=21)
21:28:38 [A1] ACK received (message_id=87e018dd30be)
21:28:38 [A1] heartbeat -> A2
21:28:38 [A1] controller result received (IRRIGATION -> EXECUTED)
21:28:38 [A1] awaiting server durable receipt, CONTROL_RESULT queued locally (depth=22)
21:28:38 [A1] connected to server 127.0.0.1:55758
21:28:38 [A1] offline queue empty
21:28:38 [A1] heartbeat -> A2
21:28:38 [A1] heartbeat -> A2
21:28:39 [A1] heartbeat -> A2
21:28:39 [A1] heartbeat -> A2
21:28:39 [A1] heartbeat -> A2
21:28:39 [A1] heartbeat -> A2
21:28:39 [A1] heartbeat -> A2
21:28:39 [A1] heartbeat -> A2
21:28:39 [A1] heartbeat -> A2
21:28:39 [A1] heartbeat -> A2
21:28:39 [A1] heartbeat -> A2
21:28:40 [A1] heartbeat -> A2
21:28:40 [A1] heartbeat -> A2
21:28:40 [A1] received SENSOR_DATA from B1
21:28:40 [A1] edge decision = IRRIGATION (soil_moisture 21.7 < 25.0)
21:28:40 [A1] awaiting server durable receipt, SENSOR_DATA queued locally (depth=1)
21:28:40 [A1] command sent to C1 (IRRIGATION 10s, command_id=ed75e431c740, generation=1)
21:28:40 [A1] awaiting server durable receipt, CONTROL_COMMAND queued locally (depth=2)
21:28:40 [A1] ACK received (message_id=ed75e431c740)
21:28:40 [A1] offline queue empty
21:28:40 [A1] heartbeat -> A2
21:28:40 [A1] controller result received (IRRIGATION -> EXECUTED)
21:28:40 [A1] awaiting server durable receipt, CONTROL_RESULT queued locally (depth=1)
21:28:40 [A1] offline queue empty
21:28:40 [A1] heartbeat -> A2
21:28:40 [A1] heartbeat -> A2
21:28:40 [A1] heartbeat -> A2
21:28:40 [A1] heartbeat -> A2
21:28:40 [A1] heartbeat -> A2
21:28:40 [A1] heartbeat -> A2
21:28:40 [A1] heartbeat -> A2
21:28:41 [A1] heartbeat -> A2
21:28:41 [A1] heartbeat -> A2
21:28:41 [A1] heartbeat -> A2
21:28:41 [A1] heartbeat -> A2
21:28:41 [A1] received SENSOR_DATA from B1
21:28:41 [A1] edge decision = IRRIGATION (soil_moisture 21.6 < 25.0)
21:28:41 [A1] awaiting server durable receipt, SENSOR_DATA queued locally (depth=1)
21:28:41 [A1] command sent to C1 (IRRIGATION 10s, command_id=6c75f9ff4db2, generation=1)
21:28:41 [A1] awaiting server durable receipt, CONTROL_COMMAND queued locally (depth=2)
21:28:41 [A1] ACK received (message_id=6c75f9ff4db2)
21:28:41 [A1] offline queue empty
21:28:41 [A1] heartbeat -> A2
21:28:41 [A1] controller result received (IRRIGATION -> EXECUTED)
21:28:41 [A1] awaiting server durable receipt, CONTROL_RESULT queued locally (depth=1)
21:28:41 [A1] offline queue empty
21:28:41 [A1] heartbeat -> A2
21:28:41 [A1] heartbeat -> A2
21:28:41 [A1] heartbeat -> A2
21:28:41 [A1] received SENSOR_DATA from B1
21:28:41 [A1] edge decision = IRRIGATION (soil_moisture 21.6 < 25.0)
21:28:41 [A1] awaiting server durable receipt, SENSOR_DATA queued locally (depth=1)
21:28:41 [A1] command sent to C1 (IRRIGATION 10s, command_id=fc8a1a0a1b1e, generation=1)
21:28:41 [A1] awaiting server durable receipt, CONTROL_COMMAND queued locally (depth=2)
21:28:41 [A1] ACK received (message_id=fc8a1a0a1b1e)
21:28:41 [A1] offline queue empty
21:28:41 [A1] heartbeat -> A2
21:28:41 [A1] controller result received (IRRIGATION -> EXECUTED)
21:28:41 [A1] awaiting server durable receipt, CONTROL_RESULT queued locally (depth=1)
21:28:41 [A1] offline queue empty
21:28:41 [A1] heartbeat -> A2
21:28:42 [A1] heartbeat -> A2
21:28:42 [A1] heartbeat -> A2
21:28:42 [A1] heartbeat -> A2
21:28:42 [A1] heartbeat -> A2
21:28:42 [A1] heartbeat -> A2
21:28:42 [A1] heartbeat -> A2
21:28:42 [A1] received SENSOR_DATA from B1
21:28:42 [A1] edge decision = IRRIGATION (soil_moisture 21.9 < 25.0)
21:28:42 [A1] awaiting server durable receipt, SENSOR_DATA queued locally (depth=1)
21:28:42 [A1] command sent to C1 (IRRIGATION 10s, command_id=467ae33f05ff, generation=1)
21:28:42 [A1] awaiting server durable receipt, CONTROL_COMMAND queued locally (depth=2)
21:28:42 [A1] ACK received (message_id=467ae33f05ff)
21:28:42 [A1] offline queue empty
21:28:42 [A1] heartbeat -> A2
21:28:42 [A1] controller result received (IRRIGATION -> EXECUTED)
21:28:42 [A1] awaiting server durable receipt, CONTROL_RESULT queued locally (depth=1)
21:28:42 [A1] offline queue empty
21:28:42 [A1] heartbeat -> A2
21:28:42 [A1] heartbeat -> A2
21:28:42 [A1] heartbeat -> A2
21:28:43 [A1] heartbeat -> A2
21:28:43 [A1] heartbeat -> A2
21:28:43 [A1] heartbeat -> A2
21:28:43 [A1] heartbeat -> A2
21:28:43 [A1] heartbeat -> A2
21:28:43 [A1] heartbeat -> A2
21:28:43 [A1] heartbeat -> A2
21:28:43 [A1] heartbeat -> A2
21:28:43 [A1] received SENSOR_DATA from B1
21:28:43 [A1] edge decision = IRRIGATION (soil_moisture 22.0 < 25.0)
21:28:43 [A1] awaiting server durable receipt, SENSOR_DATA queued locally (depth=1)
21:28:43 [A1] command sent to C1 (IRRIGATION 10s, command_id=ab4acb8a03e3, generation=1)
21:28:43 [A1] awaiting server durable receipt, CONTROL_COMMAND queued locally (depth=2)
21:28:43 [A1] ACK received (message_id=ab4acb8a03e3)
21:28:43 [A1] offline queue empty
21:28:43 [A1] heartbeat -> A2
21:28:43 [A1] controller result received (IRRIGATION -> EXECUTED)
21:28:43 [A1] awaiting server durable receipt, CONTROL_RESULT queued locally (depth=1)
21:28:43 [A1] offline queue empty
21:28:43 [A1] heartbeat -> A2
21:28:44 [A1] heartbeat -> A2
21:28:44 [A1] heartbeat -> A2
21:28:44 [A1] SERVER_POLICY v2 applied (soil<25.0 -> 10s, temp>32.0 -> 5s)
21:28:44 [A1] edge autonomy intact: policy is advisory, control stays local
21:28:44 [A1] heartbeat -> A2
21:28:44 [A1] heartbeat -> A2
21:28:44 [A1] heartbeat -> A2
21:28:44 [A1] heartbeat -> A2
21:28:44 [A1] received SENSOR_DATA from B1
21:28:44 [A1] edge decision = IRRIGATION (soil_moisture 22.1 < 25.0)
21:28:44 [A1] awaiting server durable receipt, SENSOR_DATA queued locally (depth=1)
21:28:44 [A1] command sent to C1 (IRRIGATION 10s, command_id=28e77e318506, generation=1)
21:28:44 [A1] awaiting server durable receipt, CONTROL_COMMAND queued locally (depth=2)
21:28:44 [A1] ACK received (message_id=28e77e318506)
21:28:44 [A1] offline queue empty
21:28:44 [A1] heartbeat -> A2
21:28:44 [A1] controller result received (IRRIGATION -> EXECUTED)
21:28:44 [A1] awaiting server durable receipt, CONTROL_RESULT queued locally (depth=1)
21:28:44 [A1] offline queue empty
21:28:44 [A1] heartbeat -> A2
21:28:44 [A1] heartbeat -> A2
21:28:45 [A1] heartbeat -> A2
21:28:45 [A1] received SENSOR_DATA from B1
21:28:45 [A1] edge decision = IRRIGATION (soil_moisture 21.9 < 25.0)
21:28:45 [A1] awaiting server durable receipt, SENSOR_DATA queued locally (depth=1)
21:28:45 [A1] command sent to C1 (IRRIGATION 10s, command_id=26002e319c8a, generation=1)
21:28:45 [A1] awaiting server durable receipt, CONTROL_COMMAND queued locally (depth=2)
21:28:45 [A1] ACK received (message_id=26002e319c8a)
21:28:45 [A1] offline queue empty
21:28:45 [A1] heartbeat -> A2
21:28:45 [A1] controller result received (IRRIGATION -> EXECUTED)
21:28:45 [A1] awaiting server durable receipt, CONTROL_RESULT queued locally (depth=1)
21:28:45 [A1] offline queue empty
21:28:45 [A1] B1 disconnected
21:28:45 [A1] C1 disconnected
