21:29:09 [A2] gateway started on 127.0.0.1:56648 (sensor=B2, controller=C2, peer=A1, generation=1, role=ACTIVE)
21:29:09 [A2] connected to server 127.0.0.1:56643
21:29:09 [A2] offline queue empty
21:29:09 [A2] peer link established with A1
21:29:09 [A2] heartbeat -> A1
21:29:09 [A2] C2 registered (owner=A2, generation=1)
21:29:09 [A2] A1 is online
21:29:09 [A2] heartbeat -> A1
21:29:09 [A2] B2 registered (owner=A2, generation=1)
21:29:09 [A2] received SENSOR_DATA from B2
21:29:09 [A2] edge decision = IRRIGATION (soil_moisture 21.9 < 25.0)
21:29:09 [A2] awaiting server durable receipt, SENSOR_DATA queued locally (depth=1)
21:29:09 [A2] command sent to C2 (IRRIGATION 10s, command_id=fa9086262722, generation=1)
21:29:09 [A2] awaiting server durable receipt, CONTROL_COMMAND queued locally (depth=2)
21:29:09 [A2] ACK received (message_id=fa9086262722)
21:29:09 [A2] offline queue empty
21:29:09 [A2] heartbeat -> A1
21:29:09 [A2] heartbeat -> A1
21:29:09 [A2] controller result received (IRRIGATION -> EXECUTED)
21:29:09 [A2] awaiting server durable receipt, CONTROL_RESULT queued locally (depth=1)
21:29:09 [A2] offline queue empty
21:29:09 [A2] received SENSOR_DATA from B2
21:29:09 [A2] edge decision = IRRIGATION (soil_moisture 21.9 < 25.0)
21:29:09 [A2] awaiting server durable receipt, SENSOR_DATA queued locally (depth=1)
21:29:09 [A2] command sent to C2 (IRRIGATION 10s, command_id=32fc4f56987b, generation=1)
21:29:09 [A2] awaiting server durable receipt, CONTROL_COMMAND queued locally (depth=2)
21:29:09 [A2] ACK received (message_id=32fc4f56987b)
21:29:09 [A2] offline queue empty
21:29:09 [A2] heartbeat -> A1
21:29:09 [A2] heartbeat -> A1
21:29:09 [A2] controller result received (IRRIGATION -> EXECUTED)
21:29:09 [A2] awaiting server durable receipt, CONTROL_RESULT queued locally (depth=1)
21:29:09 [A2] offline queue empty
21:29:09 [A2] heartbeat -> A1
21:29:10 [A2] heartbeat -> A1
21:29:10 [A2] heartbeat -> A1
21:29:10 [A2] heartbeat -> A1
21:29:10 [A2] SERVER_POLICY v1 applied (soil<25.0 -> 10s, temp>32.0 -> 5s)
21:29:10 [A2] edge autonomy intact: policy is advisory, control stays local
21:29:10 [A2] received SENSOR_DATA from B2
21:29:10 [A2] edge decision = IRRIGATION (soil_moisture 21.8 < 25.0)
21:29:10 [A2] awaiting server durable receipt, SENSOR_DATA queued locally (depth=1)
21:29:10 [A2] command sent to C2 (IRRIGATION 10s, command_id=0adba427a238, generation=1)
21:29:10 [A2] awaiting server durable receipt, CONTROL_COMMAND queued locally (depth=2)
21:29:10 [A2] ACK received (message_id=0adba427a238)
21:29:10 [A2] offline queue empty
21:29:10 [A2] heartbeat -> A1
21:29:10 [A2] controller result received (IRRIGATION -> EXECUTED)
21:29:10 [A2] awaiting server durable receipt, CONTROL_RESULT queued locally (depth=1)
21:29:10 [A2] offline queue empty
21:29:10 [A2] heartbeat -> A1
21:29:10 [A2] heartbeat -> A1
21:29:10 [A2] heartbeat -> A1
21:29:10 [A2] heartbeat -> A1
21:29:10 [A2] heartbeat -> A1
21:29:10 [A2] received SENSOR_DATA from B2
21:29:10 [A2] edge decision = IRRIGATION (soil_moisture 21.9 < 25.0)
21:29:10 [A2] awaiting server durable receipt, SENSOR_DATA queued locally (depth=1)
21:29:10 [A2] command sent to C2 (IRRIGATION 10s, command_id=3029457aa2ef, generation=1)
21:29:10 [A2] awaiting server durable receipt, CONTROL_COMMAND queued locally (depth=2)
21:29:10 [A2] ACK received (message_id=3029457aa2ef)
21:29:10 [A2] offline queue empty
21:29:10 [A2] heartbeat -> A1
21:29:11 [A2] controller result received (IRRIGATION -> EXECUTED)
21:29:11 [A2] awaiting server durable receipt, CONTROL_RESULT queued locally (depth=1)
21:29:11 [A2] offline queue empty
21:29:11 [A2] heartbeat -> A1
21:29:11 [A2] heartbeat -> A1
21:29:11 [A2] heartbeat -> A1
21:29:11 [A2] heartbeat -> A1
21:29:11 [A2] heartbeat -> A1
21:29:11 [A2] received SENSOR_DATA from B2
21:29:11 [A2] edge decision = IRRIGATION (soil_moisture 22.0 < 25.0)
21:29:11 [A2] awaiting server durable receipt, SENSOR_DATA queued locally (depth=1)
21:29:11 [A2] command sent to C2 (IRRIGATION 10s, command_id=ac9d54a408d4, generation=1)
21:29:11 [A2] awaiting server durable receipt, CONTROL_COMMAND queued locally (depth=2)
21:29:11 [A2] ACK received (message_id=ac9d54a408d4)
21:29:11 [A2] offline queue empty
21:29:11 [A2] heartbeat -> A1
21:29:11 [A2] controller result received (IRRIGATION -> EXECUTED)
21:29:11 [A2] awaiting server durable receipt, CONTROL_RESULT queued locally (depth=1)
21:29:11 [A2] offline queue empty
21:29:11 [A2] heartbeat -> A1
21:29:11 [A2] heartbeat -> A1
21:29:11 [A2] heartbeat -> A1
21:29:11 [A2] heartbeat -> A1
21:29:12 [A2] heartbeat -> A1
21:29:12 [A2] heartbeat -> A1
21:29:12 [A2] heartbeat -> A1
21:29:12 [A2] heartbeat -> A1
21:29:12 [A2] heartbeat -> A1
21:29:12 [A2] received SENSOR_DATA from B2
21:29:12 [A2] edge decision = IRRIGATION (soil_moisture 22.3 < 25.0)
21:29:12 [A2] awaiting server durable receipt, SENSOR_DATA queued locally (depth=1)
21:29:12 [A2] command sent to C2 (IRRIGATION 10s, command_id=9632fceee277, generation=1)
21:29:12 [A2] awaiting server durable receipt, CONTROL_COMMAND queued locally (depth=2)
21:29:12 [A2] ACK received (message_id=9632fceee277)
21:29:12 [A2] offline queue empty
21:29:12 [A2] heartbeat -> A1
21:29:12 [A2] controller result received (IRRIGATION -> EXECUTED)
21:29:12 [A2] awaiting server durable receipt, CONTROL_RESULT queued locally (depth=1)
21:29:12 [A2] offline queue empty
21:29:12 [A2] heartbeat -> A1
21:29:12 [A2] received SENSOR_DATA from B2
21:29:12 [A2] edge decision = IRRIGATION (soil_moisture 22.2 < 25.0)
21:29:12 [A2] awaiting server durable receipt, SENSOR_DATA queued locally (depth=1)
21:29:12 [A2] command sent to C2 (IRRIGATION 10s, command_id=62bd5193693c, generation=1)
21:29:12 [A2] awaiting server durable receipt, CONTROL_COMMAND queued locally (depth=2)
21:29:12 [A2] ACK received (message_id=62bd5193693c)
21:29:12 [A2] offline queue empty
21:29:12 [A2] heartbeat -> A1
21:29:12 [A2] controller result received (IRRIGATION -> EXECUTED)
21:29:12 [A2] awaiting server durable receipt, CONTROL_RESULT queued locally (depth=1)
21:29:12 [A2] offline queue empty
21:29:12 [A2] heartbeat -> A1
21:29:13 [A2] heartbeat -> A1
21:29:13 [A2] heartbeat -> A1
21:29:13 [A2] heartbeat -> A1
21:29:13 [A2] heartbeat -> A1
21:29:13 [A2] received SENSOR_DATA from B2
21:29:13 [A2] edge decision = IRRIGATION (soil_moisture 22.0 < 25.0)
21:29:13 [A2] awaiting server durable receipt, SENSOR_DATA queued locally (depth=1)
21:29:13 [A2] command sent to C2 (IRRIGATION 10s, command_id=b1d9990cec2f, generation=1)
21:29:13 [A2] awaiting server durable receipt, CONTROL_COMMAND queued locally (depth=2)
21:29:13 [A2] ACK received (message_id=b1d9990cec2f)
21:29:13 [A2] offline queue empty
21:29:13 [A2] heartbeat -> A1
21:29:13 [A2] controller result received (IRRIGATION -> EXECUTED)
21:29:13 [A2] awaiting server durable receipt, CONTROL_RESULT queued locally (depth=1)
21:29:13 [A2] offline queue empty
21:29:13 [A2] heartbeat -> A1
21:29:13 [A2] heartbeat -> A1
21:29:13 [A2] heartbeat -> A1
21:29:13 [A2] received SENSOR_DATA from B2
21:29:13 [A2] edge decision = IRRIGATION (soil_moisture 22.0 < 25.0)
21:29:13 [A2] awaiting server durable receipt, SENSOR_DATA queued locally (depth=1)
21:29:13 [A2] command sent to C2 (IRRIGATION 10s, command_id=1ab903aa06ab, generation=1)
21:29:13 [A2] awaiting server durable receipt, CONTROL_COMMAND queued locally (depth=2)
21:29:13 [A2] ACK received (message_id=1ab903aa06ab)
21:29:13 [A2] offline queue empty
21:29:13 [A2] heartbeat -> A1
21:29:13 [A2] controller result received (IRRIGATION -> EXECUTED)
21:29:13 [A2] awaiting server durable receipt, CONTROL_RESULT queued locally (depth=1)
21:29:13 [A2] offline queue empty
21:29:13 [A2] heartbeat -> A1
21:29:14 [A2] heartbeat -> A1
21:29:14 [A2] heartbeat -> A1
21:29:14 [A2] heartbeat -> A1
21:29:14 [A2] heartbeat -> A1
21:29:14 [A2] heartbeat -> A1
21:29:14 [A2] heartbeat -> A1
21:29:14 [A2] heartbeat -> A1
21:29:14 [A2] heartbeat -> A1
21:29:14 [A2] heartbeat -> A1
21:29:14 [A2] heartbeat -> A1
21:29:15 [A2] heartbeat -> A1
21:29:15 [A2] heartbeat -> A1
21:29:15 [A2] heartbeat -> A1
21:29:15 [A2] heartbeat -> A1
21:29:15 [A2] heartbeat -> A1
21:29:15 [A2] heartbeat -> A1
21:29:15 [A2] heartbeat -> A1
21:29:15 [A2] heartbeat -> A1
21:29:15 [A2] heartbeat -> A1
21:29:15 [A2] heartbeat -> A1
21:29:16 [A2] heartbeat -> A1
21:29:16 [A2] heartbeat -> A1
21:29:16 [A2] received SENSOR_DATA from B2
21:29:16 [A2] edge decision = IRRIGATION (soil_moisture 21.9 < 25.0)
21:29:16 [A2] awaiting server durable receipt, SENSOR_DATA queued locally (depth=1)
21:29:16 [A2] command sent to C2 (IRRIGATION 10s, command_id=1c5a3ccf7fdc, generation=1)
21:29:16 [A2] awaiting server durable receipt, CONTROL_COMMAND queued locally (depth=2)
21:29:16 [A2] ACK received (message_id=1c5a3ccf7fdc)
21:29:16 [A2] offline queue empty
21:29:16 [A2] heartbeat -> A1
21:29:16 [A2] controller result received (IRRIGATION -> EXECUTED)
21:29:16 [A2] awaiting server durable receipt, CONTROL_RESULT queued locally (depth=1)
21:29:16 [A2] offline queue empty
21:29:16 [A2] heartbeat -> A1
21:29:16 [A2] heartbeat -> A1
21:29:16 [A2] heartbeat -> A1
21:29:16 [A2] heartbeat -> A1
21:29:16 [A2] heartbeat -> A1
21:29:16 [A2] heartbeat -> A1
21:29:16 [A2] heartbeat -> A1
21:29:17 [A2] received SENSOR_DATA from B2
21:29:17 [A2] edge decision = IRRIGATION (soil_moisture 21.6 < 25.0)
21:29:17 [A2] awaiting server durable receipt, SENSOR_DATA queued locally (depth=1)
21:29:17 [A2] command sent to C2 (IRRIGATION 10s, command_id=dc862ad63a67, generation=1)
21:29:17 [A2] awaiting server durable receipt, CONTROL_COMMAND queued locally (depth=2)
21:29:17 [A2] ACK received (message_id=dc862ad63a67)
21:29:17 [A2] offline queue empty
21:29:17 [A2] heartbeat -> A1
21:29:17 [A2] controller result received (IRRIGATION -> EXECUTED)
21:29:17 [A2] awaiting server durable receipt, CONTROL_RESULT queued locally (depth=1)
21:29:17 [A2] offline queue empty
21:29:17 [A2] heartbeat -> A1
21:29:17 [A2] heartbeat -> A1
21:29:17 [A2] heartbeat -> A1
21:29:17 [A2] heartbeat -> A1
21:29:17 [A2] heartbeat -> A1
21:29:17 [A2] heartbeat -> A1
21:29:17 [A2] heartbeat -> A1
21:29:17 [A2] received SENSOR_DATA from B2
21:29:17 [A2] edge decision = IRRIGATION (soil_moisture 21.7 < 25.0)
21:29:17 [A2] awaiting server durable receipt, SENSOR_DATA queued locally (depth=1)
21:29:17 [A2] command sent to C2 (IRRIGATION 10s, command_id=8bf30eed76ad, generation=1)
21:29:17 [A2] awaiting server durable receipt, CONTROL_COMMAND queued locally (depth=2)
21:29:17 [A2] ACK received (message_id=8bf30eed76ad)
21:29:17 [A2] offline queue empty
21:29:17 [A2] heartbeat -> A1
21:29:17 [A2] controller result received (IRRIGATION -> EXECUTED)
21:29:17 [A2] awaiting server durable receipt, CONTROL_RESULT queued locally (depth=1)
21:29:17 [A2] offline queue empty
21:29:17 [A2] heartbeat -> A1
21:29:18 [A2] heartbeat -> A1
21:29:18 [A2] heartbeat -> A1
21:29:18 [A2] heartbeat -> A1
21:29:18 [A2] heartbeat -> A1
21:29:18 [A2] heartbeat -> A1
21:29:18 [A2] heartbeat -> A1
21:29:18 [A2] heartbeat -> A1
21:29:18 [A2] heartbeat -> A1
21:29:18 [A2] heartbeat -> A1
21:29:19 [A2] heartbeat -> A1
21:29:19 [A2] heartbeat -> A1
21:29:19 [A2] heartbeat -> A1
21:29:19 [A2] heartbeat -> A1
21:29:19 [A2] heartbeat -> A1
21:29:19 [A2] heartbeat -> A1
21:29:19 [A2] heartbeat -> A1
21:29:19 [A2] received SENSOR_DATA from B2
21:29:19 [A2] edge decision = IRRIGATION (soil_moisture 21.6 < 25.0)
21:29:19 [A2] awaiting server durable receipt, SENSOR_DATA queued locally (depth=1)
21:29:19 [A2] command sent to C2 (IRRIGATION 10s, command_id=549aa080a6a0, generation=1)
21:29:19 [A2] awaiting server durable receipt, CONTROL_COMMAND queued locally (depth=2)
21:29:19 [A2] ACK received (message_id=549aa080a6a0)
21:29:19 [A2] offline queue empty
21:29:19 [A2] heartbeat -> A1
21:29:19 [A2] controller result received (IRRIGATION -> EXECUTED)
21:29:19 [A2] awaiting server durable receipt, CONTROL_RESULT queued locally (depth=1)
21:29:19 [A2] offline queue empty
21:29:19 [A2] heartbeat -> A1
21:29:19 [A2] heartbeat -> A1
21:29:20 [A2] heartbeat -> A1
21:29:20 [A2] received SENSOR_DATA from B2
21:29:20 [A2] edge decision = IRRIGATION (soil_moisture 21.7 < 25.0)
21:29:20 [A2] awaiting server durable receipt, SENSOR_DATA queued locally (depth=1)
21:29:20 [A2] command sent to C2 (IRRIGATION 10s, command_id=9859053b856d, generation=1)
21:29:20 [A2] awaiting server durable receipt, CONTROL_COMMAND queued locally (depth=2)
21:29:20 [A2] ACK received (message_id=9859053b856d)
21:29:20 [A2] offline queue empty
21:29:20 [A2] heartbeat -> A1
21:29:20 [A2] controller result received (IRRIGATION -> EXECUTED)
21:29:20 [A2] awaiting server durable receipt, CONTROL_RESULT queued locally (depth=1)
21:29:20 [A2] offline queue empty
21:29:20 [A2] heartbeat -> A1
21:29:20 [A2] SERVER_POLICY v2 applied (soil<25.0 -> 10s, temp>32.0 -> 5s)
21:29:20 [A2] edge autonomy intact: policy is advisory, control stays local
21:29:20 [A2] heartbeat -> A1
21:29:20 [A2] heartbeat -> A1
21:29:20 [A2] heartbeat -> A1
21:29:20 [A2] heartbeat -> A1
21:29:20 [A2] received SENSOR_DATA from B2
21:29:20 [A2] edge decision = IRRIGATION (soil_moisture 21.8 < 25.0)
21:29:20 [A2] awaiting server durable receipt, SENSOR_DATA queued locally (depth=1)
21:29:20 [A2] command sent to C2 (IRRIGATION 10s, command_id=f764121ef646, generation=1)
21:29:20 [A2] awaiting server durable receipt, CONTROL_COMMAND queued locally (depth=2)
21:29:20 [A2] ACK received (message_id=f764121ef646)
21:29:20 [A2] offline queue empty
21:29:20 [A2] heartbeat -> A1
21:29:20 [A2] controller result received (IRRIGATION -> EXECUTED)
21:29:20 [A2] awaiting server durable receipt, CONTROL_RESULT queued locally (depth=1)
21:29:20 [A2] offline queue empty
21:29:20 [A2] heartbeat -> A1
21:29:20 [A2] heartbeat -> A1
21:29:21 [A2] heartbeat -> A1
21:29:21 [A2] received SENSOR_DATA from B2
21:29:21 [A2] edge decision = IRRIGATION (soil_moisture 21.8 < 25.0)
21:29:21 [A2] awaiting server durable receipt, SENSOR_DATA queued locally (depth=1)
21:29:21 [A2] command sent to C2 (IRRIGATION 10s, command_id=047d9ec2df67, generation=1)
21:29:21 [A2] awaiting server durable receipt, CONTROL_COMMAND queued locally (depth=2)
21:29:21 [A2] ACK received (message_id=047d9ec2df67)
21:29:21 [A2] offline queue empty
21:29:21 [A2] heartbeat -> A1
21:29:21 [A2] controller result received (IRRIGATION -> EXECUTED)
21:29:21 [A2] awaiting server durable receipt, CONTROL_RESULT queued locally (depth=1)
21:29:21 [A2] offline queue empty
21:29:21 [A2] B2 disconnected
21:29:21 [A2] C2 disconnected
