12:34:21 [A1] gateway started on 127.0.0.1:54356 (sensor=B1, controller=C1, peer=A2, generation=1, role=ACTIVE)
12:34:21 [A1] connected to server 127.0.0.1:54353
12:34:21 [A1] peer link established with A2
12:34:21 [A1] heartbeat -> A2
12:34:21 [A1] offline queue empty
12:34:21 [A1] B1 registered (owner=A1, generation=1)
12:34:21 [A1] received SENSOR_DATA from B1
12:34:21 [A1] edge decision = IRRIGATION (soil_moisture 21.9 < 25.0)
12:34:21 [A1] awaiting server durable receipt, SENSOR_DATA queued locally (depth=1)
12:34:21 [A1] offline queue empty
12:34:21 [A1] awaiting server durable receipt, CONTROL_RESULT queued locally (depth=1)
12:34:21 [A1] offline queue empty
12:34:21 [A1] C1 registered (owner=A1, generation=1)
12:34:21 [A1] A2 is online
12:34:21 [A1] heartbeat -> A2
12:34:21 [A1] heartbeat to A2 failed, reconnecting
12:34:21 [A1] received SENSOR_DATA from B1
12:34:21 [A1] edge decision = IRRIGATION (soil_moisture 22.1 < 25.0)
12:34:21 [A1] awaiting server durable receipt, SENSOR_DATA queued locally (depth=1)
12:34:21 [A1] command sent to C1 (IRRIGATION 10s, command_id=243c099d264c, generation=1)
12:34:21 [A1] offline queue empty
12:34:21 [A1] awaiting server durable receipt, CONTROL_COMMAND queued locally (depth=1)
12:34:21 [A1] offline queue empty
12:34:22 [A1] peer link established with A2
12:34:22 [A1] heartbeat -> A2
12:34:22 [A1] heartbeat -> A2
12:34:22 [A1] ACK timeout for command_id=243c099d264c, retry 1/3
12:34:22 [A1] command sent to C1 (IRRIGATION 10s, command_id=243c099d264c, generation=1)
12:34:22 [A1] awaiting server durable receipt, CONTROL_COMMAND queued locally (depth=1)
12:34:22 [A1] ACK received (message_id=243c099d264c)
12:34:22 [A1] offline queue empty
12:34:22 [A1] heartbeat -> A2
12:34:22 [A1] controller result received (IRRIGATION -> EXECUTED)
12:34:22 [A1] awaiting server durable receipt, CONTROL_RESULT queued locally (depth=1)
12:34:22 [A1] offline queue empty
12:34:22 [A1] heartbeat -> A2
12:34:22 [A1] received SENSOR_DATA from B1
12:34:22 [A1] edge decision = IRRIGATION (soil_moisture 22.0 < 25.0)
12:34:22 [A1] awaiting server durable receipt, SENSOR_DATA queued locally (depth=1)
12:34:22 [A1] command sent to C1 (IRRIGATION 10s, command_id=910db230f0cf, generation=1)
12:34:22 [A1] ACK received (message_id=910db230f0cf)
12:34:22 [A1] offline queue empty
12:34:22 [A1] awaiting server durable receipt, CONTROL_COMMAND queued locally (depth=1)
12:34:22 [A1] offline queue empty
12:34:22 [A1] heartbeat -> A2
12:34:22 [A1] controller result received (IRRIGATION -> EXECUTED)
12:34:22 [A1] awaiting server durable receipt, CONTROL_RESULT queued locally (depth=1)
12:34:22 [A1] offline queue empty
12:34:22 [A1] heartbeat -> A2
12:34:22 [A1] heartbeat -> A2
12:34:22 [A1] SERVER_POLICY v1 applied (soil<25.0 -> 10s, temp>32.0 -> 5s)
12:34:22 [A1] edge autonomy intact: policy is advisory, control stays local
12:34:22 [A1] heartbeat -> A2
12:34:22 [A1] received SENSOR_DATA from B1
12:34:22 [A1] edge decision = IRRIGATION (soil_moisture 22.1 < 25.0)
12:34:22 [A1] awaiting server durable receipt, SENSOR_DATA queued locally (depth=1)
12:34:22 [A1] command sent to C1 (IRRIGATION 10s, command_id=fb813f300fa5, generation=1)
12:34:22 [A1] ACK received (message_id=fb813f300fa5)
12:34:22 [A1] offline queue empty
12:34:22 [A1] awaiting server durable receipt, CONTROL_COMMAND queued locally (depth=1)
12:34:22 [A1] offline queue empty
12:34:22 [A1] heartbeat -> A2
12:34:22 [A1] controller result received (IRRIGATION -> EXECUTED)
12:34:22 [A1] awaiting server durable receipt, CONTROL_RESULT queued locally (depth=1)
12:34:22 [A1] offline queue empty
12:34:22 [A1] heartbeat -> A2
12:34:23 [A1] heartbeat -> A2
12:34:23 [A1] heartbeat -> A2
12:34:23 [A1] received SENSOR_DATA from B1
12:34:23 [A1] edge decision = IRRIGATION (soil_moisture 22.0 < 25.0)
12:34:23 [A1] awaiting server durable receipt, SENSOR_DATA queued locally (depth=1)
12:34:23 [A1] command sent to C1 (IRRIGATION 10s, command_id=e7b54585abae, generation=1)
12:34:23 [A1] ACK received (message_id=e7b54585abae)
12:34:23 [A1] offline queue empty
12:34:23 [A1] awaiting server durable receipt, CONTROL_COMMAND queued locally (depth=1)
12:34:23 [A1] offline queue empty
12:34:23 [A1] heartbeat -> A2
12:34:23 [A1] controller result received (IRRIGATION -> EXECUTED)
12:34:23 [A1] awaiting server durable receipt, CONTROL_RESULT queued locally (depth=1)
12:34:23 [A1] offline queue empty
12:34:23 [A1] heartbeat -> A2
12:34:23 [A1] heartbeat -> A2
12:34:23 [A1] heartbeat -> A2
12:34:23 [A1] received SENSOR_DATA from B1
12:34:23 [A1] edge decision = IRRIGATION (soil_moisture 22.1 < 25.0)
12:34:23 [A1] awaiting server durable receipt, SENSOR_DATA queued locally (depth=1)
12:34:23 [A1] command sent to C1 (IRRIGATION 10s, command_id=1e85f3ad7505, generation=1)
12:34:23 [A1] ACK received (message_id=1e85f3ad7505)
12:34:23 [A1] offline queue empty
12:34:23 [A1] awaiting server durable receipt, CONTROL_COMMAND queued locally (depth=1)
12:34:23 [A1] offline queue empty
12:34:23 [A1] heartbeat -> A2
12:34:23 [A1] controller result received (IRRIGATION -> EXECUTED)
12:34:23 [A1] awaiting server durable receipt, CONTROL_RESULT queued locally (depth=1)
12:34:23 [A1] offline queue empty
12:34:23 [A1] heartbeat -> A2
12:34:23 [A1] heartbeat -> A2
12:34:23 [A1] heartbeat -> A2
12:34:23 [A1] received SENSOR_DATA from B1
12:34:23 [A1] edge decision = IRRIGATION (soil_moisture 21.9 < 25.0)
12:34:23 [A1] awaiting server durable receipt, SENSOR_DATA queued locally (depth=1)
12:34:23 [A1] command sent to C1 (IRRIGATION 10s, command_id=7c970e421f74, generation=1)
12:34:23 [A1] ACK received (message_id=7c970e421f74)
12:34:23 [A1] offline queue empty
12:34:23 [A1] awaiting server durable receipt, CONTROL_COMMAND queued locally (depth=1)
12:34:24 [A1] offline queue empty
12:34:24 [A1] heartbeat -> A2
12:34:24 [A1] controller result received (IRRIGATION -> EXECUTED)
12:34:24 [A1] awaiting server durable receipt, CONTROL_RESULT queued locally (depth=1)
12:34:24 [A1] offline queue empty
12:34:24 [A1] heartbeat -> A2
12:34:24 [A1] heartbeat -> A2
12:34:24 [A1] heartbeat -> A2
12:34:24 [A1] heartbeat -> A2
12:34:24 [A1] heartbeat -> A2
12:34:24 [A1] received SENSOR_DATA from B1
12:34:24 [A1] edge decision = IRRIGATION (soil_moisture 21.8 < 25.0)
12:34:24 [A1] awaiting server durable receipt, SENSOR_DATA queued locally (depth=1)
12:34:24 [A1] command sent to C1 (IRRIGATION 10s, command_id=9e3dd4849799, generation=1)
12:34:24 [A1] ACK received (message_id=9e3dd4849799)
12:34:24 [A1] offline queue empty
12:34:24 [A1] awaiting server durable receipt, CONTROL_COMMAND queued locally (depth=1)
12:34:24 [A1] offline queue empty
12:34:24 [A1] heartbeat -> A2
12:34:24 [A1] controller result received (IRRIGATION -> EXECUTED)
12:34:24 [A1] awaiting server durable receipt, CONTROL_RESULT queued locally (depth=1)
12:34:24 [A1] offline queue empty
12:34:24 [A1] heartbeat -> A2
12:34:24 [A1] heartbeat -> A2
12:34:25 [A1] heartbeat -> A2
12:34:25 [A1] received SENSOR_DATA from B1
12:34:25 [A1] edge decision = IRRIGATION (soil_moisture 21.7 < 25.0)
12:34:25 [A1] awaiting server durable receipt, SENSOR_DATA queued locally (depth=1)
12:34:25 [A1] command sent to C1 (IRRIGATION 10s, command_id=01dac8112b6a, generation=1)
12:34:25 [A1] ACK received (message_id=01dac8112b6a)
12:34:25 [A1] offline queue empty
12:34:25 [A1] awaiting server durable receipt, CONTROL_COMMAND queued locally (depth=1)
12:34:25 [A1] offline queue empty
12:34:25 [A1] heartbeat -> A2
12:34:25 [A1] controller result received (IRRIGATION -> EXECUTED)
12:34:25 [A1] awaiting server durable receipt, CONTROL_RESULT queued locally (depth=1)
12:34:25 [A1] offline queue empty
12:34:25 [A1] heartbeat -> A2
12:34:25 [A1] heartbeat -> A2
12:34:25 [A1] heartbeat -> A2
12:34:25 [A1] heartbeat -> A2
12:34:25 [A1] heartbeat -> A2
12:34:25 [A1] heartbeat -> A2
12:34:25 [A1] heartbeat -> A2
12:34:25 [A1] received SENSOR_DATA from B1
12:34:25 [A1] edge decision = IRRIGATION (soil_moisture 21.7 < 25.0)
12:34:25 [A1] awaiting server durable receipt, SENSOR_DATA queued locally (depth=1)
12:34:25 [A1] command sent to C1 (IRRIGATION 10s, command_id=0529d797d3cf, generation=1)
12:34:25 [A1] ACK received (message_id=0529d797d3cf)
12:34:25 [A1] offline queue empty
12:34:25 [A1] awaiting server durable receipt, CONTROL_COMMAND queued locally (depth=1)
12:34:25 [A1] offline queue empty
12:34:25 [A1] heartbeat -> A2
12:34:25 [A1] controller result received (IRRIGATION -> EXECUTED)
12:34:25 [A1] awaiting server durable receipt, CONTROL_RESULT queued locally (depth=1)
12:34:25 [A1] offline queue empty
12:34:26 [A1] heartbeat -> A2
12:34:26 [A1] heartbeat -> A2
12:34:26 [A1] received SENSOR_DATA from B1
12:34:26 [A1] edge decision = IRRIGATION (soil_moisture 21.7 < 25.0)
12:34:26 [A1] awaiting server durable receipt, SENSOR_DATA queued locally (depth=1)
12:34:26 [A1] command sent to C1 (IRRIGATION 10s, command_id=6739c81ab7cf, generation=1)
12:34:26 [A1] heartbeat -> A2
12:34:26 [A1] ACK received (message_id=6739c81ab7cf)
12:34:26 [A1] offline queue empty
12:34:26 [A1] awaiting server durable receipt, CONTROL_COMMAND queued locally (depth=1)
12:34:26 [A1] offline queue empty
12:34:26 [A1] heartbeat -> A2
12:34:26 [A1] controller result received (IRRIGATION -> EXECUTED)
12:34:26 [A1] awaiting server durable receipt, CONTROL_RESULT queued locally (depth=1)
12:34:26 [A1] offline queue empty
12:34:26 [A1] heartbeat -> A2
12:34:26 [A1] heartbeat -> A2
12:34:26 [A1] received SENSOR_DATA from B1
12:34:26 [A1] edge decision = IRRIGATION (soil_moisture 21.7 < 25.0)
12:34:26 [A1] awaiting server durable receipt, SENSOR_DATA queued locally (depth=1)
12:34:26 [A1] command sent to C1 (IRRIGATION 10s, command_id=d2bad5d8f391, generation=1)
12:34:26 [A1] heartbeat -> A2
12:34:26 [A1] ACK received (message_id=d2bad5d8f391)
12:34:26 [A1] offline queue empty
12:34:26 [A1] awaiting server durable receipt, CONTROL_COMMAND queued locally (depth=1)
12:34:26 [A1] offline queue empty
12:34:26 [A1] heartbeat -> A2
12:34:26 [A1] controller result received (IRRIGATION -> EXECUTED)
12:34:26 [A1] awaiting server durable receipt, CONTROL_RESULT queued locally (depth=1)
12:34:26 [A1] offline queue empty
12:34:26 [A1] heartbeat -> A2
12:34:26 [A1] heartbeat -> A2
12:34:27 [A1] heartbeat -> A2
12:34:27 [A1] heartbeat -> A2
12:34:27 [A1] received SENSOR_DATA from B1
12:34:27 [A1] edge decision = IRRIGATION (soil_moisture 21.7 < 25.0)
12:34:27 [A1] awaiting server durable receipt, SENSOR_DATA queued locally (depth=1)
12:34:27 [A1] command sent to C1 (IRRIGATION 10s, command_id=3c79b2671ed5, generation=1)
12:34:27 [A1] ACK received (message_id=3c79b2671ed5)
12:34:27 [A1] offline queue empty
12:34:27 [A1] awaiting server durable receipt, CONTROL_COMMAND queued locally (depth=1)
12:34:27 [A1] heartbeat -> A2
12:34:27 [A1] offline queue empty
12:34:27 [A1] heartbeat -> A2
12:34:27 [A1] controller result received (IRRIGATION -> EXECUTED)
12:34:27 [A1] awaiting server durable receipt, CONTROL_RESULT queued locally (depth=1)
12:34:27 [A1] offline queue empty
12:34:27 [A1] heartbeat -> A2
12:34:27 [A1] heartbeat -> A2
12:34:27 [A1] heartbeat -> A2
12:34:27 [A1] heartbeat -> A2
12:34:27 [A1] heartbeat -> A2
12:34:27 [A1] heartbeat -> A2
12:34:28 [A1] heartbeat -> A2
12:34:28 [A1] heartbeat -> A2
12:34:28 [A1] heartbeat -> A2
12:34:28 [A1] heartbeat -> A2
12:34:28 [A1] heartbeat -> A2
12:34:28 [A1] heartbeat -> A2
12:34:28 [A1] received SENSOR_DATA from B1
12:34:28 [A1] edge decision = IRRIGATION (soil_moisture 21.7 < 25.0)
12:34:28 [A1] awaiting server durable receipt, SENSOR_DATA queued locally (depth=1)
12:34:28 [A1] command sent to C1 (IRRIGATION 10s, command_id=71763e6be604, generation=1)
12:34:28 [A1] ACK received (message_id=71763e6be604)
12:34:28 [A1] offline queue empty
12:34:28 [A1] awaiting server durable receipt, CONTROL_COMMAND queued locally (depth=1)
12:34:28 [A1] offline queue empty
12:34:28 [A1] heartbeat -> A2
12:34:28 [A1] controller result received (IRRIGATION -> EXECUTED)
12:34:28 [A1] awaiting server durable receipt, CONTROL_RESULT queued locally (depth=1)
12:34:28 [A1] offline queue empty
12:34:28 [A1] heartbeat -> A2
12:34:28 [A1] heartbeat -> A2
12:34:28 [A1] heartbeat -> A2
12:34:29 [A1] heartbeat -> A2
12:34:29 [A1] heartbeat -> A2
12:34:29 [A1] heartbeat -> A2
12:34:29 [A1] heartbeat -> A2
12:34:29 [A1] heartbeat -> A2
12:34:29 [A1] heartbeat -> A2
12:34:29 [A1] heartbeat -> A2
12:34:29 [A1] heartbeat -> A2
12:34:29 [A1] received SENSOR_DATA from B1
12:34:29 [A1] edge decision = IRRIGATION (soil_moisture 21.6 < 25.0)
12:34:29 [A1] awaiting server durable receipt, SENSOR_DATA queued locally (depth=1)
12:34:29 [A1] command sent to C1 (IRRIGATION 10s, command_id=03b52ccdef12, generation=1)
12:34:29 [A1] ACK received (message_id=03b52ccdef12)
12:34:29 [A1] offline queue empty
12:34:29 [A1] awaiting server durable receipt, CONTROL_COMMAND queued locally (depth=1)
12:34:29 [A1] offline queue empty
12:34:29 [A1] heartbeat -> A2
12:34:29 [A1] controller result received (IRRIGATION -> EXECUTED)
12:34:29 [A1] awaiting server durable receipt, CONTROL_RESULT queued locally (depth=1)
12:34:29 [A1] offline queue empty
12:34:29 [A1] heartbeat -> A2
12:34:30 [A1] heartbeat -> A2
12:34:30 [A1] heartbeat -> A2
12:34:30 [A1] received SENSOR_DATA from B1
12:34:30 [A1] edge decision = IRRIGATION (soil_moisture 21.6 < 25.0)
12:34:30 [A1] awaiting server durable receipt, SENSOR_DATA queued locally (depth=1)
12:34:30 [A1] command sent to C1 (IRRIGATION 10s, command_id=bf2c01bfa566, generation=1)
12:34:30 [A1] ACK received (message_id=bf2c01bfa566)
12:34:30 [A1] offline queue empty
12:34:30 [A1] awaiting server durable receipt, CONTROL_COMMAND queued locally (depth=1)
12:34:30 [A1] offline queue empty
12:34:30 [A1] heartbeat -> A2
12:34:30 [A1] controller result received (IRRIGATION -> EXECUTED)
12:34:30 [A1] awaiting server durable receipt, CONTROL_RESULT queued locally (depth=1)
12:34:30 [A1] offline queue empty
12:34:30 [A1] heartbeat -> A2
12:34:30 [A1] heartbeat -> A2
12:34:30 [A1] heartbeat -> A2
12:34:30 [A1] heartbeat -> A2
12:34:30 [A1] heartbeat -> A2
12:34:30 [A1] heartbeat -> A2
12:34:31 [A1] heartbeat -> A2
12:34:31 [A1] received SENSOR_DATA from B1
12:34:31 [A1] edge decision = IRRIGATION (soil_moisture 21.9 < 25.0)
12:34:31 [A1] awaiting server durable receipt, SENSOR_DATA queued locally (depth=1)
12:34:31 [A1] command sent to C1 (IRRIGATION 10s, command_id=36930ede9b67, generation=1)
12:34:31 [A1] ACK received (message_id=36930ede9b67)
12:34:31 [A1] offline queue empty
12:34:31 [A1] awaiting server durable receipt, CONTROL_COMMAND queued locally (depth=1)
12:34:31 [A1] offline queue empty
12:34:31 [A1] heartbeat -> A2
12:34:31 [A1] controller result received (IRRIGATION -> EXECUTED)
12:34:31 [A1] awaiting server durable receipt, CONTROL_RESULT queued locally (depth=1)
12:34:31 [A1] offline queue empty
12:34:31 [A1] heartbeat -> A2
12:34:31 [A1] heartbeat -> A2
12:34:31 [A1] heartbeat -> A2
12:34:31 [A1] heartbeat -> A2
12:34:31 [A1] heartbeat -> A2
12:34:31 [A1] heartbeat -> A2
12:34:31 [A1] heartbeat -> A2
12:34:31 [A1] heartbeat -> A2
12:34:32 [A1] heartbeat -> A2
12:34:32 [A1] heartbeat -> A2
12:34:32 [A1] heartbeat -> A2
12:34:32 [A1] received SENSOR_DATA from B1
12:34:32 [A1] edge decision = IRRIGATION (soil_moisture 22.0 < 25.0)
12:34:32 [A1] awaiting server durable receipt, SENSOR_DATA queued locally (depth=1)
12:34:32 [A1] command sent to C1 (IRRIGATION 10s, command_id=ef78d9d30d23, generation=1)
12:34:32 [A1] ACK received (message_id=ef78d9d30d23)
12:34:32 [A1] offline queue empty
12:34:32 [A1] awaiting server durable receipt, CONTROL_COMMAND queued locally (depth=1)
12:34:32 [A1] offline queue empty
12:34:32 [A1] heartbeat -> A2
12:34:32 [A1] controller result received (IRRIGATION -> EXECUTED)
12:34:32 [A1] awaiting server durable receipt, CONTROL_RESULT queued locally (depth=1)
12:34:32 [A1] offline queue empty
12:34:32 [A1] heartbeat -> A2
12:34:32 [A1] heartbeat -> A2
12:34:32 [A1] heartbeat -> A2
12:34:32 [A1] SERVER_POLICY v2 applied (soil<25.0 -> 10s, temp>32.0 -> 5s)
12:34:32 [A1] edge autonomy intact: policy is advisory, control stays local
12:34:32 [A1] heartbeat -> A2
12:34:32 [A1] heartbeat -> A2
12:34:32 [A1] heartbeat -> A2
12:34:33 [A1] heartbeat -> A2
12:34:33 [A1] received SENSOR_DATA from B1
12:34:33 [A1] edge decision = IRRIGATION (soil_moisture 22.1 < 25.0)
12:34:33 [A1] awaiting server durable receipt, SENSOR_DATA queued locally (depth=1)
12:34:33 [A1] command sent to C1 (IRRIGATION 10s, command_id=00549c1f07fd, generation=1)
12:34:33 [A1] ACK received (message_id=00549c1f07fd)
12:34:33 [A1] offline queue empty
12:34:33 [A1] awaiting server durable receipt, CONTROL_COMMAND queued locally (depth=1)
12:34:33 [A1] offline queue empty
12:34:33 [A1] heartbeat -> A2
12:34:33 [A1] controller result received (IRRIGATION -> EXECUTED)
12:34:33 [A1] awaiting server durable receipt, CONTROL_RESULT queued locally (depth=1)
12:34:33 [A1] offline queue empty
12:34:33 [A1] heartbeat -> A2
12:34:33 [A1] heartbeat -> A2
12:34:33 [A1] heartbeat -> A2
12:34:33 [A1] received SENSOR_DATA from B1
12:34:33 [A1] edge decision = IRRIGATION (soil_moisture 21.9 < 25.0)
12:34:33 [A1] awaiting server durable receipt, SENSOR_DATA queued locally (depth=1)
12:34:33 [A1] command sent to C1 (IRRIGATION 10s, command_id=2c466004029f, generation=1)
12:34:33 [A1] ACK received (message_id=2c466004029f)
12:34:33 [A1] offline queue empty
12:34:33 [A1] awaiting server durable receipt, CONTROL_COMMAND queued locally (depth=1)
12:34:33 [A1] offline queue empty
12:34:33 [A1] heartbeat -> A2
12:34:33 [A1] B1 disconnected
12:34:33 [A1] C1 disconnected
