12:33:45 [C1] connected to gateway A1 (127.0.0.1)
12:33:45 [C1] NODE_REGISTER sent to A1 (attempt 1)
12:33:45 [C1] connection to A1 lost, re-registering elsewhere
12:33:45 [C1] connected to gateway A2 (127.0.0.1)
12:33:45 [C1] NODE_REGISTER sent to A2 (attempt 1)
12:33:45 [C1] connection to A2 lost, re-registering elsewhere
12:33:45 [C1] connected to gateway A1 (127.0.0.1)
12:33:45 [C1] NODE_REGISTER sent to A1 (attempt 1)
12:33:45 [C1] registered with A1 (generation=1)
12:33:45 [C1] IRRIGATION command received (command_id=aecc8a0a9324, duration=10s, generation=1)
12:33:45 [C1] ACK sent (command_id=aecc8a0a9324)
12:33:45 [C1] safety check passed
12:33:45 [C1] irrigation executed
12:33:45 [C1] CONTROL_RESULT sent to A1
12:33:46 [C1] IRRIGATION command received (command_id=736d73259914, duration=10s, generation=1)
12:33:46 [C1] ACK sent (command_id=736d73259914)
12:33:46 [C1] safety check passed
12:33:46 [C1] irrigation executed
12:33:46 [C1] CONTROL_RESULT sent to A1
12:33:46 [C1] IRRIGATION command received (command_id=8a99c4e1eed5, duration=10s, generation=1)
12:33:46 [C1] ACK sent (command_id=8a99c4e1eed5)
12:33:46 [C1] safety check passed
12:33:46 [C1] irrigation executed
12:33:46 [C1] CONTROL_RESULT sent to A1
12:33:46 [C1] IRRIGATION command received (command_id=b0d8a894c7e1, duration=10s, generation=1)
12:33:46 [C1] ACK sent (command_id=b0d8a894c7e1)
12:33:46 [C1] safety check passed
12:33:46 [C1] irrigation executed
12:33:46 [C1] CONTROL_RESULT sent to A1
12:33:47 [C1] IRRIGATION command received (command_id=f7a9169a5f56, duration=10s, generation=1)
12:33:47 [C1] ACK sent (command_id=f7a9169a5f56)
12:33:47 [C1] safety check passed
12:33:47 [C1] irrigation executed
12:33:47 [C1] CONTROL_RESULT sent to A1
12:33:47 [C1] IRRIGATION command received (command_id=385974f90dbd, duration=10s, generation=1)
12:33:47 [C1] ACK sent (command_id=385974f90dbd)
12:33:47 [C1] safety check passed
12:33:47 [C1] irrigation executed
12:33:47 [C1] CONTROL_RESULT sent to A1
12:33:48 [C1] IRRIGATION command received (command_id=26a69564c4f8, duration=10s, generation=1)
12:33:48 [C1] ACK sent (command_id=26a69564c4f8)
12:33:48 [C1] safety check passed
12:33:48 [C1] irrigation executed
12:33:48 [C1] CONTROL_RESULT sent to A1
12:33:48 [C1] IRRIGATION command received (command_id=90931cff8117, duration=10s, generation=1)
12:33:48 [C1] ACK sent (command_id=90931cff8117)
12:33:48 [C1] safety check passed
12:33:48 [C1] irrigation executed
12:33:48 [C1] CONTROL_RESULT sent to A1
12:33:49 [C1] IRRIGATION command received (command_id=60f94ef28539, duration=10s, generation=1)
12:33:49 [C1] ACK sent (command_id=60f94ef28539)
12:33:49 [C1] safety check passed
12:33:49 [C1] irrigation executed
12:33:49 [C1] CONTROL_RESULT sent to A1
12:33:49 [C1] IRRIGATION command received (command_id=e93d864ce92b, duration=10s, generation=1)
12:33:49 [C1] ACK sent (command_id=e93d864ce92b)
12:33:49 [C1] safety check passed
12:33:49 [C1] irrigation executed
12:33:49 [C1] CONTROL_RESULT sent to A1
12:33:50 [C1] IRRIGATION command received (command_id=40e1a5147df7, duration=10s, generation=1)
12:33:50 [C1] ACK sent (command_id=40e1a5147df7)
12:33:50 [C1] safety check passed
12:33:50 [C1] irrigation executed
12:33:50 [C1] CONTROL_RESULT sent to A1
12:33:50 [C1] IRRIGATION command received (command_id=918315eb5c35, duration=10s, generation=1)
12:33:50 [C1] ACK sent (command_id=918315eb5c35)
12:33:50 [C1] safety check passed
12:33:50 [C1] irrigation executed
12:33:50 [C1] CONTROL_RESULT sent to A1
12:33:51 [C1] IRRIGATION command received (command_id=f0699b4d6267, duration=10s, generation=1)
12:33:51 [C1] ACK sent (command_id=f0699b4d6267)
12:33:51 [C1] safety check passed
12:33:51 [C1] irrigation executed
12:33:51 [C1] CONTROL_RESULT sent to A1
12:33:52 [C1] IRRIGATION command received (command_id=84bdca66c713, duration=10s, generation=1)
12:33:52 [C1] ACK sent (command_id=84bdca66c713)
12:33:52 [C1] safety check passed
12:33:52 [C1] irrigation executed
12:33:52 [C1] CONTROL_RESULT sent to A1
12:33:53 [C1] IRRIGATION command received (command_id=bdc96dac43b3, duration=10s, generation=1)
12:33:53 [C1] ACK sent (command_id=bdc96dac43b3)
12:33:53 [C1] safety check passed
12:33:54 [C1] irrigation executed
12:33:54 [C1] CONTROL_RESULT sent to A1
12:33:54 [C1] IRRIGATION command received (command_id=84a0f5215438, duration=10s, generation=1)
12:33:54 [C1] ACK sent (command_id=84a0f5215438)
12:33:54 [C1] safety check passed
12:33:54 [C1] irrigation executed
12:33:54 [C1] CONTROL_RESULT sent to A1
12:33:55 [C1] IRRIGATION command received (command_id=740af8a7fd21, duration=10s, generation=1)
12:33:55 [C1] ACK sent (command_id=740af8a7fd21)
12:33:55 [C1] safety check passed
12:33:55 [C1] irrigation executed
12:33:55 [C1] CONTROL_RESULT sent to A1
12:33:56 [C1] IRRIGATION command received (command_id=22a3cc81a070, duration=10s, generation=1)
12:33:56 [C1] ACK sent (command_id=22a3cc81a070)
12:33:56 [C1] safety check passed
12:33:56 [C1] irrigation executed
12:33:56 [C1] CONTROL_RESULT sent to A1
12:33:57 [C1] IRRIGATION command received (command_id=c0eaf111728f, duration=10s, generation=1)
12:33:57 [C1] ACK sent (command_id=c0eaf111728f)
12:33:57 [C1] safety check passed
12:33:57 [C1] irrigation executed
12:33:57 [C1] CONTROL_RESULT sent to A1
