.F                                                                       [100%]
=================================== FAILURES ===================================
____ test_one_execution_one_cloud_result_after_ack_loss_and_reconnect[True] ____

tmp_path = PosixPath('/private/var/folders/7y/53t4ynw12dn0c_lj5r7zz5vr0000gn/T/pytest-of-mac/pytest-128/test_one_execution_one_cloud_r1')
drop_ack = True

    @pytest.mark.parametrize('drop_ack',[False,True])
    def test_one_execution_one_cloud_result_after_ack_loss_and_reconnect(tmp_path,drop_ack):
        async def scenario():
            server=Server(port=0,db_path=str(tmp_path/'s.db'));await server.start()
            sp=server._server.sockets[0].getsockname()[1]
            gateway=Gateway('A1',port=0,peer_port=1,server_port=sp,
                queue_path=str(tmp_path/'a.db'),heartbeat_timeout=100,receipt_timeout=.2)
            await gateway.start();port=gateway._server.sockets[0].getsockname()[1]
            controller=ControllerNode('C1',gateway_port=port,state_path=str(tmp_path/'c.db'),time_scale=0)
            dropped=[]
            async def fault(writer,message):
                if drop_ack and message.type=='PERSISTED_ACK' and message.target=='C1' and not dropped:
                    dropped.append(message.to_dict());return True
                return False
            token=transport_interceptor.set(fault)
            task=asyncio.create_task(controller.run())
            async def until(predicate):
                deadline=time.monotonic()+6
                while not predicate():
                    assert time.monotonic()<deadline,'state convergence timed out'
                    await asyncio.sleep(.01)
            try:
                await until(lambda:'C1' in gateway.connections)
                command=Message(type='CONTROL_COMMAND',source='A1',target='C1',message_id='command',
                    payload={'command_id':'command','type':'IRRIGATION','duration':1,'gateway_generation':1})
                await gateway._dispatch_command(command,first_attempt=True)
                await until(lambda:controller.metrics.get('executed')==1 and
                            not controller.recent_commands.pending_results and
                            server.db.conn.execute("SELECT COUNT(*) FROM controller_result WHERE command_id='command' AND status='EXECUTED'").fetchone()[0]==1)
                assert gateway.metrics.get('result_duplicates')==(1 if drop_ack else 0)
                assert len(dropped)==(1 if drop_ack else 0)
                controller.stop();task.cancel();await asyncio.gather(task,return_exceptions=True)
                controller=ControllerNode('C1',gateway_port=port,state_path=str(tmp_path/'c.db'),time_scale=0)
                controller.guard.cooldown['IRRIGATION']=0
                assert (await controller.process_command(command))['status']=='DUPLICATE'
                assert controller.metrics.get('executed')==0
            finally:
                controller.stop();task.cancel();await asyncio.gather(task,return_exceptions=True)
                transport_interceptor.reset(token)
                await gateway.stop();await server.stop()
>       asyncio.run(scenario())

tests/test_result_delivery_e2e.py:50: 
_ _ _ _ _ _ _ _ _ _ _ _ _ _ _ _ _ _ _ _ _ _ _ _ _ _ _ _ _ _ _ _ _ _ _ _ _ _ _ _ 
/Users/mac/.local/share/uv/python/cpython-3.12.14-macos-aarch64-none/lib/python3.12/asyncio/runners.py:195: in run
    return runner.run(main)
           ^^^^^^^^^^^^^^^^
/Users/mac/.local/share/uv/python/cpython-3.12.14-macos-aarch64-none/lib/python3.12/asyncio/runners.py:118: in run
    return self._loop.run_until_complete(task)
           ^^^^^^^^^^^^^^^^^^^^^^^^^^^^^^^^^^^
/Users/mac/.local/share/uv/python/cpython-3.12.14-macos-aarch64-none/lib/python3.12/asyncio/base_events.py:691: in run_until_complete
    return future.result()
           ^^^^^^^^^^^^^^^
_ _ _ _ _ _ _ _ _ _ _ _ _ _ _ _ _ _ _ _ _ _ _ _ _ _ _ _ _ _ _ _ _ _ _ _ _ _ _ _ 

    async def scenario():
        server=Server(port=0,db_path=str(tmp_path/'s.db'));await server.start()
        sp=server._server.sockets[0].getsockname()[1]
        gateway=Gateway('A1',port=0,peer_port=1,server_port=sp,
            queue_path=str(tmp_path/'a.db'),heartbeat_timeout=100,receipt_timeout=.2)
        await gateway.start();port=gateway._server.sockets[0].getsockname()[1]
        controller=ControllerNode('C1',gateway_port=port,state_path=str(tmp_path/'c.db'),time_scale=0)
        dropped=[]
        async def fault(writer,message):
            if drop_ack and message.type=='PERSISTED_ACK' and message.target=='C1' and not dropped:
                dropped.append(message.to_dict());return True
            return False
        token=transport_interceptor.set(fault)
        task=asyncio.create_task(controller.run())
        async def until(predicate):
            deadline=time.monotonic()+6
            while not predicate():
                assert time.monotonic()<deadline,'state convergence timed out'
                await asyncio.sleep(.01)
        try:
            await until(lambda:'C1' in gateway.connections)
            command=Message(type='CONTROL_COMMAND',source='A1',target='C1',message_id='command',
                payload={'command_id':'command','type':'IRRIGATION','duration':1,'gateway_generation':1})
            await gateway._dispatch_command(command,first_attempt=True)
            await until(lambda:controller.metrics.get('executed')==1 and
                        not controller.recent_commands.pending_results and
                        server.db.conn.execute("SELECT COUNT(*) FROM controller_result WHERE command_id='command' AND status='EXECUTED'").fetchone()[0]==1)
>           assert gateway.metrics.get('result_duplicates')==(1 if drop_ack else 0)
E           AssertionError: assert 0 == 1
E            +  where 0 = get('result_duplicates')
E            +    where get = <common.reliability.Counters object at 0x104de96d0>.get
E            +      where <common.reliability.Counters object at 0x104de96d0> = <gateway.gateway.Gateway object at 0x104de9d00>.metrics

tests/test_result_delivery_e2e.py:39: AssertionError
----------------------------- Captured stdout call -----------------------------
01:56:56 [SERVER] listening on 127.0.0.1:0 (sqlite: /private/var/folders/7y/53t4ynw12dn0c_lj5r7zz5vr0000gn/T/pytest-of-mac/pytest-128/test_one_execution_one_cloud_r1/s.db)
01:56:56 [A1] gateway started on 127.0.0.1:0 (sensor=B1, controller=C1, peer=A2, generation=1, role=ACTIVE)
01:56:56 [A1] connected to server 127.0.0.1:64381
01:56:56 [A1] offline queue empty
01:56:56 [C1] connected to gateway A1 (127.0.0.1)
01:56:56 [C1] NODE_REGISTER sent to A1 (attempt 1)
01:56:56 [SERVER] gateway A1 connected
01:56:56 [A1] C1 registered (owner=A1, generation=1)
01:56:56 [C1] registered with A1 (generation=1)
01:56:56 [A1] command sent to C1 (IRRIGATION 1s, command_id=command, generation=1)
01:56:56 [A1] awaiting server durable receipt, CONTROL_COMMAND queued locally (depth=1)
01:56:56 [C1] IRRIGATION command received (command_id=command, duration=1s, generation=1)
01:56:56 [C1] ACK sent (command_id=command)
01:56:56 [C1] safety check passed
01:56:56 [A1] ACK received (message_id=command)
01:56:56 [A1] offline queue empty
01:56:56 [C1] irrigation executed
01:56:56 [C1] CONTROL_RESULT sent to A1
01:56:56 [SERVER] control result stored (IRRIGATION -> EXECUTED)
01:56:56 [A1] offline queue empty
01:56:56 [A1] C1 disconnected
01:56:56 [SERVER] gateway A1 disconnected
=========================== short test summary info ============================
FAILED tests/test_result_delivery_e2e.py::test_one_execution_one_cloud_result_after_ack_loss_and_reconnect[True]
1 failed, 1 passed in 0.34s
