12:12:15 [C1] connected to gateway A1 (127.0.0.1)
12:12:15 [C1] NODE_REGISTER sent to A1 (attempt 1)
12:12:15 [C1] connected to gateway A2 (127.0.0.1)
12:12:15 [C1] NODE_REGISTER sent to A2 (attempt 1)
12:12:15 [C1] connected to gateway A1 (127.0.0.1)
12:12:15 [C1] NODE_REGISTER sent to A1 (attempt 1)
12:12:15 [C1] registered with A1 (generation=1)
12:12:15 [C1] IRRIGATION command received (command_id=df9d37f7e455, duration=10s, generation=1)
12:12:15 [C1] ACK sent (command_id=df9d37f7e455)
12:12:15 [C1] IRRIGATION command rejected: EXPIRED
12:12:15 [C1] CONTROL_RESULT sent to A1
12:12:16 [C1] IRRIGATION command received (command_id=e95062340c97, duration=10s, generation=1)
12:12:16 [C1] ACK sent (command_id=e95062340c97)
12:12:16 [C1] IRRIGATION command rejected: EXPIRED
12:12:16 [C1] CONTROL_RESULT sent to A1
12:12:16 [C1] IRRIGATION command received (command_id=83b8d9a0ad5f, duration=10s, generation=1)
12:12:16 [C1] ACK sent (command_id=83b8d9a0ad5f)
12:12:16 [C1] IRRIGATION command rejected: EXPIRED
12:12:16 [C1] CONTROL_RESULT sent to A1
12:12:16 [C1] IRRIGATION command received (command_id=a619b65a056c, duration=10s, generation=1)
12:12:16 [C1] ACK sent (command_id=a619b65a056c)
12:12:16 [C1] IRRIGATION command rejected: EXPIRED
12:12:16 [C1] CONTROL_RESULT sent to A1
12:12:17 [C1] IRRIGATION command received (command_id=a910c1770a09, duration=10s, generation=1)
12:12:17 [C1] ACK sent (command_id=a910c1770a09)
12:12:17 [C1] IRRIGATION command rejected: EXPIRED
12:12:17 [C1] CONTROL_RESULT sent to A1
12:12:17 [C1] IRRIGATION command received (command_id=d0727ce1ae73, duration=10s, generation=1)
12:12:17 [C1] ACK sent (command_id=d0727ce1ae73)
12:12:17 [C1] IRRIGATION command rejected: EXPIRED
12:12:17 [C1] CONTROL_RESULT sent to A1
12:12:18 [C1] IRRIGATION command received (command_id=d9e80c2eb363, duration=10s, generation=1)
12:12:18 [C1] ACK sent (command_id=d9e80c2eb363)
12:12:18 [C1] IRRIGATION command rejected: EXPIRED
12:12:18 [C1] CONTROL_RESULT sent to A1
12:12:18 [C1] IRRIGATION command received (command_id=fe29d877dcb0, duration=10s, generation=1)
12:12:18 [C1] ACK sent (command_id=fe29d877dcb0)
12:12:18 [C1] IRRIGATION command rejected: EXPIRED
12:12:18 [C1] CONTROL_RESULT sent to A1
12:12:19 [C1] IRRIGATION command received (command_id=db8feca89e75, duration=10s, generation=1)
12:12:19 [C1] ACK sent (command_id=db8feca89e75)
12:12:19 [C1] IRRIGATION command rejected: EXPIRED
12:12:19 [C1] CONTROL_RESULT sent to A1
12:12:19 [C1] IRRIGATION command received (command_id=735c795f458a, duration=10s, generation=1)
12:12:19 [C1] ACK sent (command_id=735c795f458a)
12:12:19 [C1] IRRIGATION command rejected: EXPIRED
12:12:19 [C1] CONTROL_RESULT sent to A1
12:12:20 [C1] IRRIGATION command received (command_id=9b0f369a3913, duration=10s, generation=1)
12:12:20 [C1] ACK sent (command_id=9b0f369a3913)
12:12:20 [C1] IRRIGATION command rejected: EXPIRED
12:12:20 [C1] CONTROL_RESULT sent to A1
12:12:20 [C1] IRRIGATION command received (command_id=da1a07a747bc, duration=10s, generation=1)
12:12:20 [C1] ACK sent (command_id=da1a07a747bc)
12:12:20 [C1] IRRIGATION command rejected: EXPIRED
12:12:20 [C1] CONTROL_RESULT sent to A1
12:12:22 [C1] IRRIGATION command received (command_id=a9efd0cdcb68, duration=10s, generation=1)
12:12:22 [C1] ACK sent (command_id=a9efd0cdcb68)
12:12:22 [C1] IRRIGATION command rejected: EXPIRED
12:12:22 [C1] CONTROL_RESULT sent to A1
12:12:23 [C1] IRRIGATION command received (command_id=088b47ac89f1, duration=10s, generation=1)
12:12:23 [C1] ACK sent (command_id=088b47ac89f1)
12:12:23 [C1] IRRIGATION command rejected: EXPIRED
12:12:23 [C1] CONTROL_RESULT sent to A1
12:12:23 [C1] IRRIGATION command received (command_id=5c1930b5807e, duration=10s, generation=1)
12:12:23 [C1] ACK sent (command_id=5c1930b5807e)
12:12:23 [C1] IRRIGATION command rejected: EXPIRED
12:12:23 [C1] CONTROL_RESULT sent to A1
12:12:24 [C1] IRRIGATION command received (command_id=36f92ab42e32, duration=10s, generation=1)
12:12:24 [C1] ACK sent (command_id=36f92ab42e32)
12:12:24 [C1] IRRIGATION command rejected: EXPIRED
12:12:24 [C1] CONTROL_RESULT sent to A1
12:12:25 [C1] IRRIGATION command received (command_id=4f044cd32f2f, duration=10s, generation=1)
12:12:25 [C1] ACK sent (command_id=4f044cd32f2f)
12:12:25 [C1] IRRIGATION command rejected: EXPIRED
12:12:25 [C1] CONTROL_RESULT sent to A1
12:12:26 [C1] IRRIGATION command received (command_id=7771130c16e6, duration=10s, generation=1)
12:12:26 [C1] ACK sent (command_id=7771130c16e6)
12:12:26 [C1] IRRIGATION command rejected: EXPIRED
12:12:26 [C1] CONTROL_RESULT sent to A1
12:12:27 [C1] IRRIGATION command received (command_id=8d65fd3b2470, duration=10s, generation=1)
12:12:27 [C1] ACK sent (command_id=8d65fd3b2470)
12:12:27 [C1] IRRIGATION command rejected: EXPIRED
12:12:27 [C1] CONTROL_RESULT sent to A1
