12:11:39 [C1] connected to gateway A1 (127.0.0.1)
12:11:39 [C1] NODE_REGISTER sent to A1 (attempt 1)
12:11:39 [C1] registered with A1 (generation=1)
12:11:39 [C1] IRRIGATION command received (command_id=694c6f072a9e, duration=10s, generation=1)
12:11:39 [C1] ACK sent (command_id=694c6f072a9e)
12:11:39 [C1] safety check passed
12:11:39 [C1] irrigation executed
12:11:39 [C1] CONTROL_RESULT sent to A1
12:11:39 [C1] IRRIGATION command received (command_id=16b1715202f5, duration=10s, generation=1)
12:11:39 [C1] ACK sent (command_id=16b1715202f5)
12:11:39 [C1] safety check passed
12:11:39 [C1] irrigation executed
12:11:39 [C1] CONTROL_RESULT sent to A1
12:11:39 [C1] IRRIGATION command received (command_id=662451cfb9b9, duration=10s, generation=1)
12:11:39 [C1] ACK sent (command_id=662451cfb9b9)
12:11:39 [C1] safety check passed
12:11:39 [C1] irrigation executed
12:11:39 [C1] CONTROL_RESULT sent to A1
12:11:40 [C1] IRRIGATION command received (command_id=8bde50e9d616, duration=10s, generation=1)
12:11:40 [C1] ACK sent (command_id=8bde50e9d616)
12:11:40 [C1] safety check passed
12:11:40 [C1] irrigation executed
12:11:40 [C1] CONTROL_RESULT sent to A1
12:11:40 [C1] IRRIGATION command received (command_id=495b6d76b9bc, duration=10s, generation=1)
12:11:40 [C1] ACK sent (command_id=495b6d76b9bc)
12:11:40 [C1] safety check passed
12:11:40 [C1] irrigation executed
12:11:40 [C1] CONTROL_RESULT sent to A1
12:11:41 [C1] IRRIGATION command received (command_id=c1e62ce93bd7, duration=10s, generation=1)
12:11:41 [C1] ACK sent (command_id=c1e62ce93bd7)
12:11:41 [C1] safety check passed
12:11:41 [C1] irrigation executed
12:11:41 [C1] CONTROL_RESULT sent to A1
12:11:41 [C1] connected to gateway A2 (127.0.0.1)
12:11:41 [C1] NODE_REGISTER sent to A2 (attempt 1)
12:11:41 [C1] connected to gateway A1 (127.0.0.1)
12:11:41 [C1] NODE_REGISTER sent to A1 (attempt 1)
12:11:41 [C1] connected to gateway A2 (127.0.0.1)
12:11:41 [C1] NODE_REGISTER sent to A2 (attempt 1)
12:11:41 [C1] connected to gateway A1 (127.0.0.1)
12:11:41 [C1] NODE_REGISTER sent to A1 (attempt 1)
12:11:41 [C1] connected to gateway A2 (127.0.0.1)
12:11:41 [C1] NODE_REGISTER sent to A2 (attempt 1)
12:11:41 [C1] connected to gateway A1 (127.0.0.1)
12:11:41 [C1] NODE_REGISTER sent to A1 (attempt 1)
12:11:41 [C1] connected to gateway A2 (127.0.0.1)
12:11:41 [C1] NODE_REGISTER sent to A2 (attempt 1)
12:11:41 [C1] registered with A2 (generation=2)
12:11:41 [C1] IRRIGATION command received (command_id=6b631477291c, duration=10s, generation=2)
12:11:41 [C1] ACK sent (command_id=6b631477291c)
12:11:41 [C1] safety check passed
12:11:42 [C1] irrigation executed
12:11:42 [C1] CONTROL_RESULT sent to A2
12:11:42 [C1] IRRIGATION command received (command_id=da8d71d4115d, duration=10s, generation=2)
12:11:42 [C1] ACK sent (command_id=da8d71d4115d)
12:11:42 [C1] safety check passed
12:11:42 [C1] irrigation executed
12:11:42 [C1] CONTROL_RESULT sent to A2
12:11:42 [C1] IRRIGATION command received (command_id=62666ce19231, duration=10s, generation=2)
12:11:42 [C1] ACK sent (command_id=62666ce19231)
12:11:42 [C1] safety check passed
12:11:43 [C1] irrigation executed
12:11:43 [C1] CONTROL_RESULT sent to A2
12:11:43 [C1] IRRIGATION command received (command_id=ee23615f5e00, duration=10s, generation=2)
12:11:43 [C1] ACK sent (command_id=ee23615f5e00)
12:11:43 [C1] safety check passed
12:11:43 [C1] irrigation executed
12:11:43 [C1] CONTROL_RESULT sent to A2
12:11:44 [C1] IRRIGATION command received (command_id=2217bf7bf713, duration=10s, generation=2)
12:11:44 [C1] ACK sent (command_id=2217bf7bf713)
12:11:44 [C1] safety check passed
12:11:44 [C1] irrigation executed
12:11:44 [C1] CONTROL_RESULT sent to A2
12:11:44 [C1] IRRIGATION command received (command_id=c2a3d664b3b4, duration=10s, generation=2)
12:11:44 [C1] ACK sent (command_id=c2a3d664b3b4)
12:11:44 [C1] safety check passed
12:11:44 [C1] irrigation executed
12:11:44 [C1] CONTROL_RESULT sent to A2
12:11:45 [C1] IRRIGATION command received (command_id=62eb1e5cedcf, duration=10s, generation=2)
12:11:45 [C1] ACK sent (command_id=62eb1e5cedcf)
12:11:45 [C1] safety check passed
12:11:45 [C1] irrigation executed
12:11:45 [C1] CONTROL_RESULT sent to A2
12:11:46 [C1] IRRIGATION command received (command_id=fcdac1cabeb5, duration=10s, generation=2)
12:11:46 [C1] ACK sent (command_id=fcdac1cabeb5)
12:11:46 [C1] safety check passed
12:11:46 [C1] irrigation executed
12:11:46 [C1] CONTROL_RESULT sent to A2
12:11:47 [C1] IRRIGATION command received (command_id=e6c00fd04004, duration=10s, generation=2)
12:11:47 [C1] ACK sent (command_id=e6c00fd04004)
12:11:47 [C1] safety check passed
12:11:47 [C1] irrigation executed
12:11:47 [C1] CONTROL_RESULT sent to A2
12:11:48 [C1] IRRIGATION command received (command_id=ff08b49adad7, duration=10s, generation=2)
12:11:48 [C1] ACK sent (command_id=ff08b49adad7)
12:11:48 [C1] safety check passed
12:11:48 [C1] irrigation executed
12:11:48 [C1] CONTROL_RESULT sent to A2
12:11:49 [C1] IRRIGATION command received (command_id=1b8b38eb9428, duration=10s, generation=2)
12:11:49 [C1] ACK sent (command_id=1b8b38eb9428)
12:11:49 [C1] safety check passed
12:11:49 [C1] irrigation executed
12:11:49 [C1] CONTROL_RESULT sent to A2
12:11:50 [C1] IRRIGATION command received (command_id=307fbe833bcb, duration=10s, generation=2)
12:11:50 [C1] ACK sent (command_id=307fbe833bcb)
12:11:50 [C1] safety check passed
12:11:50 [C1] irrigation executed
12:11:50 [C1] CONTROL_RESULT sent to A2
12:11:51 [C1] IRRIGATION command received (command_id=6fd0d6ddcadf, duration=10s, generation=2)
12:11:51 [C1] ACK sent (command_id=6fd0d6ddcadf)
12:11:51 [C1] safety check passed
