01:29:56 [A1] gateway started on 127.0.0.1:51251 (sensor=B1, controller=C1, peer=A2, generation=1, role=ACTIVE)
01:29:56 [A1] connected to server 127.0.0.1:51248
01:29:56 [A1] peer link established with A2
01:29:56 [A1] heartbeat -> A2
01:29:56 [A1] C2 registered (CONTROLLER, owner=A1, generation=1)
01:29:56 [A1] server link error: [Errno 54] Connection reset by peer
01:29:56 [A1] A2 is online
01:29:56 [A1] heartbeat -> A2
01:29:56 [A1] C1 registered (CONTROLLER, owner=A1, generation=1)
01:29:56 [A1] heartbeat -> A2
01:29:56 [A1] heartbeat -> A2
01:29:56 [A1] heartbeat -> A2
01:29:56 [A1] heartbeat -> A2
01:29:57 [A1] heartbeat -> A2
01:29:57 [A1] heartbeat -> A2
01:29:57 [A1] heartbeat -> A2
01:29:57 [A1] heartbeat -> A2
01:29:57 [A1] heartbeat -> A2
01:29:57 [A1] heartbeat -> A2
01:29:57 [A1] heartbeat -> A2
01:29:57 [A1] heartbeat -> A2
01:29:57 [A1] heartbeat -> A2
01:29:57 [A1] heartbeat -> A2
01:29:58 [A1] heartbeat -> A2
01:29:58 [A1] heartbeat -> A2
01:29:58 [A1] heartbeat -> A2
01:29:58 [A1] heartbeat -> A2
01:29:58 [A1] connected to server 127.0.0.1:51248
01:29:58 [A1] heartbeat -> A2
01:29:58 [A1] heartbeat -> A2
01:29:58 [A1] heartbeat -> A2
01:29:58 [A1] heartbeat -> A2
01:29:58 [A1] heartbeat -> A2
01:29:58 [A1] heartbeat -> A2
01:29:59 [A1] heartbeat -> A2
01:29:59 [A1] heartbeat -> A2
01:29:59 [A1] heartbeat -> A2
01:29:59 [A1] heartbeat -> A2
01:29:59 [A1] heartbeat -> A2
01:29:59 [A1] heartbeat -> A2
01:29:59 [A1] heartbeat -> A2
01:29:59 [A1] heartbeat -> A2
01:29:59 [A1] heartbeat -> A2
01:29:59 [A1] heartbeat -> A2
01:30:00 [A1] heartbeat -> A2
01:30:00 [A1] heartbeat -> A2
01:30:00 [A1] heartbeat -> A2
01:30:00 [A1] heartbeat -> A2
01:30:00 [A1] heartbeat -> A2
01:30:00 [A1] heartbeat -> A2
01:30:00 [A1] heartbeat -> A2
01:30:00 [A1] heartbeat -> A2
01:30:00 [A1] heartbeat -> A2
01:30:00 [A1] heartbeat -> A2
01:30:01 [A1] heartbeat -> A2
01:30:01 [A1] heartbeat -> A2
01:30:01 [A1] heartbeat -> A2
01:30:01 [A1] heartbeat -> A2
01:30:01 [A1] heartbeat -> A2
01:30:01 [A1] heartbeat -> A2
01:30:01 [A1] heartbeat -> A2
01:30:01 [A1] heartbeat -> A2
01:30:01 [A1] heartbeat -> A2
01:30:01 [A1] heartbeat -> A2
01:30:02 [A1] heartbeat -> A2
01:30:02 [A1] heartbeat -> A2
01:30:02 [A1] heartbeat -> A2
01:30:02 [A1] heartbeat -> A2
01:30:02 [A1] heartbeat -> A2
01:30:02 [A1] heartbeat -> A2
01:30:02 [A1] heartbeat -> A2
01:30:02 [A1] heartbeat -> A2
01:30:02 [A1] heartbeat -> A2
01:30:03 [A1] heartbeat -> A2
01:30:03 [A1] heartbeat -> A2
01:30:03 [A1] heartbeat -> A2
01:30:03 [A1] heartbeat -> A2
01:30:03 [A1] heartbeat -> A2
01:30:03 [A1] heartbeat -> A2
01:30:03 [A1] heartbeat -> A2
01:30:03 [A1] heartbeat -> A2
01:30:03 [A1] heartbeat -> A2
01:30:03 [A1] heartbeat -> A2
01:30:04 [A1] heartbeat -> A2
01:30:04 [A1] heartbeat -> A2
01:30:04 [A1] heartbeat -> A2
01:30:04 [A1] heartbeat -> A2
01:30:04 [A1] heartbeat -> A2
01:30:04 [A1] heartbeat -> A2
01:30:04 [A1] heartbeat -> A2
01:30:04 [A1] heartbeat -> A2
01:30:04 [A1] heartbeat -> A2
01:30:04 [A1] heartbeat -> A2
01:30:05 [A1] heartbeat -> A2
01:30:05 [A1] heartbeat -> A2
01:30:05 [A1] heartbeat -> A2
01:30:05 [A1] heartbeat -> A2
01:30:05 [A1] heartbeat -> A2
01:30:05 [A1] heartbeat -> A2
01:30:05 [A1] heartbeat -> A2
01:30:05 [A1] heartbeat -> A2
01:30:05 [A1] heartbeat -> A2
01:30:05 [A1] heartbeat -> A2
01:30:06 [A1] heartbeat -> A2
01:30:06 [A1] heartbeat -> A2
01:30:06 [A1] heartbeat -> A2
01:30:06 [A1] heartbeat -> A2
01:30:06 [A1] heartbeat -> A2
01:30:06 [A1] heartbeat -> A2
01:30:06 [A1] heartbeat -> A2
01:30:06 [A1] heartbeat -> A2
01:30:06 [A1] heartbeat -> A2
01:30:06 [A1] heartbeat -> A2
01:30:07 [A1] heartbeat -> A2
01:30:07 [A1] heartbeat -> A2
01:30:07 [A1] heartbeat -> A2
01:30:07 [A1] heartbeat -> A2
01:30:07 [A1] SERVER_POLICY v1 applied (soil<25.0 -> 10s, temp>32.0 -> 5s)
01:30:07 [A1] edge autonomy intact: policy is advisory, control stays local
01:30:07 [A1] heartbeat -> A2
01:30:07 [A1] heartbeat -> A2
01:30:07 [A1] heartbeat -> A2
01:30:07 [A1] heartbeat -> A2
01:30:07 [A1] heartbeat -> A2
01:30:08 [A1] heartbeat -> A2
01:30:08 [A1] heartbeat -> A2
01:30:08 [A1] heartbeat -> A2
01:30:08 [A1] C1 disconnected
01:30:08 [A1] C2 disconnected
