21:28:45 [A2] gateway started on 127.0.0.1:56160 (sensor=B2, controller=C2, peer=A1, generation=1, role=ACTIVE)
21:28:45 [A2] connected to server 127.0.0.1:56155
21:28:45 [A2] offline queue empty
21:28:45 [A2] peer link established with A1
21:28:45 [A2] heartbeat -> A1
21:28:45 [A2] B2 registered (owner=A2, generation=1)
21:28:45 [A2] received SENSOR_DATA from B2
21:28:45 [A2] edge decision = IRRIGATION (soil_moisture 21.9 < 25.0)
21:28:45 [A2] awaiting server durable receipt, SENSOR_DATA queued locally (depth=1)
21:28:45 [A2] awaiting server durable receipt, CONTROL_RESULT queued locally (depth=2)
21:28:45 [A2] C2 registered (owner=A2, generation=1)
21:28:45 [A2] offline queue empty
21:28:45 [A2] A1 is online
21:28:45 [A2] heartbeat -> A1
21:28:45 [A2] heartbeat -> A1
21:28:45 [A2] received SENSOR_DATA from B2
21:28:45 [A2] edge decision = IRRIGATION (soil_moisture 21.9 < 25.0)
21:28:45 [A2] awaiting server durable receipt, SENSOR_DATA queued locally (depth=1)
21:28:45 [A2] command sent to C2 (IRRIGATION 10s, command_id=135e97644b61, generation=1)
21:28:45 [A2] awaiting server durable receipt, CONTROL_COMMAND queued locally (depth=2)
21:28:45 [A2] ACK received (message_id=135e97644b61)
21:28:45 [A2] offline queue empty
21:28:45 [A2] heartbeat -> A1
21:28:45 [A2] controller result received (IRRIGATION -> EXECUTED)
21:28:45 [A2] awaiting server durable receipt, CONTROL_RESULT queued locally (depth=1)
21:28:45 [A2] offline queue empty
21:28:45 [A2] heartbeat -> A1
21:28:45 [A2] heartbeat -> A1
21:28:45 [A2] heartbeat -> A1
21:28:45 [A2] heartbeat -> A1
21:28:46 [A2] heartbeat -> A1
21:28:46 [A2] received SENSOR_DATA from B2
21:28:46 [A2] edge decision = IRRIGATION (soil_moisture 21.8 < 25.0)
21:28:46 [A2] awaiting server durable receipt, SENSOR_DATA queued locally (depth=1)
21:28:46 [A2] command sent to C2 (IRRIGATION 10s, command_id=60ebf6e9cd3b, generation=1)
21:28:46 [A2] awaiting server durable receipt, CONTROL_COMMAND queued locally (depth=2)
21:28:46 [A2] ACK received (message_id=60ebf6e9cd3b)
21:28:46 [A2] offline queue empty
21:28:46 [A2] heartbeat -> A1
21:28:46 [A2] controller result received (IRRIGATION -> EXECUTED)
21:28:46 [A2] awaiting server durable receipt, CONTROL_RESULT queued locally (depth=1)
21:28:46 [A2] offline queue empty
21:28:46 [A2] SERVER_POLICY v1 applied (soil<25.0 -> 10s, temp>32.0 -> 5s)
21:28:46 [A2] edge autonomy intact: policy is advisory, control stays local
21:28:46 [A2] heartbeat -> A1
21:28:46 [A2] heartbeat -> A1
21:28:46 [A2] heartbeat -> A1
21:28:46 [A2] heartbeat -> A1
21:28:46 [A2] received SENSOR_DATA from B2
21:28:46 [A2] edge decision = IRRIGATION (soil_moisture 21.9 < 25.0)
21:28:46 [A2] awaiting server durable receipt, SENSOR_DATA queued locally (depth=1)
21:28:46 [A2] command sent to C2 (IRRIGATION 10s, command_id=4506f5405324, generation=1)
21:28:46 [A2] awaiting server durable receipt, CONTROL_COMMAND queued locally (depth=2)
21:28:46 [A2] heartbeat -> A1
21:28:46 [A2] ACK received (message_id=4506f5405324)
21:28:46 [A2] offline queue empty
21:28:46 [A2] heartbeat -> A1
21:28:46 [A2] controller result received (IRRIGATION -> EXECUTED)
21:28:46 [A2] awaiting server durable receipt, CONTROL_RESULT queued locally (depth=1)
21:28:46 [A2] offline queue empty
21:28:46 [A2] heartbeat -> A1
21:28:47 [A2] heartbeat -> A1
21:28:47 [A2] heartbeat -> A1
21:28:47 [A2] heartbeat -> A1
21:28:47 [A2] received SENSOR_DATA from B2
21:28:47 [A2] edge decision = IRRIGATION (soil_moisture 22.0 < 25.0)
21:28:47 [A2] awaiting server durable receipt, SENSOR_DATA queued locally (depth=1)
21:28:47 [A2] command sent to C2 (IRRIGATION 10s, command_id=90f08560f9d7, generation=1)
21:28:47 [A2] awaiting server durable receipt, CONTROL_COMMAND queued locally (depth=2)
21:28:47 [A2] ACK received (message_id=90f08560f9d7)
21:28:47 [A2] heartbeat -> A1
21:28:47 [A2] offline queue empty
21:28:47 [A2] heartbeat -> A1
21:28:47 [A2] controller result received (IRRIGATION -> EXECUTED)
21:28:47 [A2] awaiting server durable receipt, CONTROL_RESULT queued locally (depth=1)
21:28:47 [A2] offline queue empty
21:28:47 [A2] heartbeat -> A1
21:28:47 [A2] heartbeat -> A1
21:28:47 [A2] heartbeat -> A1
21:28:47 [A2] heartbeat -> A1
21:28:47 [A2] heartbeat -> A1
21:28:48 [A2] heartbeat -> A1
21:28:48 [A2] heartbeat -> A1
21:28:48 [A2] heartbeat -> A1
21:28:48 [A2] received SENSOR_DATA from B2
21:28:48 [A2] edge decision = IRRIGATION (soil_moisture 22.3 < 25.0)
21:28:48 [A2] awaiting server durable receipt, SENSOR_DATA queued locally (depth=1)
21:28:48 [A2] command sent to C2 (IRRIGATION 10s, command_id=a8ec3bf019f7, generation=1)
21:28:48 [A2] awaiting server durable receipt, CONTROL_COMMAND queued locally (depth=2)
21:28:48 [A2] ACK received (message_id=a8ec3bf019f7)
21:28:48 [A2] offline queue empty
21:28:48 [A2] heartbeat -> A1
21:28:48 [A2] heartbeat -> A1
21:28:48 [A2] controller result received (IRRIGATION -> EXECUTED)
21:28:48 [A2] awaiting server durable receipt, CONTROL_RESULT queued locally (depth=1)
21:28:48 [A2] offline queue empty
21:28:48 [A2] received SENSOR_DATA from B2
21:28:48 [A2] edge decision = IRRIGATION (soil_moisture 22.2 < 25.0)
21:28:48 [A2] awaiting server durable receipt, SENSOR_DATA queued locally (depth=1)
21:28:48 [A2] command sent to C2 (IRRIGATION 10s, command_id=318021e38bdf, generation=1)
21:28:48 [A2] awaiting server durable receipt, CONTROL_COMMAND queued locally (depth=2)
21:28:48 [A2] ACK received (message_id=318021e38bdf)
21:28:48 [A2] heartbeat -> A1
21:28:48 [A2] offline queue empty
21:28:48 [A2] heartbeat -> A1
21:28:48 [A2] controller result received (IRRIGATION -> EXECUTED)
21:28:48 [A2] awaiting server durable receipt, CONTROL_RESULT queued locally (depth=1)
21:28:48 [A2] offline queue empty
21:28:48 [A2] heartbeat -> A1
21:28:48 [A2] heartbeat -> A1
21:28:48 [A2] heartbeat -> A1
21:28:49 [A2] heartbeat -> A1
21:28:49 [A2] received SENSOR_DATA from B2
21:28:49 [A2] edge decision = IRRIGATION (soil_moisture 22.0 < 25.0)
21:28:49 [A2] awaiting server durable receipt, SENSOR_DATA queued locally (depth=1)
21:28:49 [A2] command sent to C2 (IRRIGATION 10s, command_id=de50ee5f13c7, generation=1)
21:28:49 [A2] awaiting server durable receipt, CONTROL_COMMAND queued locally (depth=2)
21:28:49 [A2] ACK received (message_id=de50ee5f13c7)
21:28:49 [A2] offline queue empty
21:28:49 [A2] heartbeat -> A1
21:28:49 [A2] heartbeat -> A1
21:28:49 [A2] controller result received (IRRIGATION -> EXECUTED)
21:28:49 [A2] awaiting server durable receipt, CONTROL_RESULT queued locally (depth=1)
21:28:49 [A2] offline queue empty
21:28:49 [A2] heartbeat -> A1
21:28:49 [A2] heartbeat -> A1
21:28:49 [A2] received SENSOR_DATA from B2
21:28:49 [A2] edge decision = IRRIGATION (soil_moisture 22.0 < 25.0)
21:28:49 [A2] awaiting server durable receipt, SENSOR_DATA queued locally (depth=1)
21:28:49 [A2] command sent to C2 (IRRIGATION 10s, command_id=92e7fd95aac6, generation=1)
21:28:49 [A2] awaiting server durable receipt, CONTROL_COMMAND queued locally (depth=2)
21:28:49 [A2] ACK received (message_id=92e7fd95aac6)
21:28:49 [A2] offline queue empty
21:28:49 [A2] heartbeat -> A1
21:28:49 [A2] controller result received (IRRIGATION -> EXECUTED)
21:28:49 [A2] awaiting server durable receipt, CONTROL_RESULT queued locally (depth=1)
21:28:49 [A2] offline queue empty
21:28:49 [A2] heartbeat -> A1
21:28:49 [A2] heartbeat -> A1
21:28:49 [A2] heartbeat -> A1
21:28:49 [A2] heartbeat -> A1
21:28:50 [A2] heartbeat -> A1
21:28:50 [A2] heartbeat -> A1
21:28:50 [A2] heartbeat -> A1
21:28:50 [A2] heartbeat -> A1
21:28:50 [A2] heartbeat -> A1
21:28:50 [A2] heartbeat -> A1
21:28:50 [A2] heartbeat -> A1
21:28:50 [A2] heartbeat -> A1
21:28:50 [A2] heartbeat -> A1
21:28:50 [A2] heartbeat -> A1
21:28:51 [A2] heartbeat -> A1
21:28:51 [A2] heartbeat -> A1
21:28:51 [A2] heartbeat -> A1
21:28:51 [A2] heartbeat -> A1
21:28:51 [A2] heartbeat -> A1
21:28:51 [A2] heartbeat -> A1
21:28:51 [A2] heartbeat -> A1
21:28:51 [A2] heartbeat -> A1
21:28:51 [A2] heartbeat -> A1
21:28:51 [A2] received SENSOR_DATA from B2
21:28:51 [A2] edge decision = IRRIGATION (soil_moisture 21.9 < 25.0)
21:28:51 [A2] awaiting server durable receipt, SENSOR_DATA queued locally (depth=1)
21:28:51 [A2] command sent to C2 (IRRIGATION 10s, command_id=83a211c0a00e, generation=1)
21:28:51 [A2] awaiting server durable receipt, CONTROL_COMMAND queued locally (depth=2)
21:28:51 [A2] ACK received (message_id=83a211c0a00e)
21:28:51 [A2] offline queue empty
21:28:51 [A2] heartbeat -> A1
21:28:52 [A2] controller result received (IRRIGATION -> EXECUTED)
21:28:52 [A2] awaiting server durable receipt, CONTROL_RESULT queued locally (depth=1)
21:28:52 [A2] offline queue empty
21:28:52 [A2] heartbeat -> A1
21:28:52 [A2] heartbeat -> A1
21:28:52 [A2] heartbeat -> A1
21:28:52 [A2] heartbeat -> A1
21:28:52 [A2] heartbeat -> A1
21:28:52 [A2] heartbeat -> A1
21:28:52 [A2] heartbeat -> A1
21:28:52 [A2] received SENSOR_DATA from B2
21:28:52 [A2] edge decision = IRRIGATION (soil_moisture 21.6 < 25.0)
21:28:52 [A2] awaiting server durable receipt, SENSOR_DATA queued locally (depth=1)
21:28:52 [A2] command sent to C2 (IRRIGATION 10s, command_id=94f3f3adeb9b, generation=1)
21:28:52 [A2] awaiting server durable receipt, CONTROL_COMMAND queued locally (depth=2)
21:28:52 [A2] ACK received (message_id=94f3f3adeb9b)
21:28:52 [A2] offline queue empty
21:28:52 [A2] heartbeat -> A1
21:28:52 [A2] controller result received (IRRIGATION -> EXECUTED)
21:28:52 [A2] awaiting server durable receipt, CONTROL_RESULT queued locally (depth=1)
21:28:52 [A2] offline queue empty
21:28:52 [A2] heartbeat -> A1
21:28:52 [A2] heartbeat -> A1
21:28:53 [A2] heartbeat -> A1
21:28:53 [A2] heartbeat -> A1
21:28:53 [A2] heartbeat -> A1
21:28:53 [A2] heartbeat -> A1
21:28:53 [A2] heartbeat -> A1
21:28:53 [A2] received SENSOR_DATA from B2
21:28:53 [A2] edge decision = IRRIGATION (soil_moisture 21.7 < 25.0)
21:28:53 [A2] awaiting server durable receipt, SENSOR_DATA queued locally (depth=1)
21:28:53 [A2] command sent to C2 (IRRIGATION 10s, command_id=8913dc6b4442, generation=1)
21:28:53 [A2] awaiting server durable receipt, CONTROL_COMMAND queued locally (depth=2)
21:28:53 [A2] ACK received (message_id=8913dc6b4442)
21:28:53 [A2] offline queue empty
21:28:53 [A2] heartbeat -> A1
21:28:53 [A2] controller result received (IRRIGATION -> EXECUTED)
21:28:53 [A2] awaiting server durable receipt, CONTROL_RESULT queued locally (depth=1)
21:28:53 [A2] offline queue empty
21:28:53 [A2] heartbeat -> A1
21:28:53 [A2] heartbeat -> A1
21:28:53 [A2] heartbeat -> A1
21:28:54 [A2] heartbeat -> A1
21:28:54 [A2] heartbeat -> A1
21:28:54 [A2] heartbeat -> A1
21:28:54 [A2] heartbeat -> A1
21:28:54 [A2] heartbeat -> A1
21:28:54 [A2] heartbeat -> A1
21:28:54 [A2] heartbeat -> A1
21:28:54 [A2] heartbeat -> A1
21:28:54 [A2] heartbeat -> A1
21:28:54 [A2] heartbeat -> A1
21:28:55 [A2] heartbeat -> A1
21:28:55 [A2] heartbeat -> A1
21:28:55 [A2] heartbeat -> A1
21:28:55 [A2] heartbeat -> A1
21:28:55 [A2] received SENSOR_DATA from B2
21:28:55 [A2] edge decision = IRRIGATION (soil_moisture 21.6 < 25.0)
21:28:55 [A2] awaiting server durable receipt, SENSOR_DATA queued locally (depth=1)
21:28:55 [A2] command sent to C2 (IRRIGATION 10s, command_id=697c1f29dbea, generation=1)
21:28:55 [A2] awaiting server durable receipt, CONTROL_COMMAND queued locally (depth=2)
21:28:55 [A2] ACK received (message_id=697c1f29dbea)
21:28:55 [A2] offline queue empty
21:28:55 [A2] heartbeat -> A1
21:28:55 [A2] controller result received (IRRIGATION -> EXECUTED)
21:28:55 [A2] awaiting server durable receipt, CONTROL_RESULT queued locally (depth=1)
21:28:55 [A2] offline queue empty
21:28:55 [A2] heartbeat -> A1
21:28:55 [A2] heartbeat -> A1
21:28:55 [A2] heartbeat -> A1
21:28:55 [A2] received SENSOR_DATA from B2
21:28:55 [A2] edge decision = IRRIGATION (soil_moisture 21.7 < 25.0)
21:28:55 [A2] awaiting server durable receipt, SENSOR_DATA queued locally (depth=1)
21:28:55 [A2] command sent to C2 (IRRIGATION 10s, command_id=bfe927b80850, generation=1)
21:28:55 [A2] awaiting server durable receipt, CONTROL_COMMAND queued locally (depth=2)
21:28:55 [A2] ACK received (message_id=bfe927b80850)
21:28:55 [A2] offline queue empty
21:28:55 [A2] heartbeat -> A1
21:28:55 [A2] controller result received (IRRIGATION -> EXECUTED)
21:28:55 [A2] awaiting server durable receipt, CONTROL_RESULT queued locally (depth=1)
21:28:55 [A2] offline queue empty
21:28:55 [A2] heartbeat -> A1
21:28:56 [A2] heartbeat -> A1
21:28:56 [A2] heartbeat -> A1
21:28:56 [A2] heartbeat -> A1
21:28:56 [A2] SERVER_POLICY v2 applied (soil<25.0 -> 10s, temp>32.0 -> 5s)
21:28:56 [A2] edge autonomy intact: policy is advisory, control stays local
21:28:56 [A2] heartbeat -> A1
21:28:56 [A2] received SENSOR_DATA from B2
21:28:56 [A2] edge decision = IRRIGATION (soil_moisture 21.8 < 25.0)
21:28:56 [A2] awaiting server durable receipt, SENSOR_DATA queued locally (depth=1)
21:28:56 [A2] command sent to C2 (IRRIGATION 10s, command_id=436ad27db851, generation=1)
21:28:56 [A2] awaiting server durable receipt, CONTROL_COMMAND queued locally (depth=2)
21:28:56 [A2] ACK received (message_id=436ad27db851)
21:28:56 [A2] offline queue empty
21:28:56 [A2] heartbeat -> A1
21:28:56 [A2] controller result received (IRRIGATION -> EXECUTED)
21:28:56 [A2] awaiting server durable receipt, CONTROL_RESULT queued locally (depth=1)
21:28:56 [A2] offline queue empty
21:28:56 [A2] heartbeat -> A1
21:28:56 [A2] heartbeat -> A1
21:28:56 [A2] heartbeat -> A1
21:28:56 [A2] received SENSOR_DATA from B2
21:28:56 [A2] edge decision = IRRIGATION (soil_moisture 21.8 < 25.0)
21:28:56 [A2] awaiting server durable receipt, SENSOR_DATA queued locally (depth=1)
21:28:56 [A2] command sent to C2 (IRRIGATION 10s, command_id=53b551f09270, generation=1)
21:28:56 [A2] awaiting server durable receipt, CONTROL_COMMAND queued locally (depth=2)
21:28:56 [A2] ACK received (message_id=53b551f09270)
21:28:56 [A2] offline queue empty
21:28:56 [A2] heartbeat -> A1
21:28:56 [A2] controller result received (IRRIGATION -> EXECUTED)
21:28:56 [A2] awaiting server durable receipt, CONTROL_RESULT queued locally (depth=1)
21:28:56 [A2] offline queue empty
21:28:56 [A2] heartbeat -> A1
21:28:57 [A2] heartbeat -> A1
21:28:57 [A2] B2 disconnected
21:28:57 [A2] C2 disconnected
21:28:57 [A2] heartbeat -> A1
