01:29:32 [C2] connected to gateway A2 (127.0.0.1)
01:29:32 [C2] NODE_REGISTER sent to A2 (attempt 1)
01:29:32 [C2] connection to A2 lost, re-registering elsewhere
01:29:32 [C2] connected to gateway A1 (127.0.0.1)
01:29:32 [C2] NODE_REGISTER sent to A1 (attempt 1)
01:29:32 [C2] registered with A1 (generation=1)
01:29:34 [C2] connected to gateway A1 (127.0.0.1)
01:29:34 [C2] NODE_REGISTER sent to A1 (attempt 1)
01:29:34 [C2] connected to gateway A2 (127.0.0.1)
01:29:34 [C2] NODE_REGISTER sent to A2 (attempt 1)
01:29:34 [C2] registered with A2 (generation=1)
01:29:34 [C2] IRRIGATION command received (command_id=9505f51375e6, duration=10s, generation=1)
01:29:34 [C2] ACK sent (command_id=9505f51375e6)
01:29:34 [C2] safety check passed
01:29:34 [C2] irrigation executed
01:29:34 [C2] CONTROL_RESULT sent to A2
01:29:34 [C2] owner_gateway = A2 (generation=2)
01:29:35 [C2] IRRIGATION command received (command_id=6d0b009a3a8e, duration=10s, generation=2)
01:29:35 [C2] ACK sent (command_id=6d0b009a3a8e)
01:29:35 [C2] IRRIGATION command rejected: COOLDOWN
01:29:35 [C2] CONTROL_RESULT sent to A2
01:29:35 [C2] IRRIGATION command received (command_id=8356fbd06948, duration=10s, generation=2)
01:29:35 [C2] ACK sent (command_id=8356fbd06948)
01:29:35 [C2] IRRIGATION command rejected: COOLDOWN
01:29:35 [C2] CONTROL_RESULT sent to A2
01:29:36 [C2] IRRIGATION command received (command_id=31b4c073ecf0, duration=10s, generation=2)
01:29:36 [C2] ACK sent (command_id=31b4c073ecf0)
01:29:36 [C2] IRRIGATION command rejected: COOLDOWN
01:29:36 [C2] CONTROL_RESULT sent to A2
01:29:36 [C2] IRRIGATION command received (command_id=de47c8ab3bfc, duration=10s, generation=2)
01:29:36 [C2] ACK sent (command_id=de47c8ab3bfc)
01:29:36 [C2] IRRIGATION command rejected: COOLDOWN
01:29:36 [C2] CONTROL_RESULT sent to A2
01:29:39 [C2] IRRIGATION command received (command_id=9627d2d36bdd, duration=10s, generation=2)
01:29:39 [C2] ACK sent (command_id=9627d2d36bdd)
01:29:39 [C2] IRRIGATION command rejected: COOLDOWN
01:29:39 [C2] CONTROL_RESULT sent to A2
01:29:40 [C2] IRRIGATION command received (command_id=8fbc421e43d2, duration=10s, generation=2)
01:29:40 [C2] ACK sent (command_id=8fbc421e43d2)
01:29:40 [C2] IRRIGATION command rejected: COOLDOWN
01:29:40 [C2] CONTROL_RESULT sent to A2
01:29:40 [C2] IRRIGATION command received (command_id=e2e3703a87e2, duration=10s, generation=2)
01:29:40 [C2] ACK sent (command_id=e2e3703a87e2)
01:29:40 [C2] IRRIGATION command rejected: COOLDOWN
01:29:40 [C2] CONTROL_RESULT sent to A2
01:29:42 [C2] IRRIGATION command received (command_id=a3712ccc06aa, duration=10s, generation=2)
01:29:42 [C2] ACK sent (command_id=a3712ccc06aa)
01:29:42 [C2] IRRIGATION command rejected: COOLDOWN
01:29:42 [C2] CONTROL_RESULT sent to A2
01:29:43 [C2] IRRIGATION command received (command_id=9fa2d23091f0, duration=10s, generation=2)
01:29:43 [C2] ACK sent (command_id=9fa2d23091f0)
01:29:43 [C2] IRRIGATION command rejected: COOLDOWN
01:29:43 [C2] CONTROL_RESULT sent to A2
01:29:43 [C2] IRRIGATION command received (command_id=babf74520d62, duration=10s, generation=2)
01:29:43 [C2] ACK sent (command_id=babf74520d62)
01:29:43 [C2] IRRIGATION command rejected: COOLDOWN
01:29:43 [C2] CONTROL_RESULT sent to A2
01:29:44 [C2] IRRIGATION command received (command_id=eae0ee26fd6f, duration=10s, generation=2)
01:29:44 [C2] ACK sent (command_id=eae0ee26fd6f)
01:29:44 [C2] IRRIGATION command rejected: COOLDOWN
01:29:44 [C2] CONTROL_RESULT sent to A2
