13:48:50 [C1] connected to gateway A1 (127.0.0.1)
13:48:50 [C1] NODE_REGISTER sent to A1 (attempt 1)
13:48:50 [C1] connected to gateway A2 (127.0.0.1)
13:48:50 [C1] NODE_REGISTER sent to A2 (attempt 1)
13:48:50 [C1] connected to gateway A1 (127.0.0.1)
13:48:50 [C1] NODE_REGISTER sent to A1 (attempt 1)
13:48:50 [C1] registered with A1 (generation=1)
13:48:50 [C1] IRRIGATION command received (command_id=6772fb700a13, duration=10s, generation=1)
13:48:50 [C1] ACK sent (command_id=6772fb700a13)
13:48:50 [C1] safety check passed
13:48:50 [C1] irrigation executed
13:48:50 [C1] CONTROL_RESULT sent to A1
13:48:50 [C1] IRRIGATION command received (command_id=0a5dd78c80d9, duration=10s, generation=1)
13:48:50 [C1] ACK sent (command_id=0a5dd78c80d9)
13:48:50 [C1] safety check passed
13:48:50 [C1] irrigation executed
13:48:50 [C1] CONTROL_RESULT sent to A1
13:48:51 [C1] IRRIGATION command received (command_id=9d9410b03024, duration=10s, generation=1)
13:48:51 [C1] ACK sent (command_id=9d9410b03024)
13:48:51 [C1] safety check passed
13:48:51 [C1] irrigation executed
13:48:51 [C1] CONTROL_RESULT sent to A1
13:48:51 [C1] IRRIGATION command received (command_id=3f426e004662, duration=10s, generation=1)
13:48:51 [C1] ACK sent (command_id=3f426e004662)
13:48:51 [C1] safety check passed
13:48:51 [C1] irrigation executed
13:48:51 [C1] CONTROL_RESULT sent to A1
13:48:52 [C1] IRRIGATION command received (command_id=aa9650e9f069, duration=10s, generation=1)
13:48:52 [C1] ACK sent (command_id=aa9650e9f069)
13:48:52 [C1] safety check passed
13:48:52 [C1] irrigation executed
13:48:52 [C1] CONTROL_RESULT sent to A1
13:48:52 [C1] connected to gateway A2 (127.0.0.1)
13:48:52 [C1] NODE_REGISTER sent to A2 (attempt 1)
13:48:52 [C1] connected to gateway A1 (127.0.0.1)
13:48:52 [C1] NODE_REGISTER sent to A1 (attempt 1)
13:48:52 [C1] connected to gateway A2 (127.0.0.1)
13:48:52 [C1] NODE_REGISTER sent to A2 (attempt 1)
13:48:52 [C1] connected to gateway A1 (127.0.0.1)
13:48:52 [C1] NODE_REGISTER sent to A1 (attempt 1)
13:48:52 [C1] connection to A1 lost, re-registering elsewhere
13:48:52 [C1] connected to gateway A2 (127.0.0.1)
13:48:52 [C1] NODE_REGISTER sent to A2 (attempt 1)
13:48:52 [C1] connected to gateway A1 (127.0.0.1)
13:48:52 [C1] NODE_REGISTER sent to A1 (attempt 1)
13:48:52 [C1] connected to gateway A2 (127.0.0.1)
13:48:52 [C1] NODE_REGISTER sent to A2 (attempt 1)
13:48:52 [C1] registered with A2 (generation=2)
13:48:52 [C1] IRRIGATION command received (command_id=37f996ab141e, duration=10s, generation=2)
13:48:52 [C1] ACK sent (command_id=37f996ab141e)
13:48:52 [C1] safety check passed
13:48:53 [C1] irrigation executed
13:48:53 [C1] CONTROL_RESULT sent to A2
13:48:53 [C1] IRRIGATION command received (command_id=a7f7a07a0b5b, duration=10s, generation=2)
13:48:53 [C1] ACK sent (command_id=a7f7a07a0b5b)
13:48:53 [C1] safety check passed
13:48:53 [C1] irrigation executed
13:48:53 [C1] CONTROL_RESULT sent to A2
13:48:53 [C1] IRRIGATION command received (command_id=ba3500f2a9a5, duration=10s, generation=2)
13:48:53 [C1] ACK sent (command_id=ba3500f2a9a5)
13:48:53 [C1] safety check passed
13:48:54 [C1] irrigation executed
13:48:54 [C1] CONTROL_RESULT sent to A2
13:48:54 [C1] IRRIGATION command received (command_id=de21bed35270, duration=10s, generation=2)
13:48:54 [C1] ACK sent (command_id=de21bed35270)
13:48:54 [C1] safety check passed
13:48:54 [C1] irrigation executed
13:48:54 [C1] CONTROL_RESULT sent to A2
13:48:55 [C1] IRRIGATION command received (command_id=72133f9b0df5, duration=10s, generation=2)
13:48:55 [C1] ACK sent (command_id=72133f9b0df5)
13:48:55 [C1] safety check passed
13:48:55 [C1] irrigation executed
13:48:55 [C1] CONTROL_RESULT sent to A2
13:48:55 [C1] IRRIGATION command received (command_id=885fffbeceb7, duration=10s, generation=2)
13:48:55 [C1] ACK sent (command_id=885fffbeceb7)
13:48:55 [C1] safety check passed
13:48:55 [C1] irrigation executed
13:48:55 [C1] CONTROL_RESULT sent to A2
13:48:56 [C1] IRRIGATION command received (command_id=f1cbefb1997a, duration=10s, generation=2)
13:48:56 [C1] ACK sent (command_id=f1cbefb1997a)
13:48:56 [C1] safety check passed
13:48:56 [C1] irrigation executed
13:48:56 [C1] CONTROL_RESULT sent to A2
13:48:56 [C1] IRRIGATION command received (command_id=68aad08763c5, duration=10s, generation=2)
13:48:56 [C1] ACK sent (command_id=68aad08763c5)
13:48:56 [C1] safety check passed
13:48:56 [C1] irrigation executed
13:48:56 [C1] CONTROL_RESULT sent to A2
13:48:58 [C1] IRRIGATION command received (command_id=917e510024d1, duration=10s, generation=2)
13:48:58 [C1] ACK sent (command_id=917e510024d1)
13:48:58 [C1] safety check passed
13:48:58 [C1] irrigation executed
13:48:58 [C1] CONTROL_RESULT sent to A2
13:48:59 [C1] IRRIGATION command received (command_id=f7a769160098, duration=10s, generation=2)
13:48:59 [C1] ACK sent (command_id=f7a769160098)
13:48:59 [C1] safety check passed
13:48:59 [C1] irrigation executed
13:48:59 [C1] CONTROL_RESULT sent to A2
13:48:59 [C1] IRRIGATION command received (command_id=ce63994500ef, duration=10s, generation=2)
13:48:59 [C1] ACK sent (command_id=ce63994500ef)
13:48:59 [C1] safety check passed
13:48:59 [C1] irrigation executed
13:48:59 [C1] CONTROL_RESULT sent to A2
13:49:00 [C1] IRRIGATION command received (command_id=5de5b885637b, duration=10s, generation=2)
13:49:00 [C1] ACK sent (command_id=5de5b885637b)
13:49:00 [C1] safety check passed
13:49:00 [C1] irrigation executed
13:49:00 [C1] CONTROL_RESULT sent to A2
13:49:01 [C1] IRRIGATION command received (command_id=cb2e9db4c698, duration=10s, generation=2)
13:49:01 [C1] ACK sent (command_id=cb2e9db4c698)
13:49:01 [C1] safety check passed
13:49:01 [C1] irrigation executed
13:49:01 [C1] CONTROL_RESULT sent to A2
