13:48:50 [A2] gateway started on 127.0.0.1:54719 (sensor=B2, controller=C2, peer=A1, generation=1, role=ACTIVE)
13:48:50 [A2] connected to server 127.0.0.1:54714
13:48:50 [A2] offline queue empty
13:48:50 [A2] peer link established with A1
13:48:50 [A2] heartbeat -> A1
13:48:50 [A2] B2 registered (owner=A2, generation=1)
13:48:50 [A2] received SENSOR_DATA from B2
13:48:50 [A2] edge decision = IRRIGATION (soil_moisture 21.9 < 25.0)
13:48:50 [A2] awaiting server durable receipt, SENSOR_DATA queued locally (depth=1)
13:48:50 [A2] awaiting server durable receipt, CONTROL_RESULT queued locally (depth=2)
13:48:50 [A2] offline queue empty
13:48:50 [A2] heartbeat -> A1
13:48:50 [A2] C2 registered (owner=A2, generation=1)
13:48:50 [A2] A1 is online
13:48:50 [A2] heartbeat -> A1
13:48:50 [A2] received SENSOR_DATA from B2
13:48:50 [A2] edge decision = IRRIGATION (soil_moisture 21.9 < 25.0)
13:48:50 [A2] awaiting server durable receipt, SENSOR_DATA queued locally (depth=1)
13:48:50 [A2] command sent to C2 (IRRIGATION 10s, command_id=27d735f341f0, generation=1)
13:48:50 [A2] awaiting server durable receipt, CONTROL_COMMAND queued locally (depth=2)
13:48:50 [A2] ACK received (message_id=27d735f341f0)
13:48:50 [A2] offline queue empty
13:48:50 [A2] heartbeat -> A1
13:48:50 [A2] controller result received (IRRIGATION -> EXECUTED)
13:48:50 [A2] awaiting server durable receipt, CONTROL_RESULT queued locally (depth=1)
13:48:50 [A2] offline queue empty
13:48:50 [A2] heartbeat -> A1
13:48:50 [A2] heartbeat -> A1
13:48:51 [A2] heartbeat -> A1
13:48:51 [A2] heartbeat -> A1
13:48:51 [A2] heartbeat -> A1
13:48:51 [A2] received SENSOR_DATA from B2
13:48:51 [A2] edge decision = IRRIGATION (soil_moisture 21.8 < 25.0)
13:48:51 [A2] awaiting server durable receipt, SENSOR_DATA queued locally (depth=1)
13:48:51 [A2] command sent to C2 (IRRIGATION 10s, command_id=4ced03208fec, generation=1)
13:48:51 [A2] awaiting server durable receipt, CONTROL_COMMAND queued locally (depth=2)
13:48:51 [A2] ACK received (message_id=4ced03208fec)
13:48:51 [A2] offline queue empty
13:48:51 [A2] heartbeat -> A1
13:48:51 [A2] controller result received (IRRIGATION -> EXECUTED)
13:48:51 [A2] awaiting server durable receipt, CONTROL_RESULT queued locally (depth=1)
13:48:51 [A2] offline queue empty
13:48:51 [A2] SERVER_POLICY v1 applied (soil<25.0 -> 10s, temp>32.0 -> 5s)
13:48:51 [A2] edge autonomy intact: policy is advisory, control stays local
13:48:51 [A2] heartbeat -> A1
13:48:51 [A2] heartbeat -> A1
13:48:51 [A2] heartbeat -> A1
13:48:51 [A2] heartbeat -> A1
13:48:51 [A2] received SENSOR_DATA from B2
13:48:51 [A2] edge decision = IRRIGATION (soil_moisture 21.9 < 25.0)
13:48:51 [A2] awaiting server durable receipt, SENSOR_DATA queued locally (depth=1)
13:48:51 [A2] command sent to C2 (IRRIGATION 10s, command_id=b42f5c00e25d, generation=1)
13:48:51 [A2] awaiting server durable receipt, CONTROL_COMMAND queued locally (depth=2)
13:48:51 [A2] heartbeat -> A1
13:48:51 [A2] ACK received (message_id=b42f5c00e25d)
13:48:51 [A2] offline queue empty
13:48:52 [A2] heartbeat -> A1
13:48:52 [A2] controller result received (IRRIGATION -> EXECUTED)
13:48:52 [A2] awaiting server durable receipt, CONTROL_RESULT queued locally (depth=1)
13:48:52 [A2] offline queue empty
13:48:52 [A2] heartbeat -> A1
13:48:52 [A2] heartbeat -> A1
13:48:52 [A2] heartbeat -> A1
13:48:52 [A2] heartbeat -> A1
13:48:52 [A2] heartbeat -> A1
13:48:52 [A2] received SENSOR_DATA from B2
13:48:52 [A2] edge decision = IRRIGATION (soil_moisture 22.0 < 25.0)
13:48:52 [A2] awaiting server durable receipt, SENSOR_DATA queued locally (depth=1)
13:48:52 [A2] command sent to C2 (IRRIGATION 10s, command_id=536b462d3a15, generation=1)
13:48:52 [A2] awaiting server durable receipt, CONTROL_COMMAND queued locally (depth=2)
13:48:52 [A2] ACK received (message_id=536b462d3a15)
13:48:52 [A2] offline queue empty
13:48:52 [A2] heartbeat -> A1
13:48:52 [A2] controller result received (IRRIGATION -> EXECUTED)
13:48:52 [A2] awaiting server durable receipt, CONTROL_RESULT queued locally (depth=1)
13:48:52 [A2] offline queue empty
13:48:52 [A2] heartbeat to A1 failed, reconnecting
13:48:52 [A2] peer link established with A1
13:48:52 [A2] heartbeat -> A1
13:48:52 [A2] FAILOVER A1 -> OFFLINE
13:48:52 [A2] taking ownership of B1
13:48:52 [A2] taking ownership of C1
13:48:52 [A2] ownership generation = 1 -> 2
13:48:52 [A2] heartbeat to A1 failed, reconnecting
13:48:52 [A2] awaiting server durable receipt, ALERT queued locally (depth=1)
13:48:52 [A2] offline queue empty
13:48:52 [A2] C1 registered (owner=A2, generation=2)
13:48:52 [A2] B1 registered (owner=A2, generation=2)
13:48:52 [A2] received SENSOR_DATA from B1
13:48:52 [A2] edge decision = IRRIGATION (soil_moisture 22.1 < 25.0)
13:48:52 [A2] awaiting server durable receipt, SENSOR_DATA queued locally (depth=1)
13:48:52 [A2] command sent to C1 (IRRIGATION 10s, command_id=37f996ab141e, generation=2)
13:48:52 [A2] awaiting server durable receipt, CONTROL_COMMAND queued locally (depth=2)
13:48:52 [A2] ACK received (message_id=37f996ab141e)
13:48:52 [A2] offline queue empty
13:48:53 [A2] peer link established with A1
13:48:53 [A2] heartbeat -> A1
13:48:53 [A2] controller result received (IRRIGATION -> EXECUTED)
13:48:53 [A2] awaiting server durable receipt, CONTROL_RESULT queued locally (depth=1)
13:48:53 [A2] offline queue empty
13:48:53 [A2] heartbeat -> A1
13:48:53 [A2] heartbeat to A1 failed, reconnecting
13:48:53 [A2] peer link established with A1
13:48:53 [A2] heartbeat -> A1
13:48:53 [A2] received SENSOR_DATA from B1
13:48:53 [A2] edge decision = IRRIGATION (soil_moisture 21.9 < 25.0)
13:48:53 [A2] awaiting server durable receipt, SENSOR_DATA queued locally (depth=1)
13:48:53 [A2] command sent to C1 (IRRIGATION 10s, command_id=a7f7a07a0b5b, generation=2)
13:48:53 [A2] awaiting server durable receipt, CONTROL_COMMAND queued locally (depth=2)
13:48:53 [A2] ACK received (message_id=a7f7a07a0b5b)
13:48:53 [A2] offline queue empty
13:48:53 [A2] heartbeat -> A1
13:48:53 [A2] controller result received (IRRIGATION -> EXECUTED)
13:48:53 [A2] awaiting server durable receipt, CONTROL_RESULT queued locally (depth=1)
13:48:53 [A2] offline queue empty
13:48:53 [A2] received SENSOR_DATA from B2
13:48:53 [A2] edge decision = IRRIGATION (soil_moisture 22.3 < 25.0)
13:48:53 [A2] awaiting server durable receipt, SENSOR_DATA queued locally (depth=1)
13:48:53 [A2] command sent to C2 (IRRIGATION 10s, command_id=4365041787b6, generation=2)
13:48:53 [A2] awaiting server durable receipt, CONTROL_COMMAND queued locally (depth=2)
13:48:53 [A2] ACK received (message_id=4365041787b6)
13:48:53 [A2] offline queue empty
13:48:53 [A2] heartbeat to A1 failed, reconnecting
13:48:53 [A2] controller result received (IRRIGATION -> EXECUTED)
13:48:53 [A2] awaiting server durable receipt, CONTROL_RESULT queued locally (depth=1)
13:48:53 [A2] offline queue empty
13:48:53 [A2] peer link established with A1
13:48:53 [A2] heartbeat -> A1
13:48:53 [A2] received SENSOR_DATA from B2
13:48:53 [A2] edge decision = IRRIGATION (soil_moisture 22.2 < 25.0)
13:48:53 [A2] awaiting server durable receipt, SENSOR_DATA queued locally (depth=1)
13:48:53 [A2] command sent to C2 (IRRIGATION 10s, command_id=aafdd9ff208a, generation=2)
13:48:53 [A2] awaiting server durable receipt, CONTROL_COMMAND queued locally (depth=2)
13:48:53 [A2] ACK received (message_id=aafdd9ff208a)
13:48:53 [A2] offline queue empty
13:48:53 [A2] heartbeat -> A1
13:48:53 [A2] controller result received (IRRIGATION -> EXECUTED)
13:48:53 [A2] awaiting server durable receipt, CONTROL_RESULT queued locally (depth=1)
13:48:53 [A2] offline queue empty
13:48:53 [A2] heartbeat to A1 failed, reconnecting
13:48:53 [A2] peer link established with A1
13:48:53 [A2] heartbeat -> A1
13:48:53 [A2] received SENSOR_DATA from B1
13:48:53 [A2] edge decision = IRRIGATION (soil_moisture 21.8 < 25.0)
13:48:53 [A2] awaiting server durable receipt, SENSOR_DATA queued locally (depth=1)
13:48:53 [A2] command sent to C1 (IRRIGATION 10s, command_id=ba3500f2a9a5, generation=2)
13:48:53 [A2] awaiting server durable receipt, CONTROL_COMMAND queued locally (depth=2)
13:48:53 [A2] ACK received (message_id=ba3500f2a9a5)
13:48:53 [A2] offline queue empty
13:48:54 [A2] heartbeat -> A1
13:48:54 [A2] controller result received (IRRIGATION -> EXECUTED)
13:48:54 [A2] awaiting server durable receipt, CONTROL_RESULT queued locally (depth=1)
13:48:54 [A2] offline queue empty
13:48:54 [A2] heartbeat to A1 failed, reconnecting
13:48:54 [A2] peer link established with A1
13:48:54 [A2] heartbeat -> A1
13:48:54 [A2] received SENSOR_DATA from B2
13:48:54 [A2] edge decision = IRRIGATION (soil_moisture 22.0 < 25.0)
13:48:54 [A2] awaiting server durable receipt, SENSOR_DATA queued locally (depth=1)
13:48:54 [A2] command sent to C2 (IRRIGATION 10s, command_id=75982092303a, generation=2)
13:48:54 [A2] awaiting server durable receipt, CONTROL_COMMAND queued locally (depth=2)
13:48:54 [A2] ACK received (message_id=75982092303a)
13:48:54 [A2] offline queue empty
13:48:54 [A2] heartbeat -> A1
13:48:54 [A2] received SENSOR_DATA from B1
13:48:54 [A2] edge decision = IRRIGATION (soil_moisture 21.7 < 25.0)
13:48:54 [A2] awaiting server durable receipt, SENSOR_DATA queued locally (depth=1)
13:48:54 [A2] command sent to C1 (IRRIGATION 10s, command_id=de21bed35270, generation=2)
13:48:54 [A2] awaiting server durable receipt, CONTROL_COMMAND queued locally (depth=2)
13:48:54 [A2] ACK received (message_id=de21bed35270)
13:48:54 [A2] offline queue empty
13:48:54 [A2] controller result received (IRRIGATION -> EXECUTED)
13:48:54 [A2] awaiting server durable receipt, CONTROL_RESULT queued locally (depth=1)
13:48:54 [A2] offline queue empty
13:48:54 [A2] heartbeat to A1 failed, reconnecting
13:48:54 [A2] controller result received (IRRIGATION -> EXECUTED)
13:48:54 [A2] awaiting server durable receipt, CONTROL_RESULT queued locally (depth=1)
13:48:54 [A2] offline queue empty
13:48:54 [A2] peer link established with A1
13:48:54 [A2] heartbeat -> A1
13:48:54 [A2] heartbeat -> A1
13:48:54 [A2] received SENSOR_DATA from B2
13:48:54 [A2] edge decision = IRRIGATION (soil_moisture 22.0 < 25.0)
13:48:54 [A2] awaiting server durable receipt, SENSOR_DATA queued locally (depth=1)
13:48:54 [A2] command sent to C2 (IRRIGATION 10s, command_id=4d2a4f480503, generation=2)
13:48:54 [A2] awaiting server durable receipt, CONTROL_COMMAND queued locally (depth=2)
13:48:54 [A2] ACK received (message_id=4d2a4f480503)
13:48:54 [A2] offline queue empty
13:48:54 [A2] heartbeat to A1 failed, reconnecting
13:48:54 [A2] controller result received (IRRIGATION -> EXECUTED)
13:48:54 [A2] awaiting server durable receipt, CONTROL_RESULT queued locally (depth=1)
13:48:54 [A2] offline queue empty
13:48:54 [A2] peer link established with A1
13:48:54 [A2] heartbeat -> A1
13:48:54 [A2] heartbeat to A1 failed, reconnecting
13:48:55 [A2] peer link established with A1
13:48:55 [A2] heartbeat -> A1
13:48:55 [A2] heartbeat to A1 failed, reconnecting
13:48:55 [A2] received SENSOR_DATA from B1
13:48:55 [A2] edge decision = IRRIGATION (soil_moisture 21.7 < 25.0)
13:48:55 [A2] awaiting server durable receipt, SENSOR_DATA queued locally (depth=1)
13:48:55 [A2] command sent to C1 (IRRIGATION 10s, command_id=72133f9b0df5, generation=2)
13:48:55 [A2] awaiting server durable receipt, CONTROL_COMMAND queued locally (depth=2)
13:48:55 [A2] ACK received (message_id=72133f9b0df5)
13:48:55 [A2] offline queue empty
13:48:55 [A2] peer link established with A1
13:48:55 [A2] heartbeat -> A1
13:48:55 [A2] controller result received (IRRIGATION -> EXECUTED)
13:48:55 [A2] awaiting server durable receipt, CONTROL_RESULT queued locally (depth=1)
13:48:55 [A2] offline queue empty
13:48:55 [A2] heartbeat to A1 failed, reconnecting
13:48:55 [A2] peer link established with A1
13:48:55 [A2] heartbeat -> A1
13:48:55 [A2] heartbeat -> A1
13:48:55 [A2] received SENSOR_DATA from B1
13:48:55 [A2] edge decision = IRRIGATION (soil_moisture 21.7 < 25.0)
13:48:55 [A2] awaiting server durable receipt, SENSOR_DATA queued locally (depth=1)
13:48:55 [A2] command sent to C1 (IRRIGATION 10s, command_id=885fffbeceb7, generation=2)
13:48:55 [A2] awaiting server durable receipt, CONTROL_COMMAND queued locally (depth=2)
13:48:55 [A2] ACK received (message_id=885fffbeceb7)
13:48:55 [A2] offline queue empty
13:48:55 [A2] heartbeat to A1 failed, reconnecting
13:48:55 [A2] controller result received (IRRIGATION -> EXECUTED)
13:48:55 [A2] awaiting server durable receipt, CONTROL_RESULT queued locally (depth=1)
13:48:55 [A2] offline queue empty
13:48:55 [A2] peer link established with A1
13:48:55 [A2] heartbeat -> A1
13:48:55 [A2] heartbeat -> A1
13:48:55 [A2] heartbeat to A1 failed, reconnecting
13:48:56 [A2] received SENSOR_DATA from B1
13:48:56 [A2] edge decision = IRRIGATION (soil_moisture 21.7 < 25.0)
13:48:56 [A2] awaiting server durable receipt, SENSOR_DATA queued locally (depth=1)
13:48:56 [A2] command sent to C1 (IRRIGATION 10s, command_id=f1cbefb1997a, generation=2)
13:48:56 [A2] awaiting server durable receipt, CONTROL_COMMAND queued locally (depth=2)
13:48:56 [A2] ACK received (message_id=f1cbefb1997a)
13:48:56 [A2] offline queue empty
13:48:56 [A2] peer link established with A1
13:48:56 [A2] heartbeat -> A1
13:48:56 [A2] controller result received (IRRIGATION -> EXECUTED)
13:48:56 [A2] awaiting server durable receipt, CONTROL_RESULT queued locally (depth=1)
13:48:56 [A2] offline queue empty
13:48:56 [A2] heartbeat -> A1
13:48:56 [A2] heartbeat to A1 failed, reconnecting
13:48:56 [A2] peer link established with A1
13:48:56 [A2] heartbeat -> A1
13:48:56 [A2] heartbeat to A1 failed, reconnecting
13:48:56 [A2] peer link established with A1
13:48:56 [A2] heartbeat -> A1
13:48:56 [A2] received SENSOR_DATA from B1
13:48:56 [A2] edge decision = IRRIGATION (soil_moisture 21.7 < 25.0)
13:48:56 [A2] awaiting server durable receipt, SENSOR_DATA queued locally (depth=1)
13:48:56 [A2] command sent to C1 (IRRIGATION 10s, command_id=68aad08763c5, generation=2)
13:48:56 [A2] awaiting server durable receipt, CONTROL_COMMAND queued locally (depth=2)
13:48:56 [A2] ACK received (message_id=68aad08763c5)
13:48:56 [A2] offline queue empty
13:48:56 [A2] heartbeat -> A1
13:48:56 [A2] controller result received (IRRIGATION -> EXECUTED)
13:48:56 [A2] awaiting server durable receipt, CONTROL_RESULT queued locally (depth=1)
13:48:56 [A2] offline queue empty
13:48:56 [A2] heartbeat to A1 failed, reconnecting
13:48:56 [A2] peer link established with A1
13:48:56 [A2] heartbeat -> A1
13:48:57 [A2] heartbeat -> A1
13:48:57 [A2] heartbeat to A1 failed, reconnecting
13:48:57 [A2] received SENSOR_DATA from B2
13:48:57 [A2] edge decision = IRRIGATION (soil_moisture 21.9 < 25.0)
13:48:57 [A2] awaiting server durable receipt, SENSOR_DATA queued locally (depth=1)
13:48:57 [A2] command sent to C2 (IRRIGATION 10s, command_id=4c779b799433, generation=2)
13:48:57 [A2] awaiting server durable receipt, CONTROL_COMMAND queued locally (depth=2)
13:48:57 [A2] ACK received (message_id=4c779b799433)
13:48:57 [A2] offline queue empty
13:48:57 [A2] peer link established with A1
13:48:57 [A2] heartbeat -> A1
13:48:57 [A2] controller result received (IRRIGATION -> EXECUTED)
13:48:57 [A2] awaiting server durable receipt, CONTROL_RESULT queued locally (depth=1)
13:48:57 [A2] offline queue empty
13:48:57 [A2] heartbeat to A1 failed, reconnecting
13:48:57 [A2] peer link established with A1
13:48:57 [A2] heartbeat -> A1
13:48:57 [A2] heartbeat -> A1
13:48:57 [A2] heartbeat to A1 failed, reconnecting
13:48:57 [A2] peer link established with A1
13:48:57 [A2] heartbeat -> A1
13:48:57 [A2] heartbeat -> A1
13:48:57 [A2] heartbeat to A1 failed, reconnecting
13:48:57 [A2] received SENSOR_DATA from B2
13:48:57 [A2] edge decision = IRRIGATION (soil_moisture 21.6 < 25.0)
13:48:57 [A2] awaiting server durable receipt, SENSOR_DATA queued locally (depth=1)
13:48:57 [A2] command sent to C2 (IRRIGATION 10s, command_id=2662d0cd4fa4, generation=2)
13:48:57 [A2] awaiting server durable receipt, CONTROL_COMMAND queued locally (depth=2)
13:48:57 [A2] ACK received (message_id=2662d0cd4fa4)
13:48:57 [A2] offline queue empty
13:48:58 [A2] peer link established with A1
13:48:58 [A2] heartbeat -> A1
13:48:58 [A2] received SENSOR_DATA from B1
13:48:58 [A2] edge decision = IRRIGATION (soil_moisture 21.7 < 25.0)
13:48:58 [A2] awaiting server durable receipt, SENSOR_DATA queued locally (depth=1)
13:48:58 [A2] command sent to C1 (IRRIGATION 10s, command_id=917e510024d1, generation=2)
13:48:58 [A2] awaiting server durable receipt, CONTROL_COMMAND queued locally (depth=2)
13:48:58 [A2] ACK received (message_id=917e510024d1)
13:48:58 [A2] offline queue empty
13:48:58 [A2] controller result received (IRRIGATION -> EXECUTED)
13:48:58 [A2] awaiting server durable receipt, CONTROL_RESULT queued locally (depth=1)
13:48:58 [A2] offline queue empty
13:48:58 [A2] heartbeat -> A1
13:48:58 [A2] controller result received (IRRIGATION -> EXECUTED)
13:48:58 [A2] awaiting server durable receipt, CONTROL_RESULT queued locally (depth=1)
13:48:58 [A2] offline queue empty
13:48:58 [A2] heartbeat to A1 failed, reconnecting
13:48:58 [A2] peer link established with A1
13:48:58 [A2] heartbeat -> A1
13:48:58 [A2] heartbeat -> A1
13:48:58 [A2] heartbeat to A1 failed, reconnecting
13:48:58 [A2] peer link established with A1
13:48:58 [A2] heartbeat -> A1
13:48:58 [A2] heartbeat to A1 failed, reconnecting
13:48:58 [A2] received SENSOR_DATA from B2
13:48:58 [A2] edge decision = IRRIGATION (soil_moisture 21.7 < 25.0)
13:48:58 [A2] awaiting server durable receipt, SENSOR_DATA queued locally (depth=1)
13:48:58 [A2] command sent to C2 (IRRIGATION 10s, command_id=75ddf616cc23, generation=2)
13:48:58 [A2] awaiting server durable receipt, CONTROL_COMMAND queued locally (depth=2)
13:48:58 [A2] ACK received (message_id=75ddf616cc23)
13:48:58 [A2] offline queue empty
13:48:58 [A2] peer link established with A1
13:48:58 [A2] heartbeat -> A1
13:48:58 [A2] controller result received (IRRIGATION -> EXECUTED)
13:48:58 [A2] awaiting server durable receipt, CONTROL_RESULT queued locally (depth=1)
13:48:58 [A2] offline queue empty
13:48:58 [A2] heartbeat to A1 failed, reconnecting
13:48:59 [A2] peer link established with A1
13:48:59 [A2] heartbeat -> A1
13:48:59 [A2] heartbeat to A1 failed, reconnecting
13:48:59 [A2] received SENSOR_DATA from B1
13:48:59 [A2] edge decision = IRRIGATION (soil_moisture 21.6 < 25.0)
13:48:59 [A2] awaiting server durable receipt, SENSOR_DATA queued locally (depth=1)
13:48:59 [A2] command sent to C1 (IRRIGATION 10s, command_id=f7a769160098, generation=2)
13:48:59 [A2] awaiting server durable receipt, CONTROL_COMMAND queued locally (depth=2)
13:48:59 [A2] ACK received (message_id=f7a769160098)
13:48:59 [A2] offline queue empty
13:48:59 [A2] peer link established with A1
13:48:59 [A2] heartbeat -> A1
13:48:59 [A2] heartbeat -> A1
13:48:59 [A2] controller result received (IRRIGATION -> EXECUTED)
13:48:59 [A2] awaiting server durable receipt, CONTROL_RESULT queued locally (depth=1)
13:48:59 [A2] offline queue empty
13:48:59 [A2] heartbeat to A1 failed, reconnecting
13:48:59 [A2] peer link established with A1
13:48:59 [A2] heartbeat -> A1
13:48:59 [A2] received SENSOR_DATA from B1
13:48:59 [A2] edge decision = IRRIGATION (soil_moisture 21.6 < 25.0)
13:48:59 [A2] awaiting server durable receipt, SENSOR_DATA queued locally (depth=1)
13:48:59 [A2] command sent to C1 (IRRIGATION 10s, command_id=ce63994500ef, generation=2)
13:48:59 [A2] awaiting server durable receipt, CONTROL_COMMAND queued locally (depth=2)
13:48:59 [A2] ACK received (message_id=ce63994500ef)
13:48:59 [A2] offline queue empty
13:48:59 [A2] heartbeat -> A1
13:48:59 [A2] heartbeat to A1 failed, reconnecting
13:48:59 [A2] controller result received (IRRIGATION -> EXECUTED)
13:48:59 [A2] awaiting server durable receipt, CONTROL_RESULT queued locally (depth=1)
13:48:59 [A2] offline queue empty
13:48:59 [A2] peer link established with A1
13:48:59 [A2] heartbeat -> A1
13:48:59 [A2] heartbeat -> A1
13:49:00 [A2] heartbeat to A1 failed, reconnecting
13:49:00 [A2] peer link established with A1
13:49:00 [A2] heartbeat -> A1
13:49:00 [A2] heartbeat -> A1
13:49:00 [A2] heartbeat to A1 failed, reconnecting
13:49:00 [A2] received SENSOR_DATA from B1
13:49:00 [A2] edge decision = IRRIGATION (soil_moisture 21.9 < 25.0)
13:49:00 [A2] awaiting server durable receipt, SENSOR_DATA queued locally (depth=1)
13:49:00 [A2] command sent to C1 (IRRIGATION 10s, command_id=5de5b885637b, generation=2)
13:49:00 [A2] awaiting server durable receipt, CONTROL_COMMAND queued locally (depth=2)
13:49:00 [A2] ACK received (message_id=5de5b885637b)
13:49:00 [A2] offline queue empty
13:49:00 [A2] peer link established with A1
13:49:00 [A2] heartbeat -> A1
13:49:00 [A2] controller result received (IRRIGATION -> EXECUTED)
13:49:00 [A2] awaiting server durable receipt, CONTROL_RESULT queued locally (depth=1)
13:49:00 [A2] heartbeat -> A1
13:49:00 [A2] offline queue empty
13:49:00 [A2] received SENSOR_DATA from B2
13:49:00 [A2] edge decision = IRRIGATION (soil_moisture 21.6 < 25.0)
13:49:00 [A2] awaiting server durable receipt, SENSOR_DATA queued locally (depth=1)
13:49:00 [A2] command sent to C2 (IRRIGATION 10s, command_id=bd28ef8b6044, generation=2)
13:49:00 [A2] awaiting server durable receipt, CONTROL_COMMAND queued locally (depth=2)
13:49:00 [A2] ACK received (message_id=bd28ef8b6044)
13:49:00 [A2] offline queue empty
13:49:00 [A2] heartbeat to A1 failed, reconnecting
13:49:00 [A2] controller result received (IRRIGATION -> EXECUTED)
13:49:00 [A2] awaiting server durable receipt, CONTROL_RESULT queued locally (depth=1)
13:49:00 [A2] offline queue empty
13:49:00 [A2] peer link established with A1
13:49:00 [A2] heartbeat -> A1
13:49:00 [A2] heartbeat to A1 failed, reconnecting
13:49:00 [A2] peer link established with A1
13:49:00 [A2] heartbeat -> A1
13:49:01 [A2] received SENSOR_DATA from B2
13:49:01 [A2] edge decision = IRRIGATION (soil_moisture 21.7 < 25.0)
13:49:01 [A2] awaiting server durable receipt, SENSOR_DATA queued locally (depth=1)
13:49:01 [A2] command sent to C2 (IRRIGATION 10s, command_id=bd521afa1447, generation=2)
13:49:01 [A2] awaiting server durable receipt, CONTROL_COMMAND queued locally (depth=2)
13:49:01 [A2] ACK received (message_id=bd521afa1447)
13:49:01 [A2] offline queue empty
13:49:01 [A2] heartbeat to A1 failed, reconnecting
13:49:01 [A2] controller result received (IRRIGATION -> EXECUTED)
13:49:01 [A2] awaiting server durable receipt, CONTROL_RESULT queued locally (depth=1)
13:49:01 [A2] offline queue empty
13:49:01 [A2] peer link established with A1
13:49:01 [A2] heartbeat -> A1
13:49:01 [A2] heartbeat -> A1
13:49:01 [A2] heartbeat to A1 failed, reconnecting
13:49:01 [A2] SERVER_POLICY v2 applied (soil<25.0 -> 10s, temp>32.0 -> 5s)
13:49:01 [A2] edge autonomy intact: policy is advisory, control stays local
13:49:01 [A2] peer link established with A1
13:49:01 [A2] heartbeat -> A1
13:49:01 [A2] heartbeat -> A1
13:49:01 [A2] received SENSOR_DATA from B2
13:49:01 [A2] edge decision = IRRIGATION (soil_moisture 21.8 < 25.0)
13:49:01 [A2] awaiting server durable receipt, SENSOR_DATA queued locally (depth=1)
13:49:01 [A2] command sent to C2 (IRRIGATION 10s, command_id=76865fa36f41, generation=2)
13:49:01 [A2] awaiting server durable receipt, CONTROL_COMMAND queued locally (depth=2)
13:49:01 [A2] ACK received (message_id=76865fa36f41)
13:49:01 [A2] offline queue empty
13:49:01 [A2] received SENSOR_DATA from B1
13:49:01 [A2] edge decision = IRRIGATION (soil_moisture 22.0 < 25.0)
13:49:01 [A2] awaiting server durable receipt, SENSOR_DATA queued locally (depth=1)
13:49:01 [A2] command sent to C1 (IRRIGATION 10s, command_id=cb2e9db4c698, generation=2)
13:49:01 [A2] awaiting server durable receipt, CONTROL_COMMAND queued locally (depth=2)
13:49:01 [A2] ACK received (message_id=cb2e9db4c698)
13:49:01 [A2] offline queue empty
13:49:01 [A2] heartbeat to A1 failed, reconnecting
13:49:01 [A2] controller result received (IRRIGATION -> EXECUTED)
13:49:01 [A2] awaiting server durable receipt, CONTROL_RESULT queued locally (depth=1)
13:49:01 [A2] offline queue empty
13:49:01 [A2] controller result received (IRRIGATION -> EXECUTED)
13:49:01 [A2] awaiting server durable receipt, CONTROL_RESULT queued locally (depth=1)
13:49:01 [A2] offline queue empty
13:49:01 [A2] peer link established with A1
13:49:01 [A2] heartbeat -> A1
13:49:01 [A2] heartbeat -> A1
13:49:02 [A2] heartbeat to A1 failed, reconnecting
13:49:02 [A2] received SENSOR_DATA from B2
13:49:02 [A2] edge decision = IRRIGATION (soil_moisture 21.8 < 25.0)
13:49:02 [A2] awaiting server durable receipt, SENSOR_DATA queued locally (depth=1)
13:49:02 [A2] command sent to C2 (IRRIGATION 10s, command_id=e5e5b49a1b10, generation=2)
13:49:02 [A2] awaiting server durable receipt, CONTROL_COMMAND queued locally (depth=2)
13:49:02 [A2] ACK received (message_id=e5e5b49a1b10)
13:49:02 [A2] offline queue empty
13:49:02 [A2] peer link established with A1
13:49:02 [A2] heartbeat -> A1
13:49:02 [A2] controller result received (IRRIGATION -> EXECUTED)
13:49:02 [A2] awaiting server durable receipt, CONTROL_RESULT queued locally (depth=1)
13:49:02 [A2] offline queue empty
13:49:02 [A2] heartbeat -> A1
13:49:02 [A2] heartbeat to A1 failed, reconnecting
13:49:02 [A2] B1 disconnected
13:49:02 [A2] B2 disconnected
13:49:02 [A2] C1 disconnected
13:49:02 [A2] C2 disconnected
