01:32:12 [A2] gateway started on 127.0.0.1:51743 (sensor=B2, controller=C2, peer=A1, generation=1, role=ACTIVE)
01:32:12 [A2] connected to server 127.0.0.1:51738
01:32:12 [A2] peer link established with A1
01:32:12 [A2] heartbeat -> A1
01:32:12 [A2] heartbeat -> A1
01:32:12 [A2] A1 is online
01:32:12 [A2] heartbeat -> A1
01:32:13 [A2] heartbeat -> A1
01:32:13 [A2] heartbeat -> A1
01:32:13 [A2] C2 registered (CONTROLLER, owner=A2, generation=1)
01:32:13 [A2] B2 registered (SENSOR, owner=A2, generation=1)
01:32:13 [A2] received SENSOR_DATA from B2
01:32:13 [A2] edge decision = IRRIGATION (soil_moisture 21.9 < 25.0)
01:32:13 [A2] SENSOR_DATA uploaded to server
01:32:13 [A2] command sent to C2 (IRRIGATION 10s, command_id=5dc9d987dbbc, generation=1)
01:32:13 [A2] CONTROL_COMMAND uploaded to server
01:32:13 [A2] heartbeat -> A1
01:32:13 [A2] ACK received (message_id=5dc9d987dbbc)
01:32:13 [A2] heartbeat -> A1
01:32:13 [A2] controller result received (IRRIGATION -> EXECUTED)
01:32:13 [A2] CONTROL_RESULT uploaded to server
01:32:13 [A2] heartbeat -> A1
01:32:13 [A2] received SENSOR_DATA from B2
01:32:13 [A2] edge decision = IRRIGATION (soil_moisture 21.9 < 25.0)
01:32:13 [A2] SENSOR_DATA uploaded to server
01:32:13 [A2] command sent to C2 (IRRIGATION 10s, command_id=4629c3d1c731, generation=1)
01:32:13 [A2] CONTROL_COMMAND uploaded to server
01:32:13 [A2] ACK received (message_id=4629c3d1c731)
01:32:13 [A2] heartbeat -> A1
01:32:13 [A2] controller result received (IRRIGATION -> EXECUTED)
01:32:13 [A2] CONTROL_RESULT uploaded to server
01:32:13 [A2] heartbeat -> A1
01:32:13 [A2] SERVER_POLICY v1 applied (soil<25.0 -> 10s, temp>32.0 -> 5s)
01:32:13 [A2] edge autonomy intact: policy is advisory, control stays local
01:32:13 [A2] heartbeat -> A1
01:32:13 [A2] heartbeat -> A1
01:32:13 [A2] heartbeat -> A1
01:32:14 [A2] heartbeat -> A1
01:32:14 [A2] received SENSOR_DATA from B2
01:32:14 [A2] edge decision = IRRIGATION (soil_moisture 21.8 < 25.0)
01:32:14 [A2] SENSOR_DATA uploaded to server
01:32:14 [A2] command sent to C2 (IRRIGATION 10s, command_id=32d21ec51fb3, generation=1)
01:32:14 [A2] CONTROL_COMMAND uploaded to server
01:32:14 [A2] ACK received (message_id=32d21ec51fb3)
01:32:14 [A2] heartbeat -> A1
01:32:14 [A2] controller result received (IRRIGATION -> EXECUTED)
01:32:14 [A2] CONTROL_RESULT uploaded to server
01:32:14 [A2] heartbeat -> A1
01:32:14 [A2] heartbeat -> A1
01:32:14 [A2] heartbeat -> A1
01:32:14 [A2] heartbeat -> A1
01:32:14 [A2] heartbeat -> A1
01:32:14 [A2] received SENSOR_DATA from B2
01:32:14 [A2] edge decision = IRRIGATION (soil_moisture 21.9 < 25.0)
01:32:14 [A2] SENSOR_DATA uploaded to server
01:32:14 [A2] command sent to C2 (IRRIGATION 10s, command_id=d64fada10d87, generation=1)
01:32:14 [A2] CONTROL_COMMAND uploaded to server
01:32:14 [A2] ACK received (message_id=d64fada10d87)
01:32:14 [A2] heartbeat -> A1
01:32:14 [A2] controller result received (IRRIGATION -> EXECUTED)
01:32:14 [A2] CONTROL_RESULT uploaded to server
01:32:14 [A2] heartbeat -> A1
01:32:14 [A2] heartbeat -> A1
01:32:15 [A2] heartbeat -> A1
01:32:15 [A2] heartbeat -> A1
01:32:15 [A2] heartbeat -> A1
01:32:15 [A2] received SENSOR_DATA from B2
01:32:15 [A2] edge decision = IRRIGATION (soil_moisture 22.0 < 25.0)
01:32:15 [A2] SENSOR_DATA uploaded to server
01:32:15 [A2] command sent to C2 (IRRIGATION 10s, command_id=6615ecd0e3a2, generation=1)
01:32:15 [A2] CONTROL_COMMAND uploaded to server
01:32:15 [A2] ACK received (message_id=6615ecd0e3a2)
01:32:15 [A2] heartbeat -> A1
01:32:15 [A2] controller result received (IRRIGATION -> EXECUTED)
01:32:15 [A2] CONTROL_RESULT uploaded to server
01:32:15 [A2] heartbeat -> A1
01:32:15 [A2] heartbeat -> A1
01:32:15 [A2] heartbeat -> A1
01:32:15 [A2] heartbeat -> A1
01:32:15 [A2] heartbeat -> A1
01:32:15 [A2] heartbeat -> A1
01:32:16 [A2] heartbeat -> A1
01:32:16 [A2] heartbeat -> A1
01:32:16 [A2] received SENSOR_DATA from B2
01:32:16 [A2] edge decision = IRRIGATION (soil_moisture 22.3 < 25.0)
01:32:16 [A2] SENSOR_DATA uploaded to server
01:32:16 [A2] command sent to C2 (IRRIGATION 10s, command_id=55a33a5ca5b5, generation=1)
01:32:16 [A2] CONTROL_COMMAND uploaded to server
01:32:16 [A2] ACK received (message_id=55a33a5ca5b5)
01:32:16 [A2] heartbeat -> A1
01:32:16 [A2] heartbeat -> A1
01:32:16 [A2] controller result received (IRRIGATION -> EXECUTED)
01:32:16 [A2] CONTROL_RESULT uploaded to server
01:32:16 [A2] received SENSOR_DATA from B2
01:32:16 [A2] edge decision = IRRIGATION (soil_moisture 22.2 < 25.0)
01:32:16 [A2] SENSOR_DATA uploaded to server
01:32:16 [A2] command sent to C2 (IRRIGATION 10s, command_id=a4ff14df5101, generation=1)
01:32:16 [A2] CONTROL_COMMAND uploaded to server
01:32:16 [A2] heartbeat -> A1
01:32:16 [A2] ACK received (message_id=a4ff14df5101)
01:32:16 [A2] heartbeat -> A1
01:32:16 [A2] controller result received (IRRIGATION -> EXECUTED)
01:32:16 [A2] CONTROL_RESULT uploaded to server
01:32:16 [A2] heartbeat -> A1
01:32:16 [A2] heartbeat -> A1
01:32:16 [A2] heartbeat -> A1
01:32:16 [A2] heartbeat -> A1
01:32:17 [A2] received SENSOR_DATA from B2
01:32:17 [A2] edge decision = IRRIGATION (soil_moisture 22.0 < 25.0)
01:32:17 [A2] SENSOR_DATA uploaded to server
01:32:17 [A2] command sent to C2 (IRRIGATION 10s, command_id=edb96b09af07, generation=1)
01:32:17 [A2] CONTROL_COMMAND uploaded to server
01:32:17 [A2] ACK received (message_id=edb96b09af07)
01:32:17 [A2] heartbeat -> A1
01:32:17 [A2] controller result received (IRRIGATION -> EXECUTED)
01:32:17 [A2] CONTROL_RESULT uploaded to server
01:32:17 [A2] heartbeat -> A1
01:32:17 [A2] heartbeat -> A1
01:32:17 [A2] heartbeat -> A1
01:32:17 [A2] received SENSOR_DATA from B2
01:32:17 [A2] edge decision = IRRIGATION (soil_moisture 22.0 < 25.0)
01:32:17 [A2] SENSOR_DATA uploaded to server
01:32:17 [A2] command sent to C2 (IRRIGATION 10s, command_id=544d31e87d52, generation=1)
01:32:17 [A2] CONTROL_COMMAND uploaded to server
01:32:17 [A2] heartbeat -> A1
01:32:17 [A2] ACK received (message_id=544d31e87d52)
01:32:17 [A2] heartbeat -> A1
01:32:17 [A2] controller result received (IRRIGATION -> EXECUTED)
01:32:17 [A2] CONTROL_RESULT uploaded to server
01:32:17 [A2] heartbeat -> A1
01:32:17 [A2] heartbeat -> A1
01:32:17 [A2] heartbeat -> A1
01:32:17 [A2] heartbeat -> A1
01:32:18 [A2] heartbeat -> A1
01:32:18 [A2] heartbeat -> A1
01:32:18 [A2] heartbeat -> A1
01:32:18 [A2] heartbeat -> A1
01:32:18 [A2] heartbeat -> A1
01:32:18 [A2] heartbeat -> A1
01:32:18 [A2] heartbeat -> A1
01:32:18 [A2] heartbeat -> A1
01:32:18 [A2] heartbeat -> A1
01:32:18 [A2] heartbeat -> A1
01:32:19 [A2] heartbeat -> A1
01:32:19 [A2] heartbeat -> A1
01:32:19 [A2] heartbeat -> A1
01:32:19 [A2] heartbeat -> A1
01:32:19 [A2] heartbeat -> A1
01:32:19 [A2] heartbeat -> A1
01:32:19 [A2] heartbeat -> A1
01:32:19 [A2] heartbeat -> A1
01:32:19 [A2] received SENSOR_DATA from B2
01:32:19 [A2] edge decision = IRRIGATION (soil_moisture 21.9 < 25.0)
01:32:19 [A2] SENSOR_DATA uploaded to server
01:32:19 [A2] command sent to C2 (IRRIGATION 10s, command_id=d344f6924bf2, generation=1)
01:32:19 [A2] CONTROL_COMMAND uploaded to server
01:32:19 [A2] ACK received (message_id=d344f6924bf2)
01:32:19 [A2] heartbeat -> A1
01:32:19 [A2] controller result received (IRRIGATION -> EXECUTED)
01:32:19 [A2] CONTROL_RESULT uploaded to server
01:32:20 [A2] heartbeat -> A1
01:32:20 [A2] heartbeat -> A1
01:32:20 [A2] heartbeat -> A1
01:32:20 [A2] heartbeat -> A1
01:32:20 [A2] heartbeat -> A1
01:32:20 [A2] heartbeat -> A1
01:32:20 [A2] heartbeat -> A1
01:32:20 [A2] received SENSOR_DATA from B2
01:32:20 [A2] edge decision = IRRIGATION (soil_moisture 21.6 < 25.0)
01:32:20 [A2] SENSOR_DATA uploaded to server
01:32:20 [A2] command sent to C2 (IRRIGATION 10s, command_id=c001a88300a0, generation=1)
01:32:20 [A2] CONTROL_COMMAND uploaded to server
01:32:20 [A2] ACK received (message_id=c001a88300a0)
01:32:20 [A2] heartbeat -> A1
01:32:20 [A2] controller result received (IRRIGATION -> EXECUTED)
01:32:20 [A2] CONTROL_RESULT uploaded to server
01:32:20 [A2] heartbeat -> A1
01:32:20 [A2] heartbeat -> A1
01:32:21 [A2] heartbeat -> A1
01:32:21 [A2] heartbeat -> A1
01:32:21 [A2] heartbeat -> A1
01:32:21 [A2] heartbeat -> A1
01:32:21 [A2] heartbeat -> A1
01:32:21 [A2] received SENSOR_DATA from B2
01:32:21 [A2] edge decision = IRRIGATION (soil_moisture 21.7 < 25.0)
01:32:21 [A2] SENSOR_DATA uploaded to server
01:32:21 [A2] command sent to C2 (IRRIGATION 10s, command_id=c3ae5b951b93, generation=1)
01:32:21 [A2] CONTROL_COMMAND uploaded to server
01:32:21 [A2] ACK received (message_id=c3ae5b951b93)
01:32:21 [A2] heartbeat -> A1
01:32:21 [A2] controller result received (IRRIGATION -> EXECUTED)
01:32:21 [A2] CONTROL_RESULT uploaded to server
01:32:21 [A2] heartbeat -> A1
01:32:21 [A2] heartbeat -> A1
01:32:21 [A2] heartbeat -> A1
01:32:21 [A2] heartbeat -> A1
01:32:22 [A2] heartbeat -> A1
01:32:22 [A2] heartbeat -> A1
01:32:22 [A2] heartbeat -> A1
01:32:22 [A2] heartbeat -> A1
01:32:22 [A2] heartbeat -> A1
01:32:22 [A2] heartbeat -> A1
01:32:22 [A2] heartbeat -> A1
01:32:22 [A2] heartbeat -> A1
01:32:22 [A2] heartbeat -> A1
01:32:22 [A2] heartbeat -> A1
01:32:23 [A2] heartbeat -> A1
01:32:23 [A2] heartbeat -> A1
01:32:23 [A2] heartbeat -> A1
01:32:23 [A2] received SENSOR_DATA from B2
01:32:23 [A2] edge decision = IRRIGATION (soil_moisture 21.6 < 25.0)
01:32:23 [A2] SENSOR_DATA uploaded to server
01:32:23 [A2] command sent to C2 (IRRIGATION 10s, command_id=a73861427b62, generation=1)
01:32:23 [A2] CONTROL_COMMAND uploaded to server
01:32:23 [A2] ACK received (message_id=a73861427b62)
01:32:23 [A2] heartbeat -> A1
01:32:23 [A2] controller result received (IRRIGATION -> EXECUTED)
01:32:23 [A2] CONTROL_RESULT uploaded to server
01:32:23 [A2] heartbeat -> A1
01:32:23 [A2] heartbeat -> A1
01:32:23 [A2] heartbeat -> A1
01:32:23 [A2] SERVER_POLICY v2 applied (soil<25.0 -> 10s, temp>32.0 -> 5s)
01:32:23 [A2] edge autonomy intact: policy is advisory, control stays local
01:32:23 [A2] received SENSOR_DATA from B2
01:32:23 [A2] edge decision = IRRIGATION (soil_moisture 21.7 < 25.0)
01:32:23 [A2] SENSOR_DATA uploaded to server
01:32:23 [A2] command sent to C2 (IRRIGATION 10s, command_id=75b891ce812d, generation=1)
01:32:23 [A2] CONTROL_COMMAND uploaded to server
01:32:23 [A2] ACK received (message_id=75b891ce812d)
01:32:23 [A2] heartbeat -> A1
01:32:23 [A2] controller result received (IRRIGATION -> EXECUTED)
01:32:23 [A2] CONTROL_RESULT uploaded to server
01:32:23 [A2] heartbeat -> A1
01:32:23 [A2] heartbeat -> A1
01:32:24 [A2] heartbeat -> A1
01:32:24 [A2] heartbeat -> A1
01:32:24 [A2] heartbeat -> A1
01:32:24 [A2] received SENSOR_DATA from B2
01:32:24 [A2] edge decision = IRRIGATION (soil_moisture 21.8 < 25.0)
01:32:24 [A2] SENSOR_DATA uploaded to server
01:32:24 [A2] command sent to C2 (IRRIGATION 10s, command_id=5bb9be50101f, generation=1)
01:32:24 [A2] CONTROL_COMMAND uploaded to server
01:32:24 [A2] ACK received (message_id=5bb9be50101f)
01:32:24 [A2] heartbeat -> A1
01:32:24 [A2] controller result received (IRRIGATION -> EXECUTED)
01:32:24 [A2] CONTROL_RESULT uploaded to server
01:32:24 [A2] heartbeat -> A1
01:32:24 [A2] C2 disconnected
01:32:24 [A2] B2 disconnected
