00:19:44 [C1] connected to gateway A1 (127.0.0.1)
00:19:44 [C1] NODE_REGISTER sent to A1 (attempt 1)
00:19:44 [C1] connected to gateway A2 (127.0.0.1)
00:19:44 [C1] NODE_REGISTER sent to A2 (attempt 1)
00:19:45 [C1] connected to gateway A1 (127.0.0.1)
00:19:45 [C1] NODE_REGISTER sent to A1 (attempt 1)
00:19:45 [C1] registered with A1 (generation=1)
00:19:45 [C1] IRRIGATION command received (command_id=388045cb8756, duration=10s, generation=1)
00:19:45 [C1] ACK sent (command_id=388045cb8756)
00:19:45 [C1] safety check passed
00:19:45 [C1] irrigation executed
00:19:45 [C1] CONTROL_RESULT sent to A1
00:19:45 [C1] IRRIGATION command received (command_id=9d95ef7318f8, duration=10s, generation=1)
00:19:45 [C1] ACK sent (command_id=9d95ef7318f8)
00:19:45 [C1] safety check passed
00:19:45 [C1] irrigation executed
00:19:45 [C1] CONTROL_RESULT sent to A1
00:19:45 [C1] IRRIGATION command received (command_id=60a76bcdb2e0, duration=10s, generation=1)
00:19:45 [C1] ACK sent (command_id=60a76bcdb2e0)
00:19:45 [C1] safety check passed
00:19:46 [C1] irrigation executed
00:19:46 [C1] CONTROL_RESULT sent to A1
00:19:46 [C1] IRRIGATION command received (command_id=b71275f72095, duration=10s, generation=1)
00:19:46 [C1] ACK sent (command_id=b71275f72095)
00:19:46 [C1] safety check passed
00:19:46 [C1] irrigation executed
00:19:46 [C1] CONTROL_RESULT sent to A1
00:19:46 [C1] IRRIGATION command received (command_id=75c460b97b5f, duration=10s, generation=1)
00:19:46 [C1] ACK sent (command_id=75c460b97b5f)
00:19:46 [C1] safety check passed
00:19:46 [C1] irrigation executed
00:19:46 [C1] CONTROL_RESULT sent to A1
00:19:47 [C1] IRRIGATION command received (command_id=323bd9f03436, duration=10s, generation=1)
00:19:47 [C1] ACK sent (command_id=323bd9f03436)
00:19:47 [C1] safety check passed
00:19:47 [C1] irrigation executed
00:19:47 [C1] CONTROL_RESULT sent to A1
00:19:47 [C1] IRRIGATION command received (command_id=543b97bd5353, duration=10s, generation=1)
00:19:47 [C1] ACK sent (command_id=543b97bd5353)
00:19:47 [C1] safety check passed
00:19:47 [C1] irrigation executed
00:19:47 [C1] CONTROL_RESULT sent to A1
00:19:48 [C1] IRRIGATION command received (command_id=daef1223eebe, duration=10s, generation=1)
00:19:48 [C1] ACK sent (command_id=daef1223eebe)
00:19:48 [C1] safety check passed
00:19:48 [C1] irrigation executed
00:19:48 [C1] CONTROL_RESULT sent to A1
00:19:48 [C1] IRRIGATION command received (command_id=1cf0dc357f12, duration=10s, generation=1)
00:19:48 [C1] ACK sent (command_id=1cf0dc357f12)
00:19:48 [C1] safety check passed
00:19:49 [C1] irrigation executed
00:19:49 [C1] CONTROL_RESULT sent to A1
00:19:49 [C1] IRRIGATION command received (command_id=a0d2d605814a, duration=10s, generation=1)
00:19:49 [C1] ACK sent (command_id=a0d2d605814a)
00:19:49 [C1] safety check passed
00:19:49 [C1] irrigation executed
00:19:49 [C1] CONTROL_RESULT sent to A1
00:19:49 [C1] IRRIGATION command received (command_id=38a3d97dbd28, duration=10s, generation=1)
00:19:49 [C1] ACK sent (command_id=38a3d97dbd28)
00:19:49 [C1] safety check passed
00:19:49 [C1] irrigation executed
00:19:49 [C1] CONTROL_RESULT sent to A1
00:19:50 [C1] IRRIGATION command received (command_id=71e083f46c6d, duration=10s, generation=1)
00:19:50 [C1] ACK sent (command_id=71e083f46c6d)
00:19:50 [C1] safety check passed
00:19:50 [C1] irrigation executed
00:19:50 [C1] CONTROL_RESULT sent to A1
00:19:51 [C1] IRRIGATION command received (command_id=0c861d2592d5, duration=10s, generation=1)
00:19:51 [C1] ACK sent (command_id=0c861d2592d5)
00:19:51 [C1] safety check passed
00:19:51 [C1] irrigation executed
00:19:51 [C1] CONTROL_RESULT sent to A1
00:19:53 [C1] IRRIGATION command received (command_id=8bbdfc897fce, duration=10s, generation=1)
00:19:53 [C1] ACK sent (command_id=8bbdfc897fce)
00:19:53 [C1] safety check passed
00:19:53 [C1] irrigation executed
00:19:53 [C1] CONTROL_RESULT sent to A1
00:19:53 [C1] IRRIGATION command received (command_id=5ba3e81b77d5, duration=10s, generation=1)
00:19:53 [C1] ACK sent (command_id=5ba3e81b77d5)
00:19:53 [C1] safety check passed
00:19:53 [C1] irrigation executed
00:19:53 [C1] CONTROL_RESULT sent to A1
00:19:54 [C1] IRRIGATION command received (command_id=eabd77b7ecc9, duration=10s, generation=1)
00:19:54 [C1] ACK sent (command_id=eabd77b7ecc9)
00:19:54 [C1] safety check passed
00:19:54 [C1] irrigation executed
00:19:54 [C1] CONTROL_RESULT sent to A1
00:19:55 [C1] IRRIGATION command received (command_id=7ea6e8c89b21, duration=10s, generation=1)
00:19:55 [C1] ACK sent (command_id=7ea6e8c89b21)
00:19:55 [C1] safety check passed
00:19:55 [C1] irrigation executed
00:19:55 [C1] CONTROL_RESULT sent to A1
00:19:56 [C1] IRRIGATION command received (command_id=2f1dfeb2d1df, duration=10s, generation=1)
00:19:56 [C1] ACK sent (command_id=2f1dfeb2d1df)
00:19:56 [C1] safety check passed
00:19:56 [C1] irrigation executed
00:19:56 [C1] CONTROL_RESULT sent to A1
00:19:56 [C1] IRRIGATION command received (command_id=711d51d24535, duration=10s, generation=1)
00:19:56 [C1] ACK sent (command_id=711d51d24535)
00:19:56 [C1] safety check passed
