00:40:32 [A1] gateway started on 127.0.0.1:51972 (sensor=B1, controller=C1, peer=A2, generation=1, role=ACTIVE)
00:40:32 [A1] connected to server 127.0.0.1:51969
00:40:32 [A1] offline queue empty
00:40:32 [A1] C1 registered (owner=A1, generation=1)
00:40:32 [A1] B1 registered (owner=A1, generation=1)
00:40:32 [A1] received SENSOR_DATA from B1
00:40:32 [A1] edge decision = IRRIGATION (soil_moisture 21.9 < 25.0)
00:40:32 [A1] awaiting server durable receipt, SENSOR_DATA queued locally (depth=1)
00:40:32 [A1] command sent to C1 (IRRIGATION 10s, command_id=07c4bfe207d9, generation=1)
00:40:32 [A1] awaiting server durable receipt, CONTROL_COMMAND queued locally (depth=2)
00:40:32 [A1] peer link established with A2
00:40:32 [A1] A2 is online
00:40:32 [A1] heartbeat -> A2
00:40:32 [A1] ACK timeout for command_id=07c4bfe207d9, retry 1/3
00:40:32 [A1] command sent to C1 (IRRIGATION 10s, command_id=07c4bfe207d9, generation=1)
00:40:32 [A1] awaiting server durable receipt, CONTROL_COMMAND queued locally (depth=2)
00:40:32 [A1] connected to server 127.0.0.1:51969
00:40:32 [A1] ACK received (message_id=07c4bfe207d9)
00:40:32 [A1] offline queue empty
00:40:32 [A1] heartbeat -> A2
00:40:32 [A1] received SENSOR_DATA from B1
00:40:32 [A1] edge decision = IRRIGATION (soil_moisture 22.1 < 25.0)
00:40:32 [A1] awaiting server durable receipt, SENSOR_DATA queued locally (depth=1)
00:40:32 [A1] command sent to C1 (IRRIGATION 10s, command_id=f6d1068072ba, generation=1)
00:40:32 [A1] awaiting server durable receipt, CONTROL_COMMAND queued locally (depth=2)
00:40:32 [A1] offline queue empty
00:40:32 [A1] controller result received (IRRIGATION -> EXECUTED)
00:40:32 [A1] awaiting server durable receipt, CONTROL_RESULT queued locally (depth=1)
00:40:32 [A1] ACK received (message_id=f6d1068072ba)
00:40:32 [A1] offline queue empty
00:40:32 [A1] heartbeat -> A2
00:40:32 [A1] heartbeat -> A2
00:40:32 [A1] controller result received (IRRIGATION -> EXECUTED)
00:40:32 [A1] awaiting server durable receipt, CONTROL_RESULT queued locally (depth=1)
00:40:32 [A1] offline queue empty
00:40:32 [A1] heartbeat -> A2
00:40:32 [A1] heartbeat -> A2
00:40:32 [A1] received SENSOR_DATA from B1
00:40:32 [A1] edge decision = IRRIGATION (soil_moisture 22.0 < 25.0)
00:40:32 [A1] awaiting server durable receipt, SENSOR_DATA queued locally (depth=1)
00:40:32 [A1] command sent to C1 (IRRIGATION 10s, command_id=baf9dbe7d48e, generation=1)
00:40:32 [A1] awaiting server durable receipt, CONTROL_COMMAND queued locally (depth=2)
00:40:32 [A1] ACK received (message_id=baf9dbe7d48e)
00:40:32 [A1] offline queue empty
00:40:32 [A1] heartbeat -> A2
00:40:32 [A1] controller result received (IRRIGATION -> EXECUTED)
00:40:32 [A1] awaiting server durable receipt, CONTROL_RESULT queued locally (depth=1)
00:40:32 [A1] offline queue empty
00:40:33 [A1] heartbeat -> A2
00:40:33 [A1] heartbeat -> A2
00:40:33 [A1] SERVER_POLICY v1 applied (soil<25.0 -> 10s, temp>32.0 -> 5s)
00:40:33 [A1] edge autonomy intact: policy is advisory, control stays local
00:40:33 [A1] heartbeat -> A2
00:40:33 [A1] received SENSOR_DATA from B1
00:40:33 [A1] edge decision = IRRIGATION (soil_moisture 22.1 < 25.0)
00:40:33 [A1] awaiting server durable receipt, SENSOR_DATA queued locally (depth=1)
00:40:33 [A1] command sent to C1 (IRRIGATION 10s, command_id=384b0f0d3565, generation=1)
00:40:33 [A1] awaiting server durable receipt, CONTROL_COMMAND queued locally (depth=2)
00:40:33 [A1] ACK received (message_id=384b0f0d3565)
00:40:33 [A1] offline queue empty
00:40:33 [A1] heartbeat -> A2
00:40:33 [A1] controller result received (IRRIGATION -> EXECUTED)
00:40:33 [A1] awaiting server durable receipt, CONTROL_RESULT queued locally (depth=1)
00:40:33 [A1] offline queue empty
00:40:33 [A1] heartbeat -> A2
00:40:33 [A1] heartbeat -> A2
00:40:33 [A1] received SENSOR_DATA from B1
00:40:33 [A1] edge decision = IRRIGATION (soil_moisture 22.0 < 25.0)
00:40:33 [A1] awaiting server durable receipt, SENSOR_DATA queued locally (depth=1)
00:40:33 [A1] command sent to C1 (IRRIGATION 10s, command_id=3034cb8f5956, generation=1)
00:40:33 [A1] awaiting server durable receipt, CONTROL_COMMAND queued locally (depth=2)
00:40:33 [A1] heartbeat -> A2
00:40:33 [A1] ACK received (message_id=3034cb8f5956)
00:40:33 [A1] offline queue empty
00:40:33 [A1] heartbeat -> A2
00:40:33 [A1] controller result received (IRRIGATION -> EXECUTED)
00:40:33 [A1] awaiting server durable receipt, CONTROL_RESULT queued locally (depth=1)
00:40:33 [A1] offline queue empty
00:40:33 [A1] heartbeat -> A2
00:40:33 [A1] heartbeat -> A2
00:40:34 [A1] received SENSOR_DATA from B1
00:40:34 [A1] edge decision = IRRIGATION (soil_moisture 22.1 < 25.0)
00:40:34 [A1] awaiting server durable receipt, SENSOR_DATA queued locally (depth=1)
00:40:34 [A1] command sent to C1 (IRRIGATION 10s, command_id=7451f41364fe, generation=1)
00:40:34 [A1] awaiting server durable receipt, CONTROL_COMMAND queued locally (depth=2)
00:40:34 [A1] heartbeat -> A2
00:40:34 [A1] ACK received (message_id=7451f41364fe)
00:40:34 [A1] offline queue empty
00:40:34 [A1] heartbeat -> A2
00:40:34 [A1] controller result received (IRRIGATION -> EXECUTED)
00:40:34 [A1] awaiting server durable receipt, CONTROL_RESULT queued locally (depth=1)
00:40:34 [A1] offline queue empty
00:40:34 [A1] heartbeat -> A2
00:40:34 [A1] heartbeat -> A2
00:40:34 [A1] received SENSOR_DATA from B1
00:40:34 [A1] edge decision = IRRIGATION (soil_moisture 21.9 < 25.0)
00:40:34 [A1] awaiting server durable receipt, SENSOR_DATA queued locally (depth=1)
00:40:34 [A1] command sent to C1 (IRRIGATION 10s, command_id=d4e62ea431f7, generation=1)
00:40:34 [A1] awaiting server durable receipt, CONTROL_COMMAND queued locally (depth=2)
00:40:34 [A1] ACK received (message_id=d4e62ea431f7)
00:40:34 [A1] offline queue empty
00:40:34 [A1] heartbeat -> A2
00:40:34 [A1] heartbeat -> A2
00:40:34 [A1] controller result received (IRRIGATION -> EXECUTED)
00:40:34 [A1] awaiting server durable receipt, CONTROL_RESULT queued locally (depth=1)
00:40:34 [A1] offline queue empty
00:40:34 [A1] heartbeat -> A2
00:40:34 [A1] heartbeat -> A2
00:40:34 [A1] heartbeat -> A2
00:40:34 [A1] heartbeat -> A2
00:40:35 [A1] received SENSOR_DATA from B1
00:40:35 [A1] edge decision = IRRIGATION (soil_moisture 21.8 < 25.0)
00:40:35 [A1] awaiting server durable receipt, SENSOR_DATA queued locally (depth=1)
00:40:35 [A1] command sent to C1 (IRRIGATION 10s, command_id=172f17da1856, generation=1)
00:40:35 [A1] awaiting server durable receipt, CONTROL_COMMAND queued locally (depth=2)
00:40:35 [A1] ACK received (message_id=172f17da1856)
00:40:35 [A1] offline queue empty
00:40:35 [A1] heartbeat -> A2
00:40:35 [A1] heartbeat -> A2
00:40:35 [A1] controller result received (IRRIGATION -> EXECUTED)
00:40:35 [A1] awaiting server durable receipt, CONTROL_RESULT queued locally (depth=1)
00:40:35 [A1] offline queue empty
00:40:35 [A1] heartbeat -> A2
00:40:35 [A1] heartbeat -> A2
00:40:35 [A1] received SENSOR_DATA from B1
00:40:35 [A1] edge decision = IRRIGATION (soil_moisture 21.7 < 25.0)
00:40:35 [A1] awaiting server durable receipt, SENSOR_DATA queued locally (depth=1)
00:40:35 [A1] command sent to C1 (IRRIGATION 10s, command_id=3df93748c3e0, generation=1)
00:40:35 [A1] awaiting server durable receipt, CONTROL_COMMAND queued locally (depth=2)
00:40:35 [A1] ACK received (message_id=3df93748c3e0)
00:40:35 [A1] offline queue empty
00:40:35 [A1] heartbeat -> A2
00:40:35 [A1] controller result received (IRRIGATION -> EXECUTED)
00:40:35 [A1] awaiting server durable receipt, CONTROL_RESULT queued locally (depth=1)
00:40:35 [A1] offline queue empty
00:40:35 [A1] heartbeat -> A2
00:40:35 [A1] heartbeat -> A2
00:40:35 [A1] heartbeat -> A2
00:40:35 [A1] heartbeat -> A2
00:40:35 [A1] heartbeat -> A2
00:40:36 [A1] heartbeat -> A2
00:40:36 [A1] heartbeat -> A2
00:40:36 [A1] received SENSOR_DATA from B1
00:40:36 [A1] edge decision = IRRIGATION (soil_moisture 21.7 < 25.0)
00:40:36 [A1] awaiting server durable receipt, SENSOR_DATA queued locally (depth=1)
00:40:36 [A1] command sent to C1 (IRRIGATION 10s, command_id=ef716af9ed6d, generation=1)
00:40:36 [A1] awaiting server durable receipt, CONTROL_COMMAND queued locally (depth=2)
00:40:36 [A1] ACK received (message_id=ef716af9ed6d)
00:40:36 [A1] offline queue empty
00:40:36 [A1] heartbeat -> A2
00:40:36 [A1] controller result received (IRRIGATION -> EXECUTED)
00:40:36 [A1] awaiting server durable receipt, CONTROL_RESULT queued locally (depth=1)
00:40:36 [A1] offline queue empty
00:40:36 [A1] heartbeat -> A2
00:40:36 [A1] heartbeat -> A2
00:40:36 [A1] heartbeat -> A2
00:40:36 [A1] received SENSOR_DATA from B1
00:40:36 [A1] edge decision = IRRIGATION (soil_moisture 21.7 < 25.0)
00:40:36 [A1] awaiting server durable receipt, SENSOR_DATA queued locally (depth=1)
00:40:36 [A1] command sent to C1 (IRRIGATION 10s, command_id=07f21b7a7183, generation=1)
00:40:36 [A1] awaiting server durable receipt, CONTROL_COMMAND queued locally (depth=2)
00:40:36 [A1] ACK received (message_id=07f21b7a7183)
00:40:36 [A1] offline queue empty
00:40:36 [A1] heartbeat -> A2
00:40:36 [A1] controller result received (IRRIGATION -> EXECUTED)
00:40:36 [A1] awaiting server durable receipt, CONTROL_RESULT queued locally (depth=1)
00:40:36 [A1] offline queue empty
00:40:36 [A1] heartbeat -> A2
00:40:36 [A1] heartbeat -> A2
00:40:37 [A1] heartbeat -> A2
00:40:37 [A1] received SENSOR_DATA from B1
00:40:37 [A1] edge decision = IRRIGATION (soil_moisture 21.7 < 25.0)
00:40:37 [A1] awaiting server durable receipt, SENSOR_DATA queued locally (depth=1)
00:40:37 [A1] command sent to C1 (IRRIGATION 10s, command_id=3a8df04f29df, generation=1)
00:40:37 [A1] awaiting server durable receipt, CONTROL_COMMAND queued locally (depth=2)
00:40:37 [A1] ACK received (message_id=3a8df04f29df)
00:40:37 [A1] offline queue empty
00:40:37 [A1] heartbeat -> A2
00:40:37 [A1] controller result received (IRRIGATION -> EXECUTED)
00:40:37 [A1] awaiting server durable receipt, CONTROL_RESULT queued locally (depth=1)
00:40:37 [A1] offline queue empty
00:40:37 [A1] heartbeat -> A2
00:40:37 [A1] heartbeat -> A2
00:40:37 [A1] heartbeat -> A2
00:40:37 [A1] heartbeat -> A2
00:40:37 [A1] heartbeat -> A2
00:40:37 [A1] received SENSOR_DATA from B1
00:40:37 [A1] edge decision = IRRIGATION (soil_moisture 21.7 < 25.0)
00:40:37 [A1] awaiting server durable receipt, SENSOR_DATA queued locally (depth=1)
00:40:37 [A1] command sent to C1 (IRRIGATION 10s, command_id=064dac496bf5, generation=1)
00:40:37 [A1] awaiting server durable receipt, CONTROL_COMMAND queued locally (depth=2)
00:40:37 [A1] ACK received (message_id=064dac496bf5)
00:40:37 [A1] offline queue empty
00:40:37 [A1] heartbeat -> A2
00:40:37 [A1] controller result received (IRRIGATION -> EXECUTED)
00:40:37 [A1] awaiting server durable receipt, CONTROL_RESULT queued locally (depth=1)
00:40:37 [A1] offline queue empty
00:40:37 [A1] heartbeat -> A2
00:40:37 [A1] heartbeat -> A2
00:40:38 [A1] heartbeat -> A2
00:40:38 [A1] heartbeat -> A2
00:40:38 [A1] heartbeat -> A2
00:40:38 [A1] heartbeat -> A2
00:40:38 [A1] heartbeat -> A2
00:40:38 [A1] heartbeat -> A2
00:40:38 [A1] heartbeat -> A2
00:40:38 [A1] heartbeat -> A2
00:40:38 [A1] heartbeat -> A2
00:40:38 [A1] heartbeat -> A2
00:40:39 [A1] heartbeat -> A2
00:40:39 [A1] received SENSOR_DATA from B1
00:40:39 [A1] edge decision = IRRIGATION (soil_moisture 21.7 < 25.0)
00:40:39 [A1] awaiting server durable receipt, SENSOR_DATA queued locally (depth=1)
00:40:39 [A1] command sent to C1 (IRRIGATION 10s, command_id=af8e05079de7, generation=1)
00:40:39 [A1] awaiting server durable receipt, CONTROL_COMMAND queued locally (depth=2)
00:40:39 [A1] ACK received (message_id=af8e05079de7)
00:40:39 [A1] offline queue empty
00:40:39 [A1] heartbeat -> A2
00:40:39 [A1] controller result received (IRRIGATION -> EXECUTED)
00:40:39 [A1] awaiting server durable receipt, CONTROL_RESULT queued locally (depth=1)
00:40:39 [A1] offline queue empty
00:40:39 [A1] heartbeat -> A2
00:40:39 [A1] heartbeat -> A2
00:40:39 [A1] heartbeat -> A2
00:40:39 [A1] heartbeat -> A2
00:40:39 [A1] heartbeat -> A2
00:40:39 [A1] heartbeat -> A2
00:40:39 [A1] heartbeat -> A2
00:40:39 [A1] heartbeat -> A2
00:40:40 [A1] heartbeat -> A2
00:40:40 [A1] heartbeat -> A2
00:40:40 [A1] heartbeat -> A2
00:40:40 [A1] received SENSOR_DATA from B1
00:40:40 [A1] edge decision = IRRIGATION (soil_moisture 21.6 < 25.0)
00:40:40 [A1] awaiting server durable receipt, SENSOR_DATA queued locally (depth=1)
00:40:40 [A1] command sent to C1 (IRRIGATION 10s, command_id=babdc0b38d38, generation=1)
00:40:40 [A1] awaiting server durable receipt, CONTROL_COMMAND queued locally (depth=2)
00:40:40 [A1] ACK received (message_id=babdc0b38d38)
00:40:40 [A1] offline queue empty
00:40:40 [A1] heartbeat -> A2
00:40:40 [A1] controller result received (IRRIGATION -> EXECUTED)
00:40:40 [A1] awaiting server durable receipt, CONTROL_RESULT queued locally (depth=1)
00:40:40 [A1] offline queue empty
00:40:40 [A1] heartbeat -> A2
00:40:40 [A1] heartbeat -> A2
00:40:40 [A1] heartbeat -> A2
00:40:40 [A1] received SENSOR_DATA from B1
00:40:40 [A1] edge decision = IRRIGATION (soil_moisture 21.6 < 25.0)
00:40:40 [A1] awaiting server durable receipt, SENSOR_DATA queued locally (depth=1)
00:40:40 [A1] command sent to C1 (IRRIGATION 10s, command_id=ca53757d06f6, generation=1)
00:40:40 [A1] awaiting server durable receipt, CONTROL_COMMAND queued locally (depth=2)
00:40:40 [A1] ACK received (message_id=ca53757d06f6)
00:40:40 [A1] offline queue empty
00:40:40 [A1] heartbeat -> A2
00:40:40 [A1] controller result received (IRRIGATION -> EXECUTED)
00:40:40 [A1] awaiting server durable receipt, CONTROL_RESULT queued locally (depth=1)
00:40:40 [A1] offline queue empty
00:40:40 [A1] heartbeat -> A2
00:40:40 [A1] heartbeat -> A2
00:40:41 [A1] heartbeat -> A2
00:40:41 [A1] heartbeat -> A2
00:40:41 [A1] heartbeat -> A2
00:40:41 [A1] heartbeat -> A2
00:40:41 [A1] heartbeat -> A2
00:40:41 [A1] received SENSOR_DATA from B1
00:40:41 [A1] edge decision = IRRIGATION (soil_moisture 21.9 < 25.0)
00:40:41 [A1] awaiting server durable receipt, SENSOR_DATA queued locally (depth=1)
00:40:41 [A1] command sent to C1 (IRRIGATION 10s, command_id=0be6bccaf5e4, generation=1)
00:40:41 [A1] awaiting server durable receipt, CONTROL_COMMAND queued locally (depth=2)
00:40:41 [A1] ACK received (message_id=0be6bccaf5e4)
00:40:41 [A1] offline queue empty
00:40:41 [A1] heartbeat -> A2
00:40:41 [A1] controller result received (IRRIGATION -> EXECUTED)
00:40:41 [A1] awaiting server durable receipt, CONTROL_RESULT queued locally (depth=1)
00:40:41 [A1] offline queue empty
00:40:41 [A1] heartbeat -> A2
00:40:41 [A1] heartbeat -> A2
00:40:41 [A1] heartbeat -> A2
00:40:42 [A1] heartbeat -> A2
00:40:42 [A1] heartbeat -> A2
00:40:42 [A1] heartbeat -> A2
00:40:42 [A1] heartbeat -> A2
00:40:42 [A1] heartbeat -> A2
00:40:42 [A1] heartbeat -> A2
00:40:42 [A1] heartbeat -> A2
00:40:42 [A1] heartbeat -> A2
00:40:42 [A1] received SENSOR_DATA from B1
00:40:42 [A1] edge decision = IRRIGATION (soil_moisture 22.0 < 25.0)
00:40:42 [A1] awaiting server durable receipt, SENSOR_DATA queued locally (depth=1)
00:40:42 [A1] command sent to C1 (IRRIGATION 10s, command_id=0d561dc58405, generation=1)
00:40:42 [A1] awaiting server durable receipt, CONTROL_COMMAND queued locally (depth=2)
00:40:42 [A1] ACK received (message_id=0d561dc58405)
00:40:42 [A1] offline queue empty
00:40:42 [A1] heartbeat -> A2
00:40:42 [A1] controller result received (IRRIGATION -> EXECUTED)
00:40:42 [A1] awaiting server durable receipt, CONTROL_RESULT queued locally (depth=1)
00:40:42 [A1] offline queue empty
00:40:42 [A1] heartbeat -> A2
00:40:43 [A1] heartbeat -> A2
00:40:43 [A1] heartbeat -> A2
00:40:43 [A1] SERVER_POLICY v2 applied (soil<25.0 -> 10s, temp>32.0 -> 5s)
00:40:43 [A1] edge autonomy intact: policy is advisory, control stays local
00:40:43 [A1] heartbeat -> A2
00:40:43 [A1] heartbeat -> A2
00:40:43 [A1] heartbeat -> A2
00:40:43 [A1] heartbeat -> A2
00:40:43 [A1] received SENSOR_DATA from B1
00:40:43 [A1] edge decision = IRRIGATION (soil_moisture 22.1 < 25.0)
00:40:43 [A1] awaiting server durable receipt, SENSOR_DATA queued locally (depth=1)
00:40:43 [A1] command sent to C1 (IRRIGATION 10s, command_id=5b0364dde566, generation=1)
00:40:43 [A1] awaiting server durable receipt, CONTROL_COMMAND queued locally (depth=2)
00:40:43 [A1] ACK received (message_id=5b0364dde566)
00:40:43 [A1] offline queue empty
00:40:43 [A1] heartbeat -> A2
00:40:43 [A1] controller result received (IRRIGATION -> EXECUTED)
00:40:43 [A1] awaiting server durable receipt, CONTROL_RESULT queued locally (depth=1)
00:40:43 [A1] offline queue empty
00:40:43 [A1] heartbeat -> A2
00:40:43 [A1] heartbeat -> A2
00:40:43 [A1] heartbeat -> A2
00:40:43 [A1] received SENSOR_DATA from B1
00:40:43 [A1] edge decision = IRRIGATION (soil_moisture 21.9 < 25.0)
00:40:43 [A1] awaiting server durable receipt, SENSOR_DATA queued locally (depth=1)
00:40:43 [A1] command sent to C1 (IRRIGATION 10s, command_id=9e5202d3a276, generation=1)
00:40:43 [A1] awaiting server durable receipt, CONTROL_COMMAND queued locally (depth=2)
00:40:43 [A1] ACK received (message_id=9e5202d3a276)
00:40:43 [A1] offline queue empty
00:40:44 [A1] heartbeat -> A2
00:40:44 [A1] controller result received (IRRIGATION -> EXECUTED)
00:40:44 [A1] awaiting server durable receipt, CONTROL_RESULT queued locally (depth=1)
00:40:44 [A1] offline queue empty
00:40:44 [A1] C1 disconnected
00:40:44 [A1] B1 disconnected
