00:20:08 [C1] connected to gateway A1 (127.0.0.1)
00:20:08 [C1] NODE_REGISTER sent to A1 (attempt 1)
00:20:08 [C1] connected to gateway A2 (127.0.0.1)
00:20:08 [C1] NODE_REGISTER sent to A2 (attempt 1)
00:20:09 [C1] connected to gateway A1 (127.0.0.1)
00:20:09 [C1] NODE_REGISTER sent to A1 (attempt 1)
00:20:09 [C1] registered with A1 (generation=1)
00:20:09 [C1] IRRIGATION command received (command_id=24678a1eb6f9, duration=10s, generation=1)
00:20:09 [C1] ACK sent (command_id=24678a1eb6f9)
00:20:09 [C1] IRRIGATION command rejected: EXPIRED
00:20:09 [C1] CONTROL_RESULT sent to A1
00:20:09 [C1] IRRIGATION command received (command_id=9d2dfe301d25, duration=10s, generation=1)
00:20:09 [C1] ACK sent (command_id=9d2dfe301d25)
00:20:09 [C1] IRRIGATION command rejected: EXPIRED
00:20:09 [C1] CONTROL_RESULT sent to A1
00:20:09 [C1] IRRIGATION command received (command_id=9e95f275c7e9, duration=10s, generation=1)
00:20:09 [C1] ACK sent (command_id=9e95f275c7e9)
00:20:09 [C1] IRRIGATION command rejected: EXPIRED
00:20:09 [C1] CONTROL_RESULT sent to A1
00:20:10 [C1] IRRIGATION command received (command_id=96c42bdc3073, duration=10s, generation=1)
00:20:10 [C1] ACK sent (command_id=96c42bdc3073)
00:20:10 [C1] IRRIGATION command rejected: EXPIRED
00:20:10 [C1] CONTROL_RESULT sent to A1
00:20:10 [C1] IRRIGATION command received (command_id=dc9e0bb838e7, duration=10s, generation=1)
00:20:10 [C1] ACK sent (command_id=dc9e0bb838e7)
00:20:10 [C1] IRRIGATION command rejected: EXPIRED
00:20:10 [C1] CONTROL_RESULT sent to A1
00:20:11 [C1] IRRIGATION command received (command_id=f44ea2a91540, duration=10s, generation=1)
00:20:11 [C1] ACK sent (command_id=f44ea2a91540)
00:20:11 [C1] IRRIGATION command rejected: EXPIRED
00:20:11 [C1] CONTROL_RESULT sent to A1
00:20:11 [C1] IRRIGATION command received (command_id=d6d774c2bdd1, duration=10s, generation=1)
00:20:11 [C1] ACK sent (command_id=d6d774c2bdd1)
00:20:11 [C1] IRRIGATION command rejected: EXPIRED
00:20:11 [C1] CONTROL_RESULT sent to A1
00:20:12 [C1] IRRIGATION command received (command_id=b8de5204726d, duration=10s, generation=1)
00:20:12 [C1] ACK sent (command_id=b8de5204726d)
00:20:12 [C1] IRRIGATION command rejected: EXPIRED
00:20:12 [C1] CONTROL_RESULT sent to A1
00:20:12 [C1] IRRIGATION command received (command_id=ce837043a951, duration=10s, generation=1)
00:20:12 [C1] ACK sent (command_id=ce837043a951)
00:20:12 [C1] IRRIGATION command rejected: EXPIRED
00:20:12 [C1] CONTROL_RESULT sent to A1
00:20:13 [C1] IRRIGATION command received (command_id=fce3416dc55e, duration=10s, generation=1)
00:20:13 [C1] ACK sent (command_id=fce3416dc55e)
00:20:13 [C1] IRRIGATION command rejected: EXPIRED
00:20:13 [C1] CONTROL_RESULT sent to A1
00:20:13 [C1] IRRIGATION command received (command_id=1797fe995b35, duration=10s, generation=1)
00:20:13 [C1] ACK sent (command_id=1797fe995b35)
00:20:13 [C1] IRRIGATION command rejected: EXPIRED
00:20:13 [C1] CONTROL_RESULT sent to A1
00:20:14 [C1] IRRIGATION command received (command_id=abf9ab5ad68a, duration=10s, generation=1)
00:20:14 [C1] ACK sent (command_id=abf9ab5ad68a)
00:20:14 [C1] IRRIGATION command rejected: EXPIRED
00:20:14 [C1] CONTROL_RESULT sent to A1
00:20:15 [C1] IRRIGATION command received (command_id=938eac57129e, duration=10s, generation=1)
00:20:15 [C1] ACK sent (command_id=938eac57129e)
00:20:15 [C1] IRRIGATION command rejected: EXPIRED
00:20:15 [C1] CONTROL_RESULT sent to A1
00:20:16 [C1] IRRIGATION command received (command_id=9153935614e7, duration=10s, generation=1)
00:20:16 [C1] ACK sent (command_id=9153935614e7)
00:20:16 [C1] IRRIGATION command rejected: EXPIRED
00:20:16 [C1] CONTROL_RESULT sent to A1
00:20:17 [C1] IRRIGATION command received (command_id=53160ea684f8, duration=10s, generation=1)
00:20:17 [C1] ACK sent (command_id=53160ea684f8)
00:20:17 [C1] IRRIGATION command rejected: EXPIRED
00:20:17 [C1] CONTROL_RESULT sent to A1
00:20:18 [C1] IRRIGATION command received (command_id=d8f1f0cf96b7, duration=10s, generation=1)
00:20:18 [C1] ACK sent (command_id=d8f1f0cf96b7)
00:20:18 [C1] IRRIGATION command rejected: EXPIRED
00:20:18 [C1] CONTROL_RESULT sent to A1
00:20:19 [C1] IRRIGATION command received (command_id=8e85879f03eb, duration=10s, generation=1)
00:20:19 [C1] ACK sent (command_id=8e85879f03eb)
00:20:19 [C1] IRRIGATION command rejected: EXPIRED
00:20:19 [C1] CONTROL_RESULT sent to A1
00:20:20 [C1] IRRIGATION command received (command_id=1450184d4df4, duration=10s, generation=1)
00:20:20 [C1] ACK sent (command_id=1450184d4df4)
00:20:20 [C1] IRRIGATION command rejected: EXPIRED
00:20:20 [C1] CONTROL_RESULT sent to A1
00:20:20 [C1] IRRIGATION command received (command_id=04e51e275441, duration=10s, generation=1)
00:20:20 [C1] ACK sent (command_id=04e51e275441)
00:20:20 [C1] IRRIGATION command rejected: EXPIRED
00:20:20 [C1] CONTROL_RESULT sent to A1
