01:29:44 [A2] gateway started on 127.0.0.1:51077 (sensor=B2, controller=C2, peer=A1, generation=1, role=ACTIVE)
01:29:44 [A2] connected to server 127.0.0.1:51072
01:29:44 [A2] peer link established with A1
01:29:44 [A2] heartbeat -> A1
01:29:44 [A2] B2 registered (SENSOR, owner=A2, generation=1)
01:29:44 [A2] received SENSOR_DATA from B2
01:29:44 [A2] edge decision = IRRIGATION (soil_moisture 21.9 < 25.0)
01:29:44 [A2] SENSOR_DATA uploaded to server
01:29:44 [A2] C2 not connected, IRRIGATION command 1300d4da33f7 not delivered
01:29:44 [A2] C2 registered (CONTROLLER, owner=A2, generation=1)
01:29:44 [A2] A1 is online
01:29:44 [A2] heartbeat to A1 failed, reconnecting
01:29:44 [A2] peer link established with A1
01:29:44 [A2] heartbeat -> A1
01:29:44 [A2] received SENSOR_DATA from B2
01:29:44 [A2] edge decision = IRRIGATION (soil_moisture 21.9 < 25.0)
01:29:44 [A2] SENSOR_DATA uploaded to server
01:29:44 [A2] command sent to C2 (IRRIGATION 10s, command_id=31b39fb9e1db, generation=1)
01:29:44 [A2] CONTROL_COMMAND uploaded to server
01:29:44 [A2] ACK received (message_id=31b39fb9e1db)
01:29:44 [A2] heartbeat -> A1
01:29:44 [A2] controller result received (IRRIGATION -> EXECUTED)
01:29:44 [A2] CONTROL_RESULT uploaded to server
01:29:44 [A2] heartbeat -> A1
01:29:44 [A2] heartbeat -> A1
01:29:44 [A2] heartbeat -> A1
01:29:45 [A2] heartbeat -> A1
01:29:45 [A2] heartbeat -> A1
01:29:45 [A2] received SENSOR_DATA from B2
01:29:45 [A2] edge decision = IRRIGATION (soil_moisture 21.8 < 25.0)
01:29:45 [A2] SENSOR_DATA uploaded to server
01:29:45 [A2] command sent to C2 (IRRIGATION 10s, command_id=b0d57207acf0, generation=1)
01:29:45 [A2] CONTROL_COMMAND uploaded to server
01:29:45 [A2] ACK received (message_id=b0d57207acf0)
01:29:45 [A2] controller result received (IRRIGATION -> REJECTED, reason=COOLDOWN)
01:29:45 [A2] CONTROL_RESULT uploaded to server
01:29:45 [A2] heartbeat -> A1
01:29:45 [A2] SERVER_POLICY v1 applied (soil<25.0 -> 10s, temp>32.0 -> 5s)
01:29:45 [A2] edge autonomy intact: policy is advisory, control stays local
01:29:45 [A2] heartbeat -> A1
01:29:45 [A2] heartbeat -> A1
01:29:45 [A2] heartbeat -> A1
01:29:45 [A2] heartbeat -> A1
01:29:45 [A2] heartbeat -> A1
01:29:45 [A2] received SENSOR_DATA from B2
01:29:45 [A2] edge decision = IRRIGATION (soil_moisture 21.9 < 25.0)
01:29:45 [A2] SENSOR_DATA uploaded to server
01:29:45 [A2] command sent to C2 (IRRIGATION 10s, command_id=1a7d5a0a1611, generation=1)
01:29:45 [A2] CONTROL_COMMAND uploaded to server
01:29:45 [A2] ACK received (message_id=1a7d5a0a1611)
01:29:45 [A2] controller result received (IRRIGATION -> REJECTED, reason=COOLDOWN)
01:29:45 [A2] CONTROL_RESULT uploaded to server
01:29:45 [A2] heartbeat -> A1
01:29:45 [A2] heartbeat -> A1
01:29:46 [A2] heartbeat -> A1
01:29:46 [A2] heartbeat -> A1
01:29:46 [A2] heartbeat -> A1
01:29:46 [A2] received SENSOR_DATA from B2
01:29:46 [A2] edge decision = IRRIGATION (soil_moisture 22.0 < 25.0)
01:29:46 [A2] server unavailable, SENSOR_DATA queued locally (depth=1)
01:29:46 [A2] command sent to C2 (IRRIGATION 10s, command_id=e9a1dbe2e56d, generation=1)
01:29:46 [A2] heartbeat -> A1
01:29:46 [A2] server unavailable, CONTROL_COMMAND queued locally (depth=2)
01:29:46 [A2] ACK received (message_id=e9a1dbe2e56d)
01:29:46 [A2] controller result received (IRRIGATION -> REJECTED, reason=COOLDOWN)
01:29:46 [A2] server unavailable, CONTROL_RESULT queued locally (depth=3)
01:29:46 [A2] heartbeat -> A1
01:29:46 [A2] heartbeat -> A1
01:29:46 [A2] heartbeat -> A1
01:29:46 [A2] heartbeat -> A1
01:29:46 [A2] heartbeat -> A1
01:29:47 [A2] heartbeat -> A1
01:29:47 [A2] heartbeat -> A1
01:29:47 [A2] heartbeat -> A1
01:29:47 [A2] heartbeat -> A1
01:29:47 [A2] received SENSOR_DATA from B2
01:29:47 [A2] edge decision = IRRIGATION (soil_moisture 22.3 < 25.0)
01:29:47 [A2] server unavailable, SENSOR_DATA queued locally (depth=4)
01:29:47 [A2] command sent to C2 (IRRIGATION 10s, command_id=384d441c3a1b, generation=1)
01:29:47 [A2] server unavailable, CONTROL_COMMAND queued locally (depth=5)
01:29:47 [A2] ACK received (message_id=384d441c3a1b)
01:29:47 [A2] controller result received (IRRIGATION -> REJECTED, reason=COOLDOWN)
01:29:47 [A2] server unavailable, CONTROL_RESULT queued locally (depth=6)
01:29:47 [A2] heartbeat -> A1
01:29:47 [A2] heartbeat -> A1
01:29:47 [A2] received SENSOR_DATA from B2
01:29:47 [A2] edge decision = IRRIGATION (soil_moisture 22.2 < 25.0)
01:29:47 [A2] server unavailable, SENSOR_DATA queued locally (depth=7)
01:29:47 [A2] command sent to C2 (IRRIGATION 10s, command_id=363230eba1e6, generation=1)
01:29:47 [A2] server unavailable, CONTROL_COMMAND queued locally (depth=8)
01:29:47 [A2] ACK received (message_id=363230eba1e6)
01:29:47 [A2] controller result received (IRRIGATION -> REJECTED, reason=COOLDOWN)
01:29:47 [A2] server unavailable, CONTROL_RESULT queued locally (depth=9)
01:29:47 [A2] heartbeat -> A1
01:29:47 [A2] heartbeat -> A1
01:29:47 [A2] heartbeat -> A1
01:29:47 [A2] heartbeat -> A1
01:29:48 [A2] heartbeat -> A1
01:29:48 [A2] heartbeat -> A1
01:29:48 [A2] received SENSOR_DATA from B2
01:29:48 [A2] edge decision = IRRIGATION (soil_moisture 22.0 < 25.0)
01:29:48 [A2] server unavailable, SENSOR_DATA queued locally (depth=10)
01:29:48 [A2] command sent to C2 (IRRIGATION 10s, command_id=8354533f6934, generation=1)
01:29:48 [A2] connected to server 127.0.0.1:51072
01:29:48 [A2] flushing offline queue (10 messages, oldest first)
01:29:48 [A2] offline queue empty
01:29:48 [A2] CONTROL_COMMAND uploaded to server
01:29:48 [A2] ACK received (message_id=8354533f6934)
01:29:48 [A2] controller result received (IRRIGATION -> REJECTED, reason=COOLDOWN)
01:29:48 [A2] CONTROL_RESULT uploaded to server
01:29:48 [A2] heartbeat -> A1
01:29:48 [A2] heartbeat -> A1
01:29:48 [A2] heartbeat -> A1
01:29:48 [A2] heartbeat -> A1
01:29:48 [A2] received SENSOR_DATA from B2
01:29:48 [A2] edge decision = IRRIGATION (soil_moisture 22.0 < 25.0)
01:29:48 [A2] SENSOR_DATA uploaded to server
01:29:48 [A2] command sent to C2 (IRRIGATION 10s, command_id=6812797b5f20, generation=1)
01:29:48 [A2] CONTROL_COMMAND uploaded to server
01:29:48 [A2] ACK received (message_id=6812797b5f20)
01:29:48 [A2] controller result received (IRRIGATION -> REJECTED, reason=COOLDOWN)
01:29:48 [A2] CONTROL_RESULT uploaded to server
01:29:48 [A2] heartbeat -> A1
01:29:48 [A2] heartbeat -> A1
01:29:48 [A2] heartbeat -> A1
01:29:48 [A2] heartbeat -> A1
01:29:49 [A2] heartbeat -> A1
01:29:49 [A2] heartbeat -> A1
01:29:49 [A2] heartbeat -> A1
01:29:49 [A2] heartbeat -> A1
01:29:49 [A2] heartbeat -> A1
01:29:49 [A2] heartbeat -> A1
01:29:49 [A2] heartbeat -> A1
01:29:49 [A2] heartbeat -> A1
01:29:49 [A2] heartbeat -> A1
01:29:49 [A2] heartbeat -> A1
01:29:50 [A2] heartbeat -> A1
01:29:50 [A2] heartbeat -> A1
01:29:50 [A2] heartbeat -> A1
01:29:50 [A2] heartbeat -> A1
01:29:50 [A2] heartbeat -> A1
01:29:50 [A2] heartbeat -> A1
01:29:50 [A2] heartbeat -> A1
01:29:50 [A2] heartbeat -> A1
01:29:50 [A2] heartbeat -> A1
01:29:50 [A2] heartbeat -> A1
01:29:51 [A2] received SENSOR_DATA from B2
01:29:51 [A2] edge decision = IRRIGATION (soil_moisture 21.9 < 25.0)
01:29:51 [A2] SENSOR_DATA uploaded to server
01:29:51 [A2] command sent to C2 (IRRIGATION 10s, command_id=c515952402fb, generation=1)
01:29:51 [A2] CONTROL_COMMAND uploaded to server
01:29:51 [A2] ACK received (message_id=c515952402fb)
01:29:51 [A2] controller result received (IRRIGATION -> REJECTED, reason=COOLDOWN)
01:29:51 [A2] CONTROL_RESULT uploaded to server
01:29:51 [A2] heartbeat -> A1
01:29:51 [A2] heartbeat -> A1
01:29:51 [A2] heartbeat -> A1
01:29:51 [A2] heartbeat -> A1
01:29:51 [A2] heartbeat -> A1
01:29:51 [A2] heartbeat -> A1
01:29:51 [A2] heartbeat -> A1
01:29:51 [A2] heartbeat -> A1
01:29:51 [A2] received SENSOR_DATA from B2
01:29:51 [A2] edge decision = IRRIGATION (soil_moisture 21.6 < 25.0)
01:29:51 [A2] SENSOR_DATA uploaded to server
01:29:51 [A2] command sent to C2 (IRRIGATION 10s, command_id=015131b123ea, generation=1)
01:29:51 [A2] CONTROL_COMMAND uploaded to server
01:29:51 [A2] ACK received (message_id=015131b123ea)
01:29:51 [A2] controller result received (IRRIGATION -> REJECTED, reason=COOLDOWN)
01:29:51 [A2] CONTROL_RESULT uploaded to server
01:29:51 [A2] heartbeat -> A1
01:29:51 [A2] heartbeat -> A1
01:29:52 [A2] heartbeat -> A1
01:29:52 [A2] heartbeat -> A1
01:29:52 [A2] heartbeat -> A1
01:29:52 [A2] heartbeat -> A1
01:29:52 [A2] heartbeat -> A1
01:29:52 [A2] heartbeat -> A1
01:29:52 [A2] received SENSOR_DATA from B2
01:29:52 [A2] edge decision = IRRIGATION (soil_moisture 21.7 < 25.0)
01:29:52 [A2] SENSOR_DATA uploaded to server
01:29:52 [A2] command sent to C2 (IRRIGATION 10s, command_id=6100095f4d91, generation=1)
01:29:52 [A2] CONTROL_COMMAND uploaded to server
01:29:52 [A2] ACK received (message_id=6100095f4d91)
01:29:52 [A2] controller result received (IRRIGATION -> REJECTED, reason=COOLDOWN)
01:29:52 [A2] CONTROL_RESULT uploaded to server
01:29:52 [A2] heartbeat -> A1
01:29:52 [A2] heartbeat -> A1
01:29:52 [A2] heartbeat -> A1
01:29:53 [A2] heartbeat -> A1
01:29:53 [A2] heartbeat -> A1
01:29:53 [A2] heartbeat -> A1
01:29:53 [A2] heartbeat -> A1
01:29:53 [A2] heartbeat -> A1
01:29:53 [A2] heartbeat -> A1
01:29:53 [A2] heartbeat -> A1
01:29:53 [A2] heartbeat -> A1
01:29:53 [A2] heartbeat -> A1
01:29:53 [A2] heartbeat -> A1
01:29:54 [A2] heartbeat -> A1
01:29:54 [A2] heartbeat -> A1
01:29:54 [A2] heartbeat -> A1
01:29:54 [A2] heartbeat -> A1
01:29:54 [A2] heartbeat -> A1
01:29:54 [A2] received SENSOR_DATA from B2
01:29:54 [A2] edge decision = IRRIGATION (soil_moisture 21.6 < 25.0)
01:29:54 [A2] SENSOR_DATA uploaded to server
01:29:54 [A2] command sent to C2 (IRRIGATION 10s, command_id=a3196db46f25, generation=1)
01:29:54 [A2] CONTROL_COMMAND uploaded to server
01:29:54 [A2] ACK received (message_id=a3196db46f25)
01:29:54 [A2] controller result received (IRRIGATION -> REJECTED, reason=COOLDOWN)
01:29:54 [A2] CONTROL_RESULT uploaded to server
01:29:54 [A2] heartbeat -> A1
01:29:54 [A2] heartbeat -> A1
01:29:54 [A2] heartbeat -> A1
01:29:54 [A2] heartbeat -> A1
01:29:54 [A2] received SENSOR_DATA from B2
01:29:54 [A2] edge decision = IRRIGATION (soil_moisture 21.7 < 25.0)
01:29:54 [A2] SENSOR_DATA uploaded to server
01:29:54 [A2] command sent to C2 (IRRIGATION 10s, command_id=899437e056fd, generation=1)
01:29:54 [A2] CONTROL_COMMAND uploaded to server
01:29:54 [A2] ACK received (message_id=899437e056fd)
01:29:54 [A2] controller result received (IRRIGATION -> REJECTED, reason=COOLDOWN)
01:29:54 [A2] CONTROL_RESULT uploaded to server
01:29:54 [A2] heartbeat -> A1
01:29:55 [A2] heartbeat -> A1
01:29:55 [A2] heartbeat -> A1
01:29:55 [A2] heartbeat -> A1
01:29:55 [A2] SERVER_POLICY v2 applied (soil<25.0 -> 10s, temp>32.0 -> 5s)
01:29:55 [A2] edge autonomy intact: policy is advisory, control stays local
01:29:55 [A2] heartbeat -> A1
01:29:55 [A2] heartbeat -> A1
01:29:55 [A2] received SENSOR_DATA from B2
01:29:55 [A2] edge decision = IRRIGATION (soil_moisture 21.8 < 25.0)
01:29:55 [A2] SENSOR_DATA uploaded to server
01:29:55 [A2] command sent to C2 (IRRIGATION 10s, command_id=2d0773727202, generation=1)
01:29:55 [A2] CONTROL_COMMAND uploaded to server
01:29:55 [A2] ACK received (message_id=2d0773727202)
01:29:55 [A2] controller result received (IRRIGATION -> REJECTED, reason=COOLDOWN)
01:29:55 [A2] CONTROL_RESULT uploaded to server
01:29:55 [A2] heartbeat -> A1
01:29:55 [A2] heartbeat -> A1
01:29:55 [A2] heartbeat -> A1
01:29:55 [A2] heartbeat -> A1
01:29:55 [A2] received SENSOR_DATA from B2
01:29:55 [A2] edge decision = IRRIGATION (soil_moisture 21.8 < 25.0)
01:29:55 [A2] SENSOR_DATA uploaded to server
01:29:55 [A2] command sent to C2 (IRRIGATION 10s, command_id=d69233d990b8, generation=1)
01:29:55 [A2] CONTROL_COMMAND uploaded to server
01:29:55 [A2] ACK received (message_id=d69233d990b8)
01:29:55 [A2] controller result received (IRRIGATION -> REJECTED, reason=COOLDOWN)
01:29:55 [A2] CONTROL_RESULT uploaded to server
01:29:55 [A2] heartbeat -> A1
01:29:56 [A2] heartbeat -> A1
01:29:56 [A2] heartbeat -> A1
01:29:56 [A2] B2 disconnected
01:29:56 [A2] C2 disconnected
