12:18:19 [C1] connected to gateway A1 (127.0.0.1)
12:18:19 [C1] NODE_REGISTER sent to A1 (attempt 1)
12:18:19 [C1] connected to gateway A2 (127.0.0.1)
12:18:19 [C1] NODE_REGISTER sent to A2 (attempt 1)
12:18:19 [C1] connected to gateway A1 (127.0.0.1)
12:18:19 [C1] NODE_REGISTER sent to A1 (attempt 1)
12:18:19 [C1] registered with A1 (generation=1)
12:18:19 [C1] IRRIGATION command received (command_id=f0d03ef09a71, duration=10s, generation=1)
12:18:19 [C1] ACK sent (command_id=f0d03ef09a71)
12:18:19 [C1] safety check passed
12:18:19 [C1] irrigation executed
12:18:19 [C1] CONTROL_RESULT sent to A1
12:18:19 [C1] IRRIGATION command received (command_id=8567271b9a9f, duration=10s, generation=1)
12:18:19 [C1] ACK sent (command_id=8567271b9a9f)
12:18:19 [C1] safety check passed
12:18:19 [C1] irrigation executed
12:18:19 [C1] CONTROL_RESULT sent to A1
12:18:20 [C1] IRRIGATION command received (command_id=505b3bb942c8, duration=10s, generation=1)
12:18:20 [C1] ACK sent (command_id=505b3bb942c8)
12:18:20 [C1] safety check passed
12:18:20 [C1] irrigation executed
12:18:20 [C1] CONTROL_RESULT sent to A1
12:18:20 [C1] IRRIGATION command received (command_id=0d705411b76f, duration=10s, generation=1)
12:18:20 [C1] ACK sent (command_id=0d705411b76f)
12:18:20 [C1] safety check passed
12:18:20 [C1] irrigation executed
12:18:20 [C1] CONTROL_RESULT sent to A1
12:18:20 [C1] IRRIGATION command received (command_id=acc897e91593, duration=10s, generation=1)
12:18:20 [C1] ACK sent (command_id=acc897e91593)
12:18:20 [C1] safety check passed
12:18:20 [C1] irrigation executed
12:18:20 [C1] CONTROL_RESULT sent to A1
12:18:21 [C1] IRRIGATION command received (command_id=1d92e6c011aa, duration=10s, generation=1)
12:18:21 [C1] ACK sent (command_id=1d92e6c011aa)
12:18:21 [C1] safety check passed
12:18:21 [C1] irrigation executed
12:18:21 [C1] CONTROL_RESULT sent to A1
12:18:21 [C1] IRRIGATION command received (command_id=f15ee5e280bb, duration=10s, generation=1)
12:18:21 [C1] ACK sent (command_id=f15ee5e280bb)
12:18:21 [C1] safety check passed
12:18:21 [C1] irrigation executed
12:18:21 [C1] CONTROL_RESULT sent to A1
12:18:22 [C1] IRRIGATION command received (command_id=97412e24ea2b, duration=10s, generation=1)
12:18:22 [C1] ACK sent (command_id=97412e24ea2b)
12:18:22 [C1] safety check passed
12:18:22 [C1] irrigation executed
12:18:22 [C1] CONTROL_RESULT sent to A1
12:18:22 [C1] IRRIGATION command received (command_id=6da8d9bbbe26, duration=10s, generation=1)
12:18:22 [C1] ACK sent (command_id=6da8d9bbbe26)
12:18:22 [C1] safety check passed
12:18:22 [C1] irrigation executed
12:18:22 [C1] CONTROL_RESULT sent to A1
12:18:23 [C1] IRRIGATION command received (command_id=4328f567feca, duration=10s, generation=1)
12:18:23 [C1] ACK sent (command_id=4328f567feca)
12:18:23 [C1] safety check passed
12:18:23 [C1] irrigation executed
12:18:23 [C1] CONTROL_RESULT sent to A1
12:18:23 [C1] IRRIGATION command received (command_id=1076e47edcb2, duration=10s, generation=1)
12:18:23 [C1] ACK sent (command_id=1076e47edcb2)
12:18:23 [C1] safety check passed
12:18:23 [C1] irrigation executed
12:18:23 [C1] CONTROL_RESULT sent to A1
12:18:24 [C1] IRRIGATION command received (command_id=a1c0f176bb0a, duration=10s, generation=1)
12:18:24 [C1] ACK sent (command_id=a1c0f176bb0a)
12:18:24 [C1] safety check passed
12:18:24 [C1] irrigation executed
12:18:24 [C1] CONTROL_RESULT sent to A1
12:18:24 [C1] IRRIGATION command received (command_id=487ca6ce363c, duration=10s, generation=1)
12:18:24 [C1] ACK sent (command_id=487ca6ce363c)
12:18:24 [C1] safety check passed
12:18:24 [C1] irrigation executed
12:18:24 [C1] CONTROL_RESULT sent to A1
12:18:26 [C1] IRRIGATION command received (command_id=646172ac35da, duration=10s, generation=1)
12:18:26 [C1] ACK sent (command_id=646172ac35da)
12:18:26 [C1] safety check passed
12:18:26 [C1] irrigation executed
12:18:26 [C1] CONTROL_RESULT sent to A1
12:18:27 [C1] IRRIGATION command received (command_id=a0c1b43ef2c1, duration=10s, generation=1)
12:18:27 [C1] ACK sent (command_id=a0c1b43ef2c1)
12:18:27 [C1] safety check passed
12:18:27 [C1] irrigation executed
12:18:27 [C1] CONTROL_RESULT sent to A1
12:18:27 [C1] IRRIGATION command received (command_id=76063aee719a, duration=10s, generation=1)
12:18:27 [C1] ACK sent (command_id=76063aee719a)
12:18:27 [C1] safety check passed
12:18:28 [C1] irrigation executed
12:18:28 [C1] CONTROL_RESULT sent to A1
12:18:28 [C1] IRRIGATION command received (command_id=d60535acd010, duration=10s, generation=1)
12:18:28 [C1] ACK sent (command_id=d60535acd010)
12:18:28 [C1] safety check passed
12:18:28 [C1] irrigation executed
12:18:28 [C1] CONTROL_RESULT sent to A1
12:18:29 [C1] IRRIGATION command received (command_id=952ace3ec8b1, duration=10s, generation=1)
12:18:29 [C1] ACK sent (command_id=952ace3ec8b1)
12:18:29 [C1] safety check passed
12:18:30 [C1] irrigation executed
12:18:30 [C1] CONTROL_RESULT sent to A1
12:18:30 [C1] IRRIGATION command received (command_id=1c2f5e1b75f7, duration=10s, generation=1)
12:18:30 [C1] ACK sent (command_id=1c2f5e1b75f7)
12:18:30 [C1] safety check passed
12:18:30 [C1] irrigation executed
12:18:30 [C1] CONTROL_RESULT sent to A1
