12:18:19 [A1] gateway started on 127.0.0.1:64819 (sensor=B1, controller=C1, peer=A2, generation=1, role=ACTIVE)
12:18:19 [A1] connected to server 127.0.0.1:64816
12:18:19 [A1] offline queue empty
12:18:19 [A1] peer link established with A2
12:18:19 [A1] heartbeat -> A2
12:18:19 [A1] A2 is online
12:18:19 [A1] heartbeat to A2 failed, reconnecting
12:18:19 [A1] C1 registered (owner=A1, generation=1)
12:18:19 [A1] B1 registered (owner=A1, generation=1)
12:18:19 [A1] peer link established with A2
12:18:19 [A1] heartbeat -> A2
12:18:19 [A1] received SENSOR_DATA from B1
12:18:19 [A1] edge decision = IRRIGATION (soil_moisture 21.9 < 25.0)
12:18:19 [A1] awaiting server durable receipt, SENSOR_DATA queued locally (depth=1)
12:18:19 [A1] command sent to C1 (IRRIGATION 10s, command_id=f0d03ef09a71, generation=1)
12:18:19 [A1] offline queue empty
12:18:19 [A1] awaiting server durable receipt, CONTROL_COMMAND queued locally (depth=1)
12:18:19 [A1] offline queue empty
12:18:19 [A1] heartbeat -> A2
12:18:19 [A1] ACK timeout for command_id=f0d03ef09a71, retry 1/3
12:18:19 [A1] command sent to C1 (IRRIGATION 10s, command_id=f0d03ef09a71, generation=1)
12:18:19 [A1] awaiting server durable receipt, CONTROL_COMMAND queued locally (depth=1)
12:18:19 [A1] ACK received (message_id=f0d03ef09a71)
12:18:19 [A1] offline queue empty
12:18:19 [A1] heartbeat -> A2
12:18:19 [A1] received SENSOR_DATA from B1
12:18:19 [A1] edge decision = IRRIGATION (soil_moisture 22.1 < 25.0)
12:18:19 [A1] awaiting server durable receipt, SENSOR_DATA queued locally (depth=1)
12:18:19 [A1] command sent to C1 (IRRIGATION 10s, command_id=8567271b9a9f, generation=1)
12:18:19 [A1] offline queue empty
12:18:19 [A1] awaiting server durable receipt, CONTROL_COMMAND queued locally (depth=1)
12:18:19 [A1] offline queue empty
12:18:19 [A1] controller result received (IRRIGATION -> EXECUTED)
12:18:19 [A1] awaiting server durable receipt, CONTROL_RESULT queued locally (depth=1)
12:18:19 [A1] ACK received (message_id=8567271b9a9f)
12:18:19 [A1] offline queue empty
12:18:19 [A1] heartbeat -> A2
12:18:19 [A1] controller result received (IRRIGATION -> EXECUTED)
12:18:19 [A1] awaiting server durable receipt, CONTROL_RESULT queued locally (depth=1)
12:18:19 [A1] offline queue empty
12:18:19 [A1] heartbeat -> A2
12:18:19 [A1] heartbeat -> A2
12:18:20 [A1] heartbeat -> A2
12:18:20 [A1] received SENSOR_DATA from B1
12:18:20 [A1] edge decision = IRRIGATION (soil_moisture 22.0 < 25.0)
12:18:20 [A1] awaiting server durable receipt, SENSOR_DATA queued locally (depth=1)
12:18:20 [A1] command sent to C1 (IRRIGATION 10s, command_id=505b3bb942c8, generation=1)
12:18:20 [A1] ACK received (message_id=505b3bb942c8)
12:18:20 [A1] offline queue empty
12:18:20 [A1] awaiting server durable receipt, CONTROL_COMMAND queued locally (depth=1)
12:18:20 [A1] offline queue empty
12:18:20 [A1] heartbeat -> A2
12:18:20 [A1] controller result received (IRRIGATION -> EXECUTED)
12:18:20 [A1] awaiting server durable receipt, CONTROL_RESULT queued locally (depth=1)
12:18:20 [A1] offline queue empty
12:18:20 [A1] SERVER_POLICY v1 applied (soil<25.0 -> 10s, temp>32.0 -> 5s)
12:18:20 [A1] edge autonomy intact: policy is advisory, control stays local
12:18:20 [A1] heartbeat -> A2
12:18:20 [A1] heartbeat -> A2
12:18:20 [A1] heartbeat -> A2
12:18:20 [A1] received SENSOR_DATA from B1
12:18:20 [A1] edge decision = IRRIGATION (soil_moisture 22.1 < 25.0)
12:18:20 [A1] awaiting server durable receipt, SENSOR_DATA queued locally (depth=1)
12:18:20 [A1] command sent to C1 (IRRIGATION 10s, command_id=0d705411b76f, generation=1)
12:18:20 [A1] ACK received (message_id=0d705411b76f)
12:18:20 [A1] offline queue empty
12:18:20 [A1] awaiting server durable receipt, CONTROL_COMMAND queued locally (depth=1)
12:18:20 [A1] offline queue empty
12:18:20 [A1] heartbeat -> A2
12:18:20 [A1] controller result received (IRRIGATION -> EXECUTED)
12:18:20 [A1] awaiting server durable receipt, CONTROL_RESULT queued locally (depth=1)
12:18:20 [A1] offline queue empty
12:18:20 [A1] heartbeat -> A2
12:18:20 [A1] heartbeat -> A2
12:18:20 [A1] heartbeat -> A2
12:18:20 [A1] received SENSOR_DATA from B1
12:18:20 [A1] edge decision = IRRIGATION (soil_moisture 22.0 < 25.0)
12:18:20 [A1] awaiting server durable receipt, SENSOR_DATA queued locally (depth=1)
12:18:20 [A1] command sent to C1 (IRRIGATION 10s, command_id=acc897e91593, generation=1)
12:18:20 [A1] ACK received (message_id=acc897e91593)
12:18:20 [A1] offline queue empty
12:18:20 [A1] awaiting server durable receipt, CONTROL_COMMAND queued locally (depth=1)
12:18:20 [A1] offline queue empty
12:18:20 [A1] heartbeat -> A2
12:18:20 [A1] controller result received (IRRIGATION -> EXECUTED)
12:18:20 [A1] awaiting server durable receipt, CONTROL_RESULT queued locally (depth=1)
12:18:20 [A1] offline queue empty
12:18:21 [A1] heartbeat -> A2
12:18:21 [A1] heartbeat -> A2
12:18:21 [A1] received SENSOR_DATA from B1
12:18:21 [A1] edge decision = IRRIGATION (soil_moisture 22.1 < 25.0)
12:18:21 [A1] awaiting server durable receipt, SENSOR_DATA queued locally (depth=1)
12:18:21 [A1] command sent to C1 (IRRIGATION 10s, command_id=1d92e6c011aa, generation=1)
12:18:21 [A1] heartbeat -> A2
12:18:21 [A1] ACK received (message_id=1d92e6c011aa)
12:18:21 [A1] offline queue empty
12:18:21 [A1] awaiting server durable receipt, CONTROL_COMMAND queued locally (depth=1)
12:18:21 [A1] offline queue empty
12:18:21 [A1] heartbeat -> A2
12:18:21 [A1] controller result received (IRRIGATION -> EXECUTED)
12:18:21 [A1] awaiting server durable receipt, CONTROL_RESULT queued locally (depth=1)
12:18:21 [A1] offline queue empty
12:18:21 [A1] heartbeat -> A2
12:18:21 [A1] heartbeat -> A2
12:18:21 [A1] received SENSOR_DATA from B1
12:18:21 [A1] edge decision = IRRIGATION (soil_moisture 21.9 < 25.0)
12:18:21 [A1] awaiting server durable receipt, SENSOR_DATA queued locally (depth=1)
12:18:21 [A1] command sent to C1 (IRRIGATION 10s, command_id=f15ee5e280bb, generation=1)
12:18:21 [A1] heartbeat -> A2
12:18:21 [A1] offline queue empty
12:18:21 [A1] awaiting server durable receipt, CONTROL_COMMAND queued locally (depth=1)
12:18:21 [A1] ACK received (message_id=f15ee5e280bb)
12:18:21 [A1] offline queue empty
12:18:21 [A1] heartbeat -> A2
12:18:21 [A1] controller result received (IRRIGATION -> EXECUTED)
12:18:21 [A1] awaiting server durable receipt, CONTROL_RESULT queued locally (depth=1)
12:18:21 [A1] offline queue empty
12:18:21 [A1] heartbeat -> A2
12:18:21 [A1] heartbeat -> A2
12:18:22 [A1] heartbeat -> A2
12:18:22 [A1] heartbeat -> A2
12:18:22 [A1] received SENSOR_DATA from B1
12:18:22 [A1] edge decision = IRRIGATION (soil_moisture 21.8 < 25.0)
12:18:22 [A1] awaiting server durable receipt, SENSOR_DATA queued locally (depth=1)
12:18:22 [A1] command sent to C1 (IRRIGATION 10s, command_id=97412e24ea2b, generation=1)
12:18:22 [A1] heartbeat -> A2
12:18:22 [A1] ACK received (message_id=97412e24ea2b)
12:18:22 [A1] offline queue empty
12:18:22 [A1] awaiting server durable receipt, CONTROL_COMMAND queued locally (depth=1)
12:18:22 [A1] offline queue empty
12:18:22 [A1] heartbeat -> A2
12:18:22 [A1] controller result received (IRRIGATION -> EXECUTED)
12:18:22 [A1] awaiting server durable receipt, CONTROL_RESULT queued locally (depth=1)
12:18:22 [A1] offline queue empty
12:18:22 [A1] heartbeat -> A2
12:18:22 [A1] heartbeat -> A2
12:18:22 [A1] heartbeat -> A2
12:18:22 [A1] received SENSOR_DATA from B1
12:18:22 [A1] edge decision = IRRIGATION (soil_moisture 21.7 < 25.0)
12:18:22 [A1] awaiting server durable receipt, SENSOR_DATA queued locally (depth=1)
12:18:22 [A1] command sent to C1 (IRRIGATION 10s, command_id=6da8d9bbbe26, generation=1)
12:18:22 [A1] ACK received (message_id=6da8d9bbbe26)
12:18:22 [A1] offline queue empty
12:18:22 [A1] awaiting server durable receipt, CONTROL_COMMAND queued locally (depth=1)
12:18:22 [A1] offline queue empty
12:18:22 [A1] heartbeat -> A2
12:18:22 [A1] controller result received (IRRIGATION -> EXECUTED)
12:18:22 [A1] awaiting server durable receipt, CONTROL_RESULT queued locally (depth=1)
12:18:22 [A1] offline queue empty
12:18:22 [A1] heartbeat -> A2
12:18:22 [A1] heartbeat -> A2
12:18:23 [A1] heartbeat -> A2
12:18:23 [A1] heartbeat -> A2
12:18:23 [A1] heartbeat -> A2
12:18:23 [A1] heartbeat -> A2
12:18:23 [A1] received SENSOR_DATA from B1
12:18:23 [A1] edge decision = IRRIGATION (soil_moisture 21.7 < 25.0)
12:18:23 [A1] awaiting server durable receipt, SENSOR_DATA queued locally (depth=1)
12:18:23 [A1] command sent to C1 (IRRIGATION 10s, command_id=4328f567feca, generation=1)
12:18:23 [A1] heartbeat -> A2
12:18:23 [A1] ACK received (message_id=4328f567feca)
12:18:23 [A1] offline queue empty
12:18:23 [A1] awaiting server durable receipt, CONTROL_COMMAND queued locally (depth=1)
12:18:23 [A1] offline queue empty
12:18:23 [A1] heartbeat -> A2
12:18:23 [A1] controller result received (IRRIGATION -> EXECUTED)
12:18:23 [A1] awaiting server durable receipt, CONTROL_RESULT queued locally (depth=1)
12:18:23 [A1] offline queue empty
12:18:23 [A1] heartbeat -> A2
12:18:23 [A1] heartbeat -> A2
12:18:23 [A1] received SENSOR_DATA from B1
12:18:23 [A1] edge decision = IRRIGATION (soil_moisture 21.7 < 25.0)
12:18:23 [A1] awaiting server durable receipt, SENSOR_DATA queued locally (depth=1)
12:18:23 [A1] command sent to C1 (IRRIGATION 10s, command_id=1076e47edcb2, generation=1)
12:18:23 [A1] heartbeat -> A2
12:18:23 [A1] ACK received (message_id=1076e47edcb2)
12:18:23 [A1] offline queue empty
12:18:23 [A1] awaiting server durable receipt, CONTROL_COMMAND queued locally (depth=1)
12:18:23 [A1] offline queue empty
12:18:23 [A1] heartbeat -> A2
12:18:23 [A1] controller result received (IRRIGATION -> EXECUTED)
12:18:23 [A1] awaiting server durable receipt, CONTROL_RESULT queued locally (depth=1)
12:18:23 [A1] offline queue empty
12:18:24 [A1] heartbeat -> A2
12:18:24 [A1] heartbeat -> A2
12:18:24 [A1] received SENSOR_DATA from B1
12:18:24 [A1] edge decision = IRRIGATION (soil_moisture 21.7 < 25.0)
12:18:24 [A1] awaiting server durable receipt, SENSOR_DATA queued locally (depth=1)
12:18:24 [A1] command sent to C1 (IRRIGATION 10s, command_id=a1c0f176bb0a, generation=1)
12:18:24 [A1] ACK received (message_id=a1c0f176bb0a)
12:18:24 [A1] heartbeat -> A2
12:18:24 [A1] offline queue empty
12:18:24 [A1] awaiting server durable receipt, CONTROL_COMMAND queued locally (depth=1)
12:18:24 [A1] offline queue empty
12:18:24 [A1] heartbeat -> A2
12:18:24 [A1] controller result received (IRRIGATION -> EXECUTED)
12:18:24 [A1] awaiting server durable receipt, CONTROL_RESULT queued locally (depth=1)
12:18:24 [A1] offline queue empty
12:18:24 [A1] heartbeat -> A2
12:18:24 [A1] heartbeat -> A2
12:18:24 [A1] heartbeat -> A2
12:18:24 [A1] heartbeat -> A2
12:18:24 [A1] received SENSOR_DATA from B1
12:18:24 [A1] edge decision = IRRIGATION (soil_moisture 21.7 < 25.0)
12:18:24 [A1] awaiting server durable receipt, SENSOR_DATA queued locally (depth=1)
12:18:24 [A1] command sent to C1 (IRRIGATION 10s, command_id=487ca6ce363c, generation=1)
12:18:24 [A1] ACK received (message_id=487ca6ce363c)
12:18:24 [A1] offline queue empty
12:18:24 [A1] awaiting server durable receipt, CONTROL_COMMAND queued locally (depth=1)
12:18:24 [A1] heartbeat -> A2
12:18:24 [A1] offline queue empty
12:18:24 [A1] heartbeat -> A2
12:18:24 [A1] controller result received (IRRIGATION -> EXECUTED)
12:18:24 [A1] awaiting server durable receipt, CONTROL_RESULT queued locally (depth=1)
12:18:24 [A1] offline queue empty
12:18:25 [A1] heartbeat -> A2
12:18:25 [A1] heartbeat -> A2
12:18:25 [A1] heartbeat -> A2
12:18:25 [A1] heartbeat -> A2
12:18:25 [A1] heartbeat -> A2
12:18:25 [A1] heartbeat -> A2
12:18:25 [A1] heartbeat -> A2
12:18:25 [A1] heartbeat -> A2
12:18:25 [A1] heartbeat -> A2
12:18:26 [A1] heartbeat -> A2
12:18:26 [A1] heartbeat -> A2
12:18:26 [A1] heartbeat -> A2
12:18:26 [A1] received SENSOR_DATA from B1
12:18:26 [A1] edge decision = IRRIGATION (soil_moisture 21.7 < 25.0)
12:18:26 [A1] awaiting server durable receipt, SENSOR_DATA queued locally (depth=1)
12:18:26 [A1] command sent to C1 (IRRIGATION 10s, command_id=646172ac35da, generation=1)
12:18:26 [A1] ACK received (message_id=646172ac35da)
12:18:26 [A1] offline queue empty
12:18:26 [A1] awaiting server durable receipt, CONTROL_COMMAND queued locally (depth=1)
12:18:26 [A1] offline queue empty
12:18:26 [A1] heartbeat -> A2
12:18:26 [A1] controller result received (IRRIGATION -> EXECUTED)
12:18:26 [A1] awaiting server durable receipt, CONTROL_RESULT queued locally (depth=1)
12:18:26 [A1] offline queue empty
12:18:26 [A1] heartbeat -> A2
12:18:26 [A1] heartbeat -> A2
12:18:26 [A1] heartbeat -> A2
12:18:26 [A1] heartbeat -> A2
12:18:26 [A1] heartbeat -> A2
12:18:26 [A1] heartbeat -> A2
12:18:27 [A1] heartbeat -> A2
12:18:27 [A1] heartbeat -> A2
12:18:27 [A1] heartbeat -> A2
12:18:27 [A1] heartbeat -> A2
12:18:27 [A1] heartbeat -> A2
12:18:27 [A1] received SENSOR_DATA from B1
12:18:27 [A1] edge decision = IRRIGATION (soil_moisture 21.6 < 25.0)
12:18:27 [A1] awaiting server durable receipt, SENSOR_DATA queued locally (depth=1)
12:18:27 [A1] command sent to C1 (IRRIGATION 10s, command_id=a0c1b43ef2c1, generation=1)
12:18:27 [A1] ACK received (message_id=a0c1b43ef2c1)
12:18:27 [A1] offline queue empty
12:18:27 [A1] awaiting server durable receipt, CONTROL_COMMAND queued locally (depth=1)
12:18:27 [A1] offline queue empty
12:18:27 [A1] heartbeat -> A2
12:18:27 [A1] controller result received (IRRIGATION -> EXECUTED)
12:18:27 [A1] awaiting server durable receipt, CONTROL_RESULT queued locally (depth=1)
12:18:27 [A1] offline queue empty
12:18:27 [A1] heartbeat -> A2
12:18:27 [A1] heartbeat -> A2
12:18:27 [A1] heartbeat -> A2
12:18:27 [A1] received SENSOR_DATA from B1
12:18:27 [A1] edge decision = IRRIGATION (soil_moisture 21.6 < 25.0)
12:18:27 [A1] awaiting server durable receipt, SENSOR_DATA queued locally (depth=1)
12:18:27 [A1] command sent to C1 (IRRIGATION 10s, command_id=76063aee719a, generation=1)
12:18:27 [A1] ACK received (message_id=76063aee719a)
12:18:27 [A1] offline queue empty
12:18:27 [A1] awaiting server durable receipt, CONTROL_COMMAND queued locally (depth=1)
12:18:27 [A1] offline queue empty
12:18:27 [A1] heartbeat -> A2
12:18:28 [A1] controller result received (IRRIGATION -> EXECUTED)
12:18:28 [A1] awaiting server durable receipt, CONTROL_RESULT queued locally (depth=1)
12:18:28 [A1] offline queue empty
12:18:28 [A1] heartbeat -> A2
12:18:28 [A1] heartbeat -> A2
12:18:28 [A1] heartbeat -> A2
12:18:28 [A1] heartbeat -> A2
12:18:28 [A1] heartbeat -> A2
12:18:28 [A1] heartbeat -> A2
12:18:28 [A1] heartbeat -> A2
12:18:28 [A1] received SENSOR_DATA from B1
12:18:28 [A1] edge decision = IRRIGATION (soil_moisture 21.9 < 25.0)
12:18:28 [A1] awaiting server durable receipt, SENSOR_DATA queued locally (depth=1)
12:18:28 [A1] command sent to C1 (IRRIGATION 10s, command_id=d60535acd010, generation=1)
12:18:28 [A1] ACK received (message_id=d60535acd010)
12:18:28 [A1] offline queue empty
12:18:28 [A1] awaiting server durable receipt, CONTROL_COMMAND queued locally (depth=1)
12:18:28 [A1] offline queue empty
12:18:28 [A1] heartbeat -> A2
12:18:28 [A1] controller result received (IRRIGATION -> EXECUTED)
12:18:28 [A1] awaiting server durable receipt, CONTROL_RESULT queued locally (depth=1)
12:18:28 [A1] offline queue empty
12:18:28 [A1] heartbeat -> A2
12:18:28 [A1] heartbeat -> A2
12:18:29 [A1] heartbeat -> A2
12:18:29 [A1] heartbeat -> A2
12:18:29 [A1] heartbeat -> A2
12:18:29 [A1] heartbeat -> A2
12:18:29 [A1] heartbeat -> A2
12:18:29 [A1] heartbeat -> A2
12:18:29 [A1] heartbeat -> A2
12:18:29 [A1] heartbeat -> A2
12:18:29 [A1] heartbeat -> A2
12:18:29 [A1] received SENSOR_DATA from B1
12:18:29 [A1] edge decision = IRRIGATION (soil_moisture 22.0 < 25.0)
12:18:29 [A1] awaiting server durable receipt, SENSOR_DATA queued locally (depth=1)
12:18:29 [A1] command sent to C1 (IRRIGATION 10s, command_id=952ace3ec8b1, generation=1)
12:18:29 [A1] ACK received (message_id=952ace3ec8b1)
12:18:29 [A1] offline queue empty
12:18:29 [A1] awaiting server durable receipt, CONTROL_COMMAND queued locally (depth=1)
12:18:29 [A1] offline queue empty
12:18:29 [A1] heartbeat -> A2
12:18:30 [A1] controller result received (IRRIGATION -> EXECUTED)
12:18:30 [A1] awaiting server durable receipt, CONTROL_RESULT queued locally (depth=1)
12:18:30 [A1] offline queue empty
12:18:30 [A1] heartbeat -> A2
12:18:30 [A1] heartbeat -> A2
12:18:30 [A1] SERVER_POLICY v2 applied (soil<25.0 -> 10s, temp>32.0 -> 5s)
12:18:30 [A1] edge autonomy intact: policy is advisory, control stays local
12:18:30 [A1] heartbeat -> A2
12:18:30 [A1] heartbeat -> A2
12:18:30 [A1] heartbeat -> A2
12:18:30 [A1] heartbeat -> A2
12:18:30 [A1] heartbeat -> A2
12:18:30 [A1] received SENSOR_DATA from B1
12:18:30 [A1] edge decision = IRRIGATION (soil_moisture 22.1 < 25.0)
12:18:30 [A1] awaiting server durable receipt, SENSOR_DATA queued locally (depth=1)
12:18:30 [A1] command sent to C1 (IRRIGATION 10s, command_id=1c2f5e1b75f7, generation=1)
12:18:30 [A1] ACK received (message_id=1c2f5e1b75f7)
12:18:30 [A1] offline queue empty
12:18:30 [A1] awaiting server durable receipt, CONTROL_COMMAND queued locally (depth=1)
12:18:30 [A1] offline queue empty
12:18:30 [A1] heartbeat -> A2
12:18:30 [A1] controller result received (IRRIGATION -> EXECUTED)
12:18:30 [A1] awaiting server durable receipt, CONTROL_RESULT queued locally (depth=1)
12:18:30 [A1] offline queue empty
12:18:30 [A1] heartbeat -> A2
12:18:30 [A1] heartbeat -> A2
12:18:31 [A1] B1 disconnected
12:18:31 [A1] C1 disconnected
