18:50:43 [C2] connected to gateway A2 (127.0.0.1)
18:50:43 [C2] NODE_REGISTER sent to A2 (attempt 1)
18:50:43 [C2] registered with A2 (generation=1)
18:50:44 [C2] IRRIGATION command received (command_id=728f2693439c, duration=10s, generation=1)
18:50:44 [C2] ACK sent (command_id=728f2693439c)
18:50:44 [C2] safety check passed
18:50:44 [C2] irrigation executed
18:50:44 [C2] CONTROL_RESULT sent to A2
18:50:44 [C2] IRRIGATION command received (command_id=45a2c94f2575, duration=10s, generation=1)
18:50:44 [C2] ACK sent (command_id=45a2c94f2575)
18:50:44 [C2] safety check passed
18:50:44 [C2] irrigation executed
18:50:44 [C2] CONTROL_RESULT sent to A2
18:50:45 [C2] IRRIGATION command received (command_id=ffb425cf39e8, duration=10s, generation=1)
18:50:45 [C2] ACK sent (command_id=ffb425cf39e8)
18:50:45 [C2] safety check passed
18:50:45 [C2] irrigation executed
18:50:45 [C2] CONTROL_RESULT sent to A2
18:50:45 [C2] IRRIGATION command received (command_id=4760fcbf5a80, duration=10s, generation=1)
18:50:45 [C2] ACK sent (command_id=4760fcbf5a80)
18:50:45 [C2] safety check passed
18:50:45 [C2] irrigation executed
18:50:45 [C2] CONTROL_RESULT sent to A2
18:50:46 [C2] IRRIGATION command received (command_id=98b144e45e7f, duration=10s, generation=1)
18:50:46 [C2] ACK sent (command_id=98b144e45e7f)
18:50:46 [C2] safety check passed
18:50:46 [C2] irrigation executed
18:50:46 [C2] CONTROL_RESULT sent to A2
18:50:47 [C2] IRRIGATION command received (command_id=bf364384ad03, duration=10s, generation=1)
18:50:47 [C2] ACK sent (command_id=bf364384ad03)
18:50:47 [C2] safety check passed
18:50:47 [C2] irrigation executed
18:50:47 [C2] CONTROL_RESULT sent to A2
18:50:47 [C2] IRRIGATION command received (command_id=51a8e6fe116f, duration=10s, generation=1)
18:50:47 [C2] ACK sent (command_id=51a8e6fe116f)
18:50:47 [C2] safety check passed
18:50:47 [C2] irrigation executed
18:50:47 [C2] CONTROL_RESULT sent to A2
18:50:48 [C2] IRRIGATION command received (command_id=baf41f09ae12, duration=10s, generation=1)
18:50:48 [C2] ACK sent (command_id=baf41f09ae12)
18:50:48 [C2] safety check passed
18:50:48 [C2] irrigation executed
18:50:48 [C2] CONTROL_RESULT sent to A2
18:50:50 [C2] IRRIGATION command received (command_id=77269d0690ae, duration=10s, generation=1)
18:50:50 [C2] ACK sent (command_id=77269d0690ae)
18:50:50 [C2] safety check passed
18:50:50 [C2] irrigation executed
18:50:50 [C2] CONTROL_RESULT sent to A2
18:50:51 [C2] IRRIGATION command received (command_id=0ba4aeb18677, duration=10s, generation=1)
18:50:51 [C2] ACK sent (command_id=0ba4aeb18677)
18:50:51 [C2] safety check passed
18:50:51 [C2] irrigation executed
18:50:51 [C2] CONTROL_RESULT sent to A2
18:50:52 [C2] IRRIGATION command received (command_id=d66fe6307900, duration=10s, generation=1)
18:50:52 [C2] ACK sent (command_id=d66fe6307900)
18:50:52 [C2] safety check passed
18:50:52 [C2] irrigation executed
18:50:52 [C2] CONTROL_RESULT sent to A2
18:50:53 [C2] IRRIGATION command received (command_id=306d4dbd4de8, duration=10s, generation=1)
18:50:53 [C2] ACK sent (command_id=306d4dbd4de8)
18:50:53 [C2] safety check passed
18:50:54 [C2] irrigation executed
18:50:54 [C2] CONTROL_RESULT sent to A2
18:50:54 [C2] IRRIGATION command received (command_id=194849620c3c, duration=10s, generation=1)
18:50:54 [C2] ACK sent (command_id=194849620c3c)
18:50:54 [C2] safety check passed
18:50:54 [C2] irrigation executed
18:50:54 [C2] CONTROL_RESULT sent to A2
18:50:54 [C2] IRRIGATION command received (command_id=0c08634e9b75, duration=10s, generation=1)
18:50:54 [C2] ACK sent (command_id=0c08634e9b75)
18:50:54 [C2] safety check passed
18:50:55 [C2] irrigation executed
18:50:55 [C2] CONTROL_RESULT sent to A2
18:50:55 [C2] IRRIGATION command received (command_id=312b7cfe5d41, duration=10s, generation=1)
18:50:55 [C2] ACK sent (command_id=312b7cfe5d41)
18:50:55 [C2] safety check passed
18:50:55 [C2] irrigation executed
18:50:55 [C2] CONTROL_RESULT sent to A2
