12:34:09 [C1] connected to gateway A1 (127.0.0.1)
12:34:09 [C1] NODE_REGISTER sent to A1 (attempt 1)
12:34:09 [C1] connected to gateway A2 (127.0.0.1)
12:34:09 [C1] NODE_REGISTER sent to A2 (attempt 1)
12:34:09 [C1] connected to gateway A1 (127.0.0.1)
12:34:09 [C1] NODE_REGISTER sent to A1 (attempt 1)
12:34:09 [C1] registered with A1 (generation=1)
12:34:09 [C1] IRRIGATION command received (command_id=c26c2811c2f1, duration=10s, generation=1)
12:34:09 [C1] ACK sent (command_id=c26c2811c2f1)
12:34:09 [C1] IRRIGATION command rejected: EXPIRED
12:34:09 [C1] CONTROL_RESULT sent to A1
12:34:10 [C1] IRRIGATION command received (command_id=cfb8eaf763ce, duration=10s, generation=1)
12:34:10 [C1] ACK sent (command_id=cfb8eaf763ce)
12:34:10 [C1] IRRIGATION command rejected: EXPIRED
12:34:10 [C1] CONTROL_RESULT sent to A1
12:34:10 [C1] IRRIGATION command received (command_id=10251c1d4483, duration=10s, generation=1)
12:34:10 [C1] ACK sent (command_id=10251c1d4483)
12:34:10 [C1] IRRIGATION command rejected: EXPIRED
12:34:10 [C1] CONTROL_RESULT sent to A1
12:34:11 [C1] IRRIGATION command received (command_id=2c8ec8d17279, duration=10s, generation=1)
12:34:11 [C1] ACK sent (command_id=2c8ec8d17279)
12:34:11 [C1] IRRIGATION command rejected: EXPIRED
12:34:11 [C1] CONTROL_RESULT sent to A1
12:34:11 [C1] IRRIGATION command received (command_id=8e9ce3c2fec5, duration=10s, generation=1)
12:34:11 [C1] ACK sent (command_id=8e9ce3c2fec5)
12:34:11 [C1] IRRIGATION command rejected: EXPIRED
12:34:11 [C1] CONTROL_RESULT sent to A1
12:34:12 [C1] IRRIGATION command received (command_id=1c8bdf5cdb94, duration=10s, generation=1)
12:34:12 [C1] ACK sent (command_id=1c8bdf5cdb94)
12:34:12 [C1] IRRIGATION command rejected: EXPIRED
12:34:12 [C1] CONTROL_RESULT sent to A1
12:34:12 [C1] IRRIGATION command received (command_id=ecbd5eaa20f2, duration=10s, generation=1)
12:34:12 [C1] ACK sent (command_id=ecbd5eaa20f2)
12:34:12 [C1] IRRIGATION command rejected: EXPIRED
12:34:12 [C1] CONTROL_RESULT sent to A1
12:34:13 [C1] IRRIGATION command received (command_id=00367b52a8b1, duration=10s, generation=1)
12:34:13 [C1] ACK sent (command_id=00367b52a8b1)
12:34:13 [C1] IRRIGATION command rejected: EXPIRED
12:34:13 [C1] CONTROL_RESULT sent to A1
12:34:13 [C1] IRRIGATION command received (command_id=4e08733a2547, duration=10s, generation=1)
12:34:13 [C1] ACK sent (command_id=4e08733a2547)
12:34:13 [C1] IRRIGATION command rejected: EXPIRED
12:34:13 [C1] CONTROL_RESULT sent to A1
12:34:14 [C1] IRRIGATION command received (command_id=ab2aa92e6b7e, duration=10s, generation=1)
12:34:14 [C1] ACK sent (command_id=ab2aa92e6b7e)
12:34:14 [C1] IRRIGATION command rejected: EXPIRED
12:34:14 [C1] CONTROL_RESULT sent to A1
12:34:14 [C1] IRRIGATION command received (command_id=d6d56ca50e4a, duration=10s, generation=1)
12:34:14 [C1] ACK sent (command_id=d6d56ca50e4a)
12:34:14 [C1] IRRIGATION command rejected: EXPIRED
12:34:14 [C1] CONTROL_RESULT sent to A1
12:34:15 [C1] IRRIGATION command received (command_id=01b3a62e71c7, duration=10s, generation=1)
12:34:15 [C1] ACK sent (command_id=01b3a62e71c7)
12:34:15 [C1] IRRIGATION command rejected: EXPIRED
12:34:15 [C1] CONTROL_RESULT sent to A1
12:34:16 [C1] IRRIGATION command received (command_id=62f4ee8527e6, duration=10s, generation=1)
12:34:16 [C1] ACK sent (command_id=62f4ee8527e6)
12:34:16 [C1] IRRIGATION command rejected: EXPIRED
12:34:16 [C1] CONTROL_RESULT sent to A1
12:34:17 [C1] IRRIGATION command received (command_id=313167176315, duration=10s, generation=1)
12:34:17 [C1] ACK sent (command_id=313167176315)
12:34:17 [C1] IRRIGATION command rejected: EXPIRED
12:34:17 [C1] CONTROL_RESULT sent to A1
12:34:18 [C1] IRRIGATION command received (command_id=d7e5d1867060, duration=10s, generation=1)
12:34:18 [C1] ACK sent (command_id=d7e5d1867060)
12:34:18 [C1] IRRIGATION command rejected: EXPIRED
12:34:18 [C1] CONTROL_RESULT sent to A1
12:34:19 [C1] IRRIGATION command received (command_id=4f701821af02, duration=10s, generation=1)
12:34:19 [C1] ACK sent (command_id=4f701821af02)
12:34:19 [C1] IRRIGATION command rejected: EXPIRED
12:34:19 [C1] CONTROL_RESULT sent to A1
12:34:20 [C1] IRRIGATION command received (command_id=45f67754f4fa, duration=10s, generation=1)
12:34:20 [C1] ACK sent (command_id=45f67754f4fa)
12:34:20 [C1] IRRIGATION command rejected: EXPIRED
12:34:20 [C1] CONTROL_RESULT sent to A1
12:34:21 [C1] IRRIGATION command received (command_id=4238fb5a020f, duration=10s, generation=1)
12:34:21 [C1] ACK sent (command_id=4238fb5a020f)
12:34:21 [C1] IRRIGATION command rejected: EXPIRED
12:34:21 [C1] CONTROL_RESULT sent to A1
12:34:21 [C1] IRRIGATION command received (command_id=2362d6d700f5, duration=10s, generation=1)
12:34:21 [C1] ACK sent (command_id=2362d6d700f5)
12:34:21 [C1] IRRIGATION command rejected: EXPIRED
12:34:21 [C1] CONTROL_RESULT sent to A1
