12:34:09 [C2] connected to gateway A2 (127.0.0.1)
12:34:09 [C2] NODE_REGISTER sent to A2 (attempt 1)
12:34:09 [C2] connected to gateway A1 (127.0.0.1)
12:34:09 [C2] NODE_REGISTER sent to A1 (attempt 1)
12:34:09 [C2] connected to gateway A2 (127.0.0.1)
12:34:09 [C2] NODE_REGISTER sent to A2 (attempt 1)
12:34:09 [C2] registered with A2 (generation=1)
12:34:09 [C2] IRRIGATION command received (command_id=7aaf572a9ffd, duration=10s, generation=1)
12:34:09 [C2] ACK sent (command_id=7aaf572a9ffd)
12:34:09 [C2] safety check passed
12:34:10 [C2] irrigation executed
12:34:10 [C2] CONTROL_RESULT sent to A2
12:34:10 [C2] IRRIGATION command received (command_id=88e4ec636039, duration=10s, generation=1)
12:34:10 [C2] ACK sent (command_id=88e4ec636039)
12:34:10 [C2] safety check passed
12:34:10 [C2] irrigation executed
12:34:10 [C2] CONTROL_RESULT sent to A2
12:34:10 [C2] IRRIGATION command received (command_id=ec5e98a947b7, duration=10s, generation=1)
12:34:10 [C2] ACK sent (command_id=ec5e98a947b7)
12:34:10 [C2] safety check passed
12:34:10 [C2] irrigation executed
12:34:10 [C2] CONTROL_RESULT sent to A2
12:34:11 [C2] IRRIGATION command received (command_id=b39be201bc1b, duration=10s, generation=1)
12:34:11 [C2] ACK sent (command_id=b39be201bc1b)
12:34:11 [C2] safety check passed
12:34:11 [C2] irrigation executed
12:34:11 [C2] CONTROL_RESULT sent to A2
12:34:11 [C2] IRRIGATION command received (command_id=d6b0cd1ba9be, duration=10s, generation=1)
12:34:11 [C2] ACK sent (command_id=d6b0cd1ba9be)
12:34:11 [C2] safety check passed
12:34:12 [C2] irrigation executed
12:34:12 [C2] CONTROL_RESULT sent to A2
12:34:12 [C2] IRRIGATION command received (command_id=8edab3006875, duration=10s, generation=1)
12:34:12 [C2] ACK sent (command_id=8edab3006875)
12:34:12 [C2] safety check passed
12:34:13 [C2] irrigation executed
12:34:13 [C2] CONTROL_RESULT sent to A2
12:34:13 [C2] IRRIGATION command received (command_id=17fbfa463387, duration=10s, generation=1)
12:34:13 [C2] ACK sent (command_id=17fbfa463387)
12:34:13 [C2] safety check passed
12:34:13 [C2] irrigation executed
12:34:13 [C2] CONTROL_RESULT sent to A2
12:34:13 [C2] IRRIGATION command received (command_id=c097e4e3d1f2, duration=10s, generation=1)
12:34:13 [C2] ACK sent (command_id=c097e4e3d1f2)
12:34:13 [C2] safety check passed
12:34:13 [C2] irrigation executed
12:34:13 [C2] CONTROL_RESULT sent to A2
12:34:14 [C2] IRRIGATION command received (command_id=d11cc92c63d8, duration=10s, generation=1)
12:34:14 [C2] ACK sent (command_id=d11cc92c63d8)
12:34:14 [C2] safety check passed
12:34:14 [C2] irrigation executed
12:34:14 [C2] CONTROL_RESULT sent to A2
12:34:16 [C2] IRRIGATION command received (command_id=b4dc88077a55, duration=10s, generation=1)
12:34:16 [C2] ACK sent (command_id=b4dc88077a55)
12:34:16 [C2] safety check passed
12:34:16 [C2] irrigation executed
12:34:16 [C2] CONTROL_RESULT sent to A2
12:34:17 [C2] IRRIGATION command received (command_id=444f375bca64, duration=10s, generation=1)
12:34:17 [C2] ACK sent (command_id=444f375bca64)
12:34:17 [C2] safety check passed
12:34:17 [C2] irrigation executed
12:34:17 [C2] CONTROL_RESULT sent to A2
12:34:18 [C2] IRRIGATION command received (command_id=0717fd8ba492, duration=10s, generation=1)
12:34:18 [C2] ACK sent (command_id=0717fd8ba492)
12:34:18 [C2] safety check passed
12:34:18 [C2] irrigation executed
12:34:18 [C2] CONTROL_RESULT sent to A2
12:34:20 [C2] IRRIGATION command received (command_id=3bed7470c33b, duration=10s, generation=1)
12:34:20 [C2] ACK sent (command_id=3bed7470c33b)
12:34:20 [C2] safety check passed
12:34:20 [C2] irrigation executed
12:34:20 [C2] CONTROL_RESULT sent to A2
12:34:20 [C2] IRRIGATION command received (command_id=a58d397afc8b, duration=10s, generation=1)
12:34:20 [C2] ACK sent (command_id=a58d397afc8b)
12:34:20 [C2] safety check passed
12:34:20 [C2] irrigation executed
12:34:20 [C2] CONTROL_RESULT sent to A2
12:34:21 [C2] IRRIGATION command received (command_id=b75b312327a2, duration=10s, generation=1)
12:34:21 [C2] ACK sent (command_id=b75b312327a2)
12:34:21 [C2] safety check passed
12:34:21 [C2] irrigation executed
12:34:21 [C2] CONTROL_RESULT sent to A2
12:34:21 [C2] IRRIGATION command received (command_id=1e69d47d8e07, duration=10s, generation=1)
12:34:21 [C2] ACK sent (command_id=1e69d47d8e07)
12:34:21 [C2] safety check passed
