13:49:38 [A2] gateway started on 127.0.0.1:55012 (sensor=B2, controller=C2, peer=A1, generation=1, role=ACTIVE)
13:49:38 [A2] connected to server 127.0.0.1:55007
13:49:38 [A2] offline queue empty
13:49:38 [A2] peer link established with A1
13:49:38 [A2] heartbeat -> A1
13:49:38 [A2] C2 registered (owner=A2, generation=1)
13:49:38 [A2] B2 registered (owner=A2, generation=1)
13:49:38 [A2] received SENSOR_DATA from B2
13:49:38 [A2] edge decision = IRRIGATION (soil_moisture 21.9 < 25.0)
13:49:38 [A2] awaiting server durable receipt, SENSOR_DATA queued locally (depth=1)
13:49:38 [A2] command sent to C2 (IRRIGATION 10s, command_id=d611e1846f7e, generation=1)
13:49:38 [A2] awaiting server durable receipt, CONTROL_COMMAND queued locally (depth=2)
13:49:38 [A2] ACK received (message_id=d611e1846f7e)
13:49:38 [A2] offline queue empty
13:49:38 [A2] A1 is online
13:49:38 [A2] heartbeat -> A1
13:49:38 [A2] controller result received (IRRIGATION -> EXECUTED)
13:49:38 [A2] awaiting server durable receipt, CONTROL_RESULT queued locally (depth=1)
13:49:38 [A2] offline queue empty
13:49:38 [A2] heartbeat -> A1
13:49:38 [A2] received SENSOR_DATA from B2
13:49:38 [A2] edge decision = IRRIGATION (soil_moisture 21.9 < 25.0)
13:49:38 [A2] awaiting server durable receipt, SENSOR_DATA queued locally (depth=1)
13:49:38 [A2] command sent to C2 (IRRIGATION 10s, command_id=9366ffaf0be0, generation=1)
13:49:38 [A2] awaiting server durable receipt, CONTROL_COMMAND queued locally (depth=2)
13:49:38 [A2] ACK received (message_id=9366ffaf0be0)
13:49:38 [A2] offline queue empty
13:49:38 [A2] heartbeat -> A1
13:49:38 [A2] controller result received (IRRIGATION -> EXECUTED)
13:49:38 [A2] awaiting server durable receipt, CONTROL_RESULT queued locally (depth=1)
13:49:38 [A2] offline queue empty
13:49:38 [A2] heartbeat -> A1
13:49:39 [A2] heartbeat -> A1
13:49:39 [A2] heartbeat -> A1
13:49:39 [A2] heartbeat -> A1
13:49:39 [A2] received SENSOR_DATA from B2
13:49:39 [A2] edge decision = IRRIGATION (soil_moisture 21.8 < 25.0)
13:49:39 [A2] awaiting server durable receipt, SENSOR_DATA queued locally (depth=1)
13:49:39 [A2] command sent to C2 (IRRIGATION 10s, command_id=55b8eb55e894, generation=1)
13:49:39 [A2] awaiting server durable receipt, CONTROL_COMMAND queued locally (depth=2)
13:49:39 [A2] heartbeat -> A1
13:49:39 [A2] ACK received (message_id=55b8eb55e894)
13:49:39 [A2] offline queue empty
13:49:39 [A2] heartbeat -> A1
13:49:39 [A2] controller result received (IRRIGATION -> EXECUTED)
13:49:39 [A2] awaiting server durable receipt, CONTROL_RESULT queued locally (depth=1)
13:49:39 [A2] offline queue empty
13:49:39 [A2] SERVER_POLICY v1 applied (soil<25.0 -> 10s, temp>32.0 -> 5s)
13:49:39 [A2] edge autonomy intact: policy is advisory, control stays local
13:49:39 [A2] heartbeat -> A1
13:49:39 [A2] heartbeat -> A1
13:49:39 [A2] heartbeat -> A1
13:49:39 [A2] heartbeat -> A1
13:49:39 [A2] received SENSOR_DATA from B2
13:49:39 [A2] edge decision = IRRIGATION (soil_moisture 21.9 < 25.0)
13:49:39 [A2] awaiting server durable receipt, SENSOR_DATA queued locally (depth=1)
13:49:39 [A2] command sent to C2 (IRRIGATION 10s, command_id=100b12d79adb, generation=1)
13:49:39 [A2] awaiting server durable receipt, CONTROL_COMMAND queued locally (depth=2)
13:49:39 [A2] heartbeat -> A1
13:49:39 [A2] ACK received (message_id=100b12d79adb)
13:49:39 [A2] offline queue empty
13:49:40 [A2] heartbeat -> A1
13:49:40 [A2] controller result received (IRRIGATION -> EXECUTED)
13:49:40 [A2] awaiting server durable receipt, CONTROL_RESULT queued locally (depth=1)
13:49:40 [A2] offline queue empty
13:49:40 [A2] heartbeat -> A1
13:49:40 [A2] heartbeat -> A1
13:49:40 [A2] heartbeat -> A1
13:49:40 [A2] heartbeat -> A1
13:49:40 [A2] received SENSOR_DATA from B2
13:49:40 [A2] edge decision = IRRIGATION (soil_moisture 22.0 < 25.0)
13:49:40 [A2] awaiting server durable receipt, SENSOR_DATA queued locally (depth=1)
13:49:40 [A2] command sent to C2 (IRRIGATION 10s, command_id=1711517fc963, generation=1)
13:49:40 [A2] awaiting server durable receipt, CONTROL_COMMAND queued locally (depth=2)
13:49:40 [A2] heartbeat -> A1
13:49:40 [A2] ACK received (message_id=1711517fc963)
13:49:40 [A2] offline queue empty
13:49:40 [A2] heartbeat -> A1
13:49:40 [A2] controller result received (IRRIGATION -> EXECUTED)
13:49:40 [A2] awaiting server durable receipt, CONTROL_RESULT queued locally (depth=1)
13:49:40 [A2] offline queue empty
13:49:40 [A2] heartbeat -> A1
13:49:40 [A2] heartbeat -> A1
13:49:41 [A2] heartbeat -> A1
13:49:41 [A2] heartbeat -> A1
13:49:41 [A2] heartbeat -> A1
13:49:41 [A2] heartbeat -> A1
13:49:41 [A2] heartbeat -> A1
13:49:41 [A2] heartbeat -> A1
13:49:41 [A2] received SENSOR_DATA from B2
13:49:41 [A2] edge decision = IRRIGATION (soil_moisture 22.3 < 25.0)
13:49:41 [A2] awaiting server durable receipt, SENSOR_DATA queued locally (depth=1)
13:49:41 [A2] command sent to C2 (IRRIGATION 10s, command_id=f9bbe249b5bd, generation=1)
13:49:41 [A2] awaiting server durable receipt, CONTROL_COMMAND queued locally (depth=2)
13:49:41 [A2] ACK received (message_id=f9bbe249b5bd)
13:49:41 [A2] offline queue empty
13:49:41 [A2] heartbeat -> A1
13:49:41 [A2] heartbeat -> A1
13:49:41 [A2] controller result received (IRRIGATION -> EXECUTED)
13:49:41 [A2] awaiting server durable receipt, CONTROL_RESULT queued locally (depth=1)
13:49:41 [A2] offline queue empty
13:49:41 [A2] received SENSOR_DATA from B2
13:49:41 [A2] edge decision = IRRIGATION (soil_moisture 22.2 < 25.0)
13:49:41 [A2] awaiting server durable receipt, SENSOR_DATA queued locally (depth=1)
13:49:41 [A2] command sent to C2 (IRRIGATION 10s, command_id=70b3f54e42e1, generation=1)
13:49:41 [A2] awaiting server durable receipt, CONTROL_COMMAND queued locally (depth=2)
13:49:41 [A2] ACK received (message_id=70b3f54e42e1)
13:49:41 [A2] heartbeat -> A1
13:49:41 [A2] offline queue empty
13:49:41 [A2] heartbeat -> A1
13:49:41 [A2] controller result received (IRRIGATION -> EXECUTED)
13:49:41 [A2] awaiting server durable receipt, CONTROL_RESULT queued locally (depth=1)
13:49:41 [A2] offline queue empty
13:49:42 [A2] heartbeat -> A1
13:49:42 [A2] heartbeat -> A1
13:49:42 [A2] heartbeat -> A1
13:49:42 [A2] heartbeat -> A1
13:49:42 [A2] received SENSOR_DATA from B2
13:49:42 [A2] edge decision = IRRIGATION (soil_moisture 22.0 < 25.0)
13:49:42 [A2] awaiting server durable receipt, SENSOR_DATA queued locally (depth=1)
13:49:42 [A2] command sent to C2 (IRRIGATION 10s, command_id=cb7236f36d86, generation=1)
13:49:42 [A2] awaiting server durable receipt, CONTROL_COMMAND queued locally (depth=2)
13:49:42 [A2] ACK received (message_id=cb7236f36d86)
13:49:42 [A2] offline queue empty
13:49:42 [A2] heartbeat -> A1
13:49:42 [A2] heartbeat -> A1
13:49:42 [A2] controller result received (IRRIGATION -> EXECUTED)
13:49:42 [A2] awaiting server durable receipt, CONTROL_RESULT queued locally (depth=1)
13:49:42 [A2] offline queue empty
13:49:42 [A2] heartbeat -> A1
13:49:42 [A2] heartbeat -> A1
13:49:42 [A2] received SENSOR_DATA from B2
13:49:42 [A2] edge decision = IRRIGATION (soil_moisture 22.0 < 25.0)
13:49:42 [A2] awaiting server durable receipt, SENSOR_DATA queued locally (depth=1)
13:49:42 [A2] command sent to C2 (IRRIGATION 10s, command_id=89104fd13df6, generation=1)
13:49:42 [A2] awaiting server durable receipt, CONTROL_COMMAND queued locally (depth=2)
13:49:42 [A2] ACK received (message_id=89104fd13df6)
13:49:42 [A2] heartbeat -> A1
13:49:42 [A2] offline queue empty
13:49:42 [A2] heartbeat -> A1
13:49:42 [A2] controller result received (IRRIGATION -> EXECUTED)
13:49:42 [A2] awaiting server durable receipt, CONTROL_RESULT queued locally (depth=1)
13:49:42 [A2] offline queue empty
13:49:43 [A2] heartbeat -> A1
13:49:43 [A2] heartbeat -> A1
13:49:43 [A2] heartbeat -> A1
13:49:43 [A2] heartbeat -> A1
13:49:43 [A2] heartbeat -> A1
13:49:43 [A2] heartbeat -> A1
13:49:43 [A2] heartbeat -> A1
13:49:43 [A2] heartbeat -> A1
13:49:43 [A2] heartbeat -> A1
13:49:43 [A2] heartbeat -> A1
13:49:44 [A2] heartbeat -> A1
13:49:44 [A2] heartbeat -> A1
13:49:44 [A2] heartbeat -> A1
13:49:44 [A2] heartbeat -> A1
13:49:44 [A2] heartbeat -> A1
13:49:44 [A2] heartbeat -> A1
13:49:44 [A2] heartbeat -> A1
13:49:44 [A2] heartbeat -> A1
13:49:44 [A2] heartbeat -> A1
13:49:44 [A2] heartbeat -> A1
13:49:45 [A2] heartbeat -> A1
13:49:45 [A2] heartbeat -> A1
13:49:45 [A2] received SENSOR_DATA from B2
13:49:45 [A2] edge decision = IRRIGATION (soil_moisture 21.9 < 25.0)
13:49:45 [A2] awaiting server durable receipt, SENSOR_DATA queued locally (depth=1)
13:49:45 [A2] command sent to C2 (IRRIGATION 10s, command_id=e20057d52210, generation=1)
13:49:45 [A2] awaiting server durable receipt, CONTROL_COMMAND queued locally (depth=2)
13:49:45 [A2] ACK received (message_id=e20057d52210)
13:49:45 [A2] offline queue empty
13:49:45 [A2] heartbeat -> A1
13:49:45 [A2] controller result received (IRRIGATION -> EXECUTED)
13:49:45 [A2] awaiting server durable receipt, CONTROL_RESULT queued locally (depth=1)
13:49:45 [A2] offline queue empty
13:49:45 [A2] heartbeat -> A1
13:49:45 [A2] heartbeat -> A1
13:49:45 [A2] heartbeat -> A1
13:49:45 [A2] heartbeat -> A1
13:49:45 [A2] heartbeat -> A1
13:49:45 [A2] heartbeat -> A1
13:49:45 [A2] heartbeat -> A1
13:49:46 [A2] received SENSOR_DATA from B2
13:49:46 [A2] edge decision = IRRIGATION (soil_moisture 21.6 < 25.0)
13:49:46 [A2] awaiting server durable receipt, SENSOR_DATA queued locally (depth=1)
13:49:46 [A2] command sent to C2 (IRRIGATION 10s, command_id=5fec30186edb, generation=1)
13:49:46 [A2] awaiting server durable receipt, CONTROL_COMMAND queued locally (depth=2)
13:49:46 [A2] ACK received (message_id=5fec30186edb)
13:49:46 [A2] offline queue empty
13:49:46 [A2] heartbeat -> A1
13:49:46 [A2] controller result received (IRRIGATION -> EXECUTED)
13:49:46 [A2] awaiting server durable receipt, CONTROL_RESULT queued locally (depth=1)
13:49:46 [A2] offline queue empty
13:49:46 [A2] heartbeat -> A1
13:49:46 [A2] heartbeat -> A1
13:49:46 [A2] heartbeat -> A1
13:49:46 [A2] heartbeat -> A1
13:49:46 [A2] heartbeat -> A1
13:49:46 [A2] heartbeat -> A1
13:49:46 [A2] heartbeat -> A1
13:49:46 [A2] received SENSOR_DATA from B2
13:49:46 [A2] edge decision = IRRIGATION (soil_moisture 21.7 < 25.0)
13:49:46 [A2] awaiting server durable receipt, SENSOR_DATA queued locally (depth=1)
13:49:46 [A2] command sent to C2 (IRRIGATION 10s, command_id=e21abe47dc20, generation=1)
13:49:46 [A2] awaiting server durable receipt, CONTROL_COMMAND queued locally (depth=2)
13:49:46 [A2] ACK received (message_id=e21abe47dc20)
13:49:46 [A2] offline queue empty
13:49:46 [A2] heartbeat -> A1
13:49:46 [A2] controller result received (IRRIGATION -> EXECUTED)
13:49:46 [A2] awaiting server durable receipt, CONTROL_RESULT queued locally (depth=1)
13:49:46 [A2] offline queue empty
13:49:47 [A2] heartbeat -> A1
13:49:47 [A2] heartbeat -> A1
13:49:47 [A2] heartbeat -> A1
13:49:47 [A2] heartbeat -> A1
13:49:47 [A2] heartbeat -> A1
13:49:47 [A2] heartbeat -> A1
13:49:47 [A2] heartbeat -> A1
13:49:47 [A2] heartbeat -> A1
13:49:47 [A2] heartbeat -> A1
13:49:47 [A2] heartbeat -> A1
13:49:48 [A2] heartbeat -> A1
13:49:48 [A2] heartbeat -> A1
13:49:48 [A2] heartbeat -> A1
13:49:48 [A2] heartbeat -> A1
13:49:48 [A2] heartbeat -> A1
13:49:48 [A2] heartbeat -> A1
13:49:48 [A2] heartbeat -> A1
13:49:48 [A2] received SENSOR_DATA from B2
13:49:48 [A2] edge decision = IRRIGATION (soil_moisture 21.6 < 25.0)
13:49:48 [A2] awaiting server durable receipt, SENSOR_DATA queued locally (depth=1)
13:49:48 [A2] command sent to C2 (IRRIGATION 10s, command_id=37b947d1a8b3, generation=1)
13:49:48 [A2] awaiting server durable receipt, CONTROL_COMMAND queued locally (depth=2)
13:49:48 [A2] ACK received (message_id=37b947d1a8b3)
13:49:48 [A2] offline queue empty
13:49:48 [A2] heartbeat -> A1
13:49:48 [A2] controller result received (IRRIGATION -> EXECUTED)
13:49:48 [A2] awaiting server durable receipt, CONTROL_RESULT queued locally (depth=1)
13:49:48 [A2] offline queue empty
13:49:48 [A2] heartbeat -> A1
13:49:48 [A2] heartbeat -> A1
13:49:49 [A2] heartbeat -> A1
13:49:49 [A2] received SENSOR_DATA from B2
13:49:49 [A2] edge decision = IRRIGATION (soil_moisture 21.7 < 25.0)
13:49:49 [A2] awaiting server durable receipt, SENSOR_DATA queued locally (depth=1)
13:49:49 [A2] command sent to C2 (IRRIGATION 10s, command_id=8e09f3512ea7, generation=1)
13:49:49 [A2] awaiting server durable receipt, CONTROL_COMMAND queued locally (depth=2)
13:49:49 [A2] ACK received (message_id=8e09f3512ea7)
13:49:49 [A2] offline queue empty
13:49:49 [A2] heartbeat -> A1
13:49:49 [A2] controller result received (IRRIGATION -> EXECUTED)
13:49:49 [A2] awaiting server durable receipt, CONTROL_RESULT queued locally (depth=1)
13:49:49 [A2] offline queue empty
13:49:49 [A2] heartbeat -> A1
13:49:49 [A2] heartbeat -> A1
13:49:49 [A2] heartbeat -> A1
13:49:49 [A2] heartbeat -> A1
13:49:49 [A2] SERVER_POLICY v2 applied (soil<25.0 -> 10s, temp>32.0 -> 5s)
13:49:49 [A2] edge autonomy intact: policy is advisory, control stays local
13:49:49 [A2] heartbeat -> A1
13:49:49 [A2] received SENSOR_DATA from B2
13:49:49 [A2] edge decision = IRRIGATION (soil_moisture 21.8 < 25.0)
13:49:49 [A2] awaiting server durable receipt, SENSOR_DATA queued locally (depth=1)
13:49:49 [A2] command sent to C2 (IRRIGATION 10s, command_id=59a547b1c459, generation=1)
13:49:49 [A2] awaiting server durable receipt, CONTROL_COMMAND queued locally (depth=2)
13:49:49 [A2] ACK received (message_id=59a547b1c459)
13:49:49 [A2] offline queue empty
13:49:49 [A2] heartbeat -> A1
13:49:49 [A2] controller result received (IRRIGATION -> EXECUTED)
13:49:49 [A2] awaiting server durable receipt, CONTROL_RESULT queued locally (depth=1)
13:49:49 [A2] offline queue empty
13:49:49 [A2] heartbeat -> A1
13:49:49 [A2] heartbeat -> A1
13:49:50 [A2] heartbeat -> A1
13:49:50 [A2] received SENSOR_DATA from B2
13:49:50 [A2] edge decision = IRRIGATION (soil_moisture 21.8 < 25.0)
13:49:50 [A2] awaiting server durable receipt, SENSOR_DATA queued locally (depth=1)
13:49:50 [A2] command sent to C2 (IRRIGATION 10s, command_id=37ee115941cb, generation=1)
13:49:50 [A2] awaiting server durable receipt, CONTROL_COMMAND queued locally (depth=2)
13:49:50 [A2] ACK received (message_id=37ee115941cb)
13:49:50 [A2] offline queue empty
13:49:50 [A2] heartbeat -> A1
13:49:50 [A2] controller result received (IRRIGATION -> EXECUTED)
13:49:50 [A2] awaiting server durable receipt, CONTROL_RESULT queued locally (depth=1)
13:49:50 [A2] offline queue empty
13:49:50 [A2] heartbeat -> A1
13:49:50 [A2] heartbeat -> A1
13:49:50 [A2] B2 disconnected
13:49:50 [A2] C2 disconnected
