13:49:14 [A2] gateway started on 127.0.0.1:54920 (sensor=B2, controller=C2, peer=A1, generation=1, role=ACTIVE)
13:49:14 [A2] connected to server 127.0.0.1:54915
13:49:14 [A2] peer link established with A1
13:49:14 [A2] heartbeat -> A1
13:49:14 [A2] offline queue empty
13:49:14 [A2] B2 registered (owner=A2, generation=1)
13:49:14 [A2] received SENSOR_DATA from B2
13:49:14 [A2] edge decision = IRRIGATION (soil_moisture 21.9 < 25.0)
13:49:14 [A2] awaiting server durable receipt, SENSOR_DATA queued locally (depth=1)
13:49:14 [A2] awaiting server durable receipt, CONTROL_RESULT queued locally (depth=2)
13:49:14 [A2] offline queue empty
13:49:14 [A2] C2 registered (owner=A2, generation=1)
13:49:14 [A2] A1 is online
13:49:14 [A2] heartbeat to A1 failed, reconnecting
13:49:14 [A2] peer link established with A1
13:49:14 [A2] heartbeat -> A1
13:49:14 [A2] received SENSOR_DATA from B2
13:49:14 [A2] edge decision = IRRIGATION (soil_moisture 21.9 < 25.0)
13:49:14 [A2] awaiting server durable receipt, SENSOR_DATA queued locally (depth=1)
13:49:14 [A2] command sent to C2 (IRRIGATION 10s, command_id=dff6c7480668, generation=1)
13:49:14 [A2] awaiting server durable receipt, CONTROL_COMMAND queued locally (depth=2)
13:49:14 [A2] ACK received (message_id=dff6c7480668)
13:49:14 [A2] offline queue empty
13:49:14 [A2] heartbeat -> A1
13:49:14 [A2] controller result received (IRRIGATION -> EXECUTED)
13:49:14 [A2] awaiting server durable receipt, CONTROL_RESULT queued locally (depth=1)
13:49:14 [A2] offline queue empty
13:49:14 [A2] heartbeat -> A1
13:49:15 [A2] heartbeat -> A1
13:49:15 [A2] heartbeat -> A1
13:49:15 [A2] heartbeat -> A1
13:49:15 [A2] heartbeat -> A1
13:49:15 [A2] received SENSOR_DATA from B2
13:49:15 [A2] edge decision = IRRIGATION (soil_moisture 21.8 < 25.0)
13:49:15 [A2] awaiting server durable receipt, SENSOR_DATA queued locally (depth=1)
13:49:15 [A2] command sent to C2 (IRRIGATION 10s, command_id=2b7d9cdcf03c, generation=1)
13:49:15 [A2] awaiting server durable receipt, CONTROL_COMMAND queued locally (depth=2)
13:49:15 [A2] ACK received (message_id=2b7d9cdcf03c)
13:49:15 [A2] offline queue empty
13:49:15 [A2] heartbeat -> A1
13:49:15 [A2] controller result received (IRRIGATION -> EXECUTED)
13:49:15 [A2] awaiting server durable receipt, CONTROL_RESULT queued locally (depth=1)
13:49:15 [A2] offline queue empty
13:49:15 [A2] SERVER_POLICY v1 applied (soil<25.0 -> 10s, temp>32.0 -> 5s)
13:49:15 [A2] edge autonomy intact: policy is advisory, control stays local
13:49:15 [A2] heartbeat -> A1
13:49:15 [A2] heartbeat -> A1
13:49:15 [A2] heartbeat -> A1
13:49:15 [A2] heartbeat -> A1
13:49:15 [A2] heartbeat -> A1
13:49:15 [A2] received SENSOR_DATA from B2
13:49:15 [A2] edge decision = IRRIGATION (soil_moisture 21.9 < 25.0)
13:49:15 [A2] awaiting server durable receipt, SENSOR_DATA queued locally (depth=1)
13:49:15 [A2] command sent to C2 (IRRIGATION 10s, command_id=8b7686d21325, generation=1)
13:49:15 [A2] awaiting server durable receipt, CONTROL_COMMAND queued locally (depth=2)
13:49:15 [A2] ACK received (message_id=8b7686d21325)
13:49:15 [A2] offline queue empty
13:49:16 [A2] heartbeat -> A1
13:49:16 [A2] controller result received (IRRIGATION -> EXECUTED)
13:49:16 [A2] awaiting server durable receipt, CONTROL_RESULT queued locally (depth=1)
13:49:16 [A2] offline queue empty
13:49:16 [A2] heartbeat -> A1
13:49:16 [A2] heartbeat -> A1
13:49:16 [A2] heartbeat -> A1
13:49:16 [A2] heartbeat -> A1
13:49:16 [A2] heartbeat -> A1
13:49:16 [A2] received SENSOR_DATA from B2
13:49:16 [A2] edge decision = IRRIGATION (soil_moisture 22.0 < 25.0)
13:49:16 [A2] awaiting server durable receipt, SENSOR_DATA queued locally (depth=1)
13:49:16 [A2] command sent to C2 (IRRIGATION 10s, command_id=a4d8abbb3532, generation=1)
13:49:16 [A2] awaiting server durable receipt, CONTROL_COMMAND queued locally (depth=2)
13:49:16 [A2] ACK received (message_id=a4d8abbb3532)
13:49:16 [A2] offline queue empty
13:49:16 [A2] heartbeat -> A1
13:49:16 [A2] controller result received (IRRIGATION -> EXECUTED)
13:49:16 [A2] awaiting server durable receipt, CONTROL_RESULT queued locally (depth=1)
13:49:16 [A2] offline queue empty
13:49:16 [A2] heartbeat -> A1
13:49:16 [A2] heartbeat -> A1
13:49:16 [A2] heartbeat -> A1
13:49:17 [A2] heartbeat -> A1
13:49:17 [A2] heartbeat -> A1
13:49:17 [A2] heartbeat -> A1
13:49:17 [A2] heartbeat -> A1
13:49:17 [A2] heartbeat -> A1
13:49:17 [A2] received SENSOR_DATA from B2
13:49:17 [A2] edge decision = IRRIGATION (soil_moisture 22.3 < 25.0)
13:49:17 [A2] awaiting server durable receipt, SENSOR_DATA queued locally (depth=1)
13:49:17 [A2] command sent to C2 (IRRIGATION 10s, command_id=ba03293700b9, generation=1)
13:49:17 [A2] awaiting server durable receipt, CONTROL_COMMAND queued locally (depth=2)
13:49:17 [A2] heartbeat -> A1
13:49:17 [A2] ACK received (message_id=ba03293700b9)
13:49:17 [A2] offline queue empty
13:49:17 [A2] heartbeat -> A1
13:49:17 [A2] controller result received (IRRIGATION -> EXECUTED)
13:49:17 [A2] awaiting server durable receipt, CONTROL_RESULT queued locally (depth=1)
13:49:17 [A2] offline queue empty
13:49:17 [A2] heartbeat -> A1
13:49:17 [A2] received SENSOR_DATA from B2
13:49:17 [A2] edge decision = IRRIGATION (soil_moisture 22.2 < 25.0)
13:49:17 [A2] awaiting server durable receipt, SENSOR_DATA queued locally (depth=1)
13:49:17 [A2] command sent to C2 (IRRIGATION 10s, command_id=4c706e42de1b, generation=1)
13:49:17 [A2] awaiting server durable receipt, CONTROL_COMMAND queued locally (depth=2)
13:49:17 [A2] ACK received (message_id=4c706e42de1b)
13:49:17 [A2] offline queue empty
13:49:17 [A2] heartbeat -> A1
13:49:17 [A2] controller result received (IRRIGATION -> EXECUTED)
13:49:17 [A2] awaiting server durable receipt, CONTROL_RESULT queued locally (depth=1)
13:49:17 [A2] offline queue empty
13:49:17 [A2] heartbeat -> A1
13:49:18 [A2] heartbeat -> A1
13:49:18 [A2] heartbeat -> A1
13:49:18 [A2] heartbeat -> A1
13:49:18 [A2] received SENSOR_DATA from B2
13:49:18 [A2] edge decision = IRRIGATION (soil_moisture 22.0 < 25.0)
13:49:18 [A2] awaiting server durable receipt, SENSOR_DATA queued locally (depth=1)
13:49:18 [A2] command sent to C2 (IRRIGATION 10s, command_id=1afdaa3d665f, generation=1)
13:49:18 [A2] awaiting server durable receipt, CONTROL_COMMAND queued locally (depth=2)
13:49:18 [A2] ACK received (message_id=1afdaa3d665f)
13:49:18 [A2] heartbeat -> A1
13:49:18 [A2] offline queue empty
13:49:18 [A2] heartbeat -> A1
13:49:18 [A2] controller result received (IRRIGATION -> EXECUTED)
13:49:18 [A2] awaiting server durable receipt, CONTROL_RESULT queued locally (depth=1)
13:49:18 [A2] offline queue empty
13:49:18 [A2] heartbeat -> A1
13:49:18 [A2] heartbeat -> A1
13:49:18 [A2] heartbeat -> A1
13:49:18 [A2] received SENSOR_DATA from B2
13:49:18 [A2] edge decision = IRRIGATION (soil_moisture 22.0 < 25.0)
13:49:18 [A2] awaiting server durable receipt, SENSOR_DATA queued locally (depth=1)
13:49:18 [A2] command sent to C2 (IRRIGATION 10s, command_id=c74e639ef197, generation=1)
13:49:18 [A2] awaiting server durable receipt, CONTROL_COMMAND queued locally (depth=2)
13:49:18 [A2] ACK received (message_id=c74e639ef197)
13:49:18 [A2] offline queue empty
13:49:18 [A2] heartbeat -> A1
13:49:18 [A2] controller result received (IRRIGATION -> EXECUTED)
13:49:18 [A2] awaiting server durable receipt, CONTROL_RESULT queued locally (depth=1)
13:49:18 [A2] offline queue empty
13:49:18 [A2] heartbeat -> A1
13:49:19 [A2] heartbeat -> A1
13:49:19 [A2] heartbeat -> A1
13:49:19 [A2] heartbeat -> A1
13:49:19 [A2] heartbeat -> A1
13:49:19 [A2] heartbeat -> A1
13:49:19 [A2] heartbeat -> A1
13:49:19 [A2] heartbeat -> A1
13:49:19 [A2] heartbeat -> A1
13:49:19 [A2] heartbeat -> A1
13:49:19 [A2] heartbeat -> A1
13:49:20 [A2] heartbeat -> A1
13:49:20 [A2] heartbeat -> A1
13:49:20 [A2] heartbeat -> A1
13:49:20 [A2] heartbeat -> A1
13:49:20 [A2] heartbeat -> A1
13:49:20 [A2] heartbeat -> A1
13:49:20 [A2] heartbeat -> A1
13:49:20 [A2] heartbeat -> A1
13:49:20 [A2] heartbeat -> A1
13:49:21 [A2] heartbeat -> A1
13:49:21 [A2] heartbeat -> A1
13:49:21 [A2] received SENSOR_DATA from B2
13:49:21 [A2] edge decision = IRRIGATION (soil_moisture 21.9 < 25.0)
13:49:21 [A2] awaiting server durable receipt, SENSOR_DATA queued locally (depth=1)
13:49:21 [A2] command sent to C2 (IRRIGATION 10s, command_id=7457dbd551d2, generation=1)
13:49:21 [A2] awaiting server durable receipt, CONTROL_COMMAND queued locally (depth=2)
13:49:21 [A2] ACK received (message_id=7457dbd551d2)
13:49:21 [A2] heartbeat -> A1
13:49:21 [A2] offline queue empty
13:49:21 [A2] heartbeat -> A1
13:49:21 [A2] controller result received (IRRIGATION -> EXECUTED)
13:49:21 [A2] awaiting server durable receipt, CONTROL_RESULT queued locally (depth=1)
13:49:21 [A2] offline queue empty
13:49:21 [A2] heartbeat -> A1
13:49:21 [A2] heartbeat -> A1
13:49:21 [A2] heartbeat -> A1
13:49:21 [A2] heartbeat -> A1
13:49:21 [A2] heartbeat -> A1
13:49:21 [A2] heartbeat -> A1
13:49:22 [A2] received SENSOR_DATA from B2
13:49:22 [A2] edge decision = IRRIGATION (soil_moisture 21.6 < 25.0)
13:49:22 [A2] awaiting server durable receipt, SENSOR_DATA queued locally (depth=1)
13:49:22 [A2] command sent to C2 (IRRIGATION 10s, command_id=ea66591f6862, generation=1)
13:49:22 [A2] awaiting server durable receipt, CONTROL_COMMAND queued locally (depth=2)
13:49:22 [A2] ACK received (message_id=ea66591f6862)
13:49:22 [A2] heartbeat -> A1
13:49:22 [A2] offline queue empty
13:49:22 [A2] heartbeat -> A1
13:49:22 [A2] controller result received (IRRIGATION -> EXECUTED)
13:49:22 [A2] awaiting server durable receipt, CONTROL_RESULT queued locally (depth=1)
13:49:22 [A2] offline queue empty
13:49:22 [A2] heartbeat -> A1
13:49:22 [A2] heartbeat -> A1
13:49:22 [A2] heartbeat -> A1
13:49:22 [A2] heartbeat -> A1
13:49:22 [A2] heartbeat -> A1
13:49:22 [A2] heartbeat -> A1
13:49:22 [A2] received SENSOR_DATA from B2
13:49:22 [A2] edge decision = IRRIGATION (soil_moisture 21.7 < 25.0)
13:49:22 [A2] awaiting server durable receipt, SENSOR_DATA queued locally (depth=1)
13:49:22 [A2] command sent to C2 (IRRIGATION 10s, command_id=7ca648e978da, generation=1)
13:49:22 [A2] awaiting server durable receipt, CONTROL_COMMAND queued locally (depth=2)
13:49:22 [A2] ACK received (message_id=7ca648e978da)
13:49:22 [A2] heartbeat -> A1
13:49:22 [A2] offline queue empty
13:49:22 [A2] heartbeat -> A1
13:49:22 [A2] controller result received (IRRIGATION -> EXECUTED)
13:49:22 [A2] awaiting server durable receipt, CONTROL_RESULT queued locally (depth=1)
13:49:22 [A2] offline queue empty
13:49:23 [A2] heartbeat -> A1
13:49:23 [A2] heartbeat -> A1
13:49:23 [A2] heartbeat -> A1
13:49:23 [A2] heartbeat -> A1
13:49:23 [A2] heartbeat -> A1
13:49:23 [A2] heartbeat -> A1
13:49:23 [A2] heartbeat -> A1
13:49:23 [A2] heartbeat -> A1
13:49:23 [A2] heartbeat -> A1
13:49:23 [A2] heartbeat -> A1
13:49:24 [A2] heartbeat -> A1
13:49:24 [A2] heartbeat -> A1
13:49:24 [A2] heartbeat -> A1
13:49:24 [A2] heartbeat -> A1
13:49:24 [A2] heartbeat -> A1
13:49:24 [A2] heartbeat -> A1
13:49:24 [A2] received SENSOR_DATA from B2
13:49:24 [A2] edge decision = IRRIGATION (soil_moisture 21.6 < 25.0)
13:49:24 [A2] awaiting server durable receipt, SENSOR_DATA queued locally (depth=1)
13:49:24 [A2] command sent to C2 (IRRIGATION 10s, command_id=71fc613f7138, generation=1)
13:49:24 [A2] awaiting server durable receipt, CONTROL_COMMAND queued locally (depth=2)
13:49:24 [A2] ACK received (message_id=71fc613f7138)
13:49:24 [A2] offline queue empty
13:49:24 [A2] heartbeat -> A1
13:49:24 [A2] controller result received (IRRIGATION -> EXECUTED)
13:49:24 [A2] awaiting server durable receipt, CONTROL_RESULT queued locally (depth=1)
13:49:24 [A2] heartbeat -> A1
13:49:24 [A2] offline queue empty
13:49:24 [A2] heartbeat -> A1
13:49:24 [A2] heartbeat -> A1
13:49:25 [A2] received SENSOR_DATA from B2
13:49:25 [A2] edge decision = IRRIGATION (soil_moisture 21.7 < 25.0)
13:49:25 [A2] awaiting server durable receipt, SENSOR_DATA queued locally (depth=1)
13:49:25 [A2] command sent to C2 (IRRIGATION 10s, command_id=c3c1a504f98c, generation=1)
13:49:25 [A2] awaiting server durable receipt, CONTROL_COMMAND queued locally (depth=2)
13:49:25 [A2] ACK received (message_id=c3c1a504f98c)
13:49:25 [A2] offline queue empty
13:49:25 [A2] heartbeat -> A1
13:49:25 [A2] controller result received (IRRIGATION -> EXECUTED)
13:49:25 [A2] awaiting server durable receipt, CONTROL_RESULT queued locally (depth=1)
13:49:25 [A2] heartbeat -> A1
13:49:25 [A2] offline queue empty
13:49:25 [A2] heartbeat -> A1
13:49:25 [A2] heartbeat -> A1
13:49:25 [A2] heartbeat -> A1
13:49:25 [A2] SERVER_POLICY v2 applied (soil<25.0 -> 10s, temp>32.0 -> 5s)
13:49:25 [A2] edge autonomy intact: policy is advisory, control stays local
13:49:25 [A2] heartbeat -> A1
13:49:25 [A2] received SENSOR_DATA from B2
13:49:25 [A2] edge decision = IRRIGATION (soil_moisture 21.8 < 25.0)
13:49:25 [A2] awaiting server durable receipt, SENSOR_DATA queued locally (depth=1)
13:49:25 [A2] command sent to C2 (IRRIGATION 10s, command_id=4d3c887f77f6, generation=1)
13:49:25 [A2] awaiting server durable receipt, CONTROL_COMMAND queued locally (depth=2)
13:49:25 [A2] ACK received (message_id=4d3c887f77f6)
13:49:25 [A2] offline queue empty
13:49:25 [A2] heartbeat -> A1
13:49:25 [A2] controller result received (IRRIGATION -> EXECUTED)
13:49:25 [A2] awaiting server durable receipt, CONTROL_RESULT queued locally (depth=1)
13:49:25 [A2] heartbeat -> A1
13:49:25 [A2] offline queue empty
13:49:25 [A2] heartbeat -> A1
13:49:25 [A2] heartbeat -> A1
13:49:26 [A2] received SENSOR_DATA from B2
13:49:26 [A2] edge decision = IRRIGATION (soil_moisture 21.8 < 25.0)
13:49:26 [A2] awaiting server durable receipt, SENSOR_DATA queued locally (depth=1)
13:49:26 [A2] command sent to C2 (IRRIGATION 10s, command_id=bdcebd27f477, generation=1)
13:49:26 [A2] awaiting server durable receipt, CONTROL_COMMAND queued locally (depth=2)
13:49:26 [A2] ACK received (message_id=bdcebd27f477)
13:49:26 [A2] offline queue empty
13:49:26 [A2] heartbeat -> A1
13:49:26 [A2] controller result received (IRRIGATION -> EXECUTED)
13:49:26 [A2] awaiting server durable receipt, CONTROL_RESULT queued locally (depth=1)
13:49:26 [A2] heartbeat -> A1
13:49:26 [A2] offline queue empty
13:49:26 [A2] heartbeat -> A1
13:49:26 [A2] heartbeat -> A1
13:49:26 [A2] C2 disconnected
13:49:26 [A2] B2 disconnected
