12:17:43 [C1] connected to gateway A1 (127.0.0.1)
12:17:43 [C1] NODE_REGISTER sent to A1 (attempt 1)
12:17:43 [C1] connected to gateway A2 (127.0.0.1)
12:17:43 [C1] NODE_REGISTER sent to A2 (attempt 1)
12:17:43 [C1] connected to gateway A1 (127.0.0.1)
12:17:43 [C1] NODE_REGISTER sent to A1 (attempt 1)
12:17:43 [C1] registered with A1 (generation=1)
12:17:43 [C1] IRRIGATION command received (command_id=b0ff821751c9, duration=10s, generation=1)
12:17:43 [C1] ACK sent (command_id=b0ff821751c9)
12:17:43 [C1] safety check passed
12:17:43 [C1] irrigation executed
12:17:43 [C1] CONTROL_RESULT sent to A1
12:17:43 [C1] IRRIGATION command received (command_id=2bb98aca773a, duration=10s, generation=1)
12:17:43 [C1] ACK sent (command_id=2bb98aca773a)
12:17:43 [C1] safety check passed
12:17:43 [C1] irrigation executed
12:17:43 [C1] CONTROL_RESULT sent to A1
12:17:43 [C1] IRRIGATION command received (command_id=c4e64117c3ab, duration=10s, generation=1)
12:17:43 [C1] ACK sent (command_id=c4e64117c3ab)
12:17:43 [C1] safety check passed
12:17:43 [C1] irrigation executed
12:17:43 [C1] CONTROL_RESULT sent to A1
12:17:44 [C1] IRRIGATION command received (command_id=9280db0bb90c, duration=10s, generation=1)
12:17:44 [C1] ACK sent (command_id=9280db0bb90c)
12:17:44 [C1] safety check passed
12:17:44 [C1] irrigation executed
12:17:44 [C1] CONTROL_RESULT sent to A1
12:17:44 [C1] IRRIGATION command received (command_id=4d69e4617736, duration=10s, generation=1)
12:17:44 [C1] ACK sent (command_id=4d69e4617736)
12:17:44 [C1] safety check passed
12:17:44 [C1] irrigation executed
12:17:44 [C1] CONTROL_RESULT sent to A1
12:17:45 [C1] IRRIGATION command received (command_id=3b4f321575fc, duration=10s, generation=1)
12:17:45 [C1] ACK sent (command_id=3b4f321575fc)
12:17:45 [C1] safety check passed
12:17:45 [C1] irrigation executed
12:17:45 [C1] CONTROL_RESULT sent to A1
12:17:45 [C1] IRRIGATION command received (command_id=2d0e486888b0, duration=10s, generation=1)
12:17:45 [C1] ACK sent (command_id=2d0e486888b0)
12:17:45 [C1] safety check passed
12:17:45 [C1] irrigation executed
12:17:45 [C1] CONTROL_RESULT sent to A1
12:17:46 [C1] IRRIGATION command received (command_id=ffb82c8cd255, duration=10s, generation=1)
12:17:46 [C1] ACK sent (command_id=ffb82c8cd255)
12:17:46 [C1] safety check passed
12:17:46 [C1] irrigation executed
12:17:46 [C1] CONTROL_RESULT sent to A1
12:17:46 [C1] IRRIGATION command received (command_id=1e6c22de878a, duration=10s, generation=1)
12:17:46 [C1] ACK sent (command_id=1e6c22de878a)
12:17:46 [C1] safety check passed
12:17:46 [C1] irrigation executed
12:17:46 [C1] CONTROL_RESULT sent to A1
12:17:47 [C1] IRRIGATION command received (command_id=432d02fe285b, duration=10s, generation=1)
12:17:47 [C1] ACK sent (command_id=432d02fe285b)
12:17:47 [C1] safety check passed
12:17:47 [C1] irrigation executed
12:17:47 [C1] CONTROL_RESULT sent to A1
12:17:47 [C1] IRRIGATION command received (command_id=e1b81f81bc27, duration=10s, generation=1)
12:17:47 [C1] ACK sent (command_id=e1b81f81bc27)
12:17:47 [C1] safety check passed
12:17:47 [C1] irrigation executed
12:17:47 [C1] CONTROL_RESULT sent to A1
12:17:48 [C1] IRRIGATION command received (command_id=a0b912535589, duration=10s, generation=1)
12:17:48 [C1] ACK sent (command_id=a0b912535589)
12:17:48 [C1] safety check passed
12:17:48 [C1] irrigation executed
12:17:48 [C1] CONTROL_RESULT sent to A1
12:17:48 [C1] IRRIGATION command received (command_id=d18d78f123c6, duration=10s, generation=1)
12:17:48 [C1] ACK sent (command_id=d18d78f123c6)
12:17:48 [C1] safety check passed
12:17:48 [C1] irrigation executed
12:17:48 [C1] CONTROL_RESULT sent to A1
12:17:50 [C1] IRRIGATION command received (command_id=cb078709f62a, duration=10s, generation=1)
12:17:50 [C1] ACK sent (command_id=cb078709f62a)
12:17:50 [C1] safety check passed
12:17:50 [C1] irrigation executed
12:17:50 [C1] CONTROL_RESULT sent to A1
12:17:51 [C1] IRRIGATION command received (command_id=418e1852a34e, duration=10s, generation=1)
12:17:51 [C1] ACK sent (command_id=418e1852a34e)
12:17:51 [C1] safety check passed
12:17:51 [C1] irrigation executed
12:17:51 [C1] CONTROL_RESULT sent to A1
12:17:51 [C1] IRRIGATION command received (command_id=debff58fe87b, duration=10s, generation=1)
12:17:51 [C1] ACK sent (command_id=debff58fe87b)
12:17:51 [C1] safety check passed
12:17:51 [C1] irrigation executed
12:17:51 [C1] CONTROL_RESULT sent to A1
12:17:52 [C1] IRRIGATION command received (command_id=3f1fdfa3fa0d, duration=10s, generation=1)
12:17:52 [C1] ACK sent (command_id=3f1fdfa3fa0d)
12:17:52 [C1] safety check passed
12:17:52 [C1] irrigation executed
12:17:52 [C1] CONTROL_RESULT sent to A1
12:17:53 [C1] IRRIGATION command received (command_id=710f1ad4f777, duration=10s, generation=1)
12:17:53 [C1] ACK sent (command_id=710f1ad4f777)
12:17:53 [C1] safety check passed
12:17:53 [C1] irrigation executed
12:17:53 [C1] CONTROL_RESULT sent to A1
12:17:54 [C1] IRRIGATION command received (command_id=1b100dfca025, duration=10s, generation=1)
12:17:54 [C1] ACK sent (command_id=1b100dfca025)
12:17:54 [C1] safety check passed
12:17:54 [C1] irrigation executed
12:17:54 [C1] CONTROL_RESULT sent to A1
