13:49:02 [A2] gateway started on 127.0.0.1:54866 (sensor=B2, controller=C2, peer=A1, generation=1, role=ACTIVE)
13:49:02 [A2] connected to server 127.0.0.1:54861
13:49:02 [A2] peer link established with A1
13:49:02 [A2] heartbeat -> A1
13:49:02 [A2] offline queue empty
13:49:02 [A2] B2 registered (owner=A2, generation=1)
13:49:02 [A2] C2 registered (owner=A2, generation=1)
13:49:02 [A2] received SENSOR_DATA from B2
13:49:02 [A2] edge decision = IRRIGATION (soil_moisture 21.9 < 25.0)
13:49:02 [A2] awaiting server durable receipt, SENSOR_DATA queued locally (depth=1)
13:49:02 [A2] command sent to C2 (IRRIGATION 10s, command_id=57060826d410, generation=1)
13:49:02 [A2] awaiting server durable receipt, CONTROL_COMMAND queued locally (depth=2)
13:49:02 [A2] ACK received (message_id=57060826d410)
13:49:02 [A2] offline queue empty
13:49:02 [A2] A1 is online
13:49:02 [A2] heartbeat -> A1
13:49:02 [A2] controller result received (IRRIGATION -> EXECUTED)
13:49:02 [A2] awaiting server durable receipt, CONTROL_RESULT queued locally (depth=1)
13:49:02 [A2] offline queue empty
13:49:02 [A2] heartbeat -> A1
13:49:02 [A2] received SENSOR_DATA from B2
13:49:02 [A2] edge decision = IRRIGATION (soil_moisture 21.9 < 25.0)
13:49:02 [A2] awaiting server durable receipt, SENSOR_DATA queued locally (depth=1)
13:49:02 [A2] command sent to C2 (IRRIGATION 10s, command_id=fc3223ab59c1, generation=1)
13:49:02 [A2] awaiting server durable receipt, CONTROL_COMMAND queued locally (depth=2)
13:49:02 [A2] ACK received (message_id=fc3223ab59c1)
13:49:02 [A2] offline queue empty
13:49:02 [A2] heartbeat -> A1
13:49:02 [A2] controller result received (IRRIGATION -> EXECUTED)
13:49:02 [A2] awaiting server durable receipt, CONTROL_RESULT queued locally (depth=1)
13:49:02 [A2] offline queue empty
13:49:02 [A2] heartbeat -> A1
13:49:03 [A2] heartbeat -> A1
13:49:03 [A2] heartbeat -> A1
13:49:03 [A2] heartbeat -> A1
13:49:03 [A2] heartbeat -> A1
13:49:03 [A2] received SENSOR_DATA from B2
13:49:03 [A2] edge decision = IRRIGATION (soil_moisture 21.8 < 25.0)
13:49:03 [A2] awaiting server durable receipt, SENSOR_DATA queued locally (depth=1)
13:49:03 [A2] command sent to C2 (IRRIGATION 10s, command_id=3d9766d1c53d, generation=1)
13:49:03 [A2] awaiting server durable receipt, CONTROL_COMMAND queued locally (depth=2)
13:49:03 [A2] ACK received (message_id=3d9766d1c53d)
13:49:03 [A2] offline queue empty
13:49:03 [A2] heartbeat -> A1
13:49:03 [A2] controller result received (IRRIGATION -> EXECUTED)
13:49:03 [A2] awaiting server durable receipt, CONTROL_RESULT queued locally (depth=1)
13:49:03 [A2] offline queue empty
13:49:03 [A2] SERVER_POLICY v1 applied (soil<25.0 -> 10s, temp>32.0 -> 5s)
13:49:03 [A2] edge autonomy intact: policy is advisory, control stays local
13:49:03 [A2] heartbeat -> A1
13:49:03 [A2] heartbeat -> A1
13:49:03 [A2] heartbeat -> A1
13:49:03 [A2] heartbeat -> A1
13:49:03 [A2] heartbeat -> A1
13:49:03 [A2] received SENSOR_DATA from B2
13:49:03 [A2] edge decision = IRRIGATION (soil_moisture 21.9 < 25.0)
13:49:03 [A2] awaiting server durable receipt, SENSOR_DATA queued locally (depth=1)
13:49:03 [A2] command sent to C2 (IRRIGATION 10s, command_id=e51209d9fa5a, generation=1)
13:49:03 [A2] awaiting server durable receipt, CONTROL_COMMAND queued locally (depth=2)
13:49:03 [A2] ACK received (message_id=e51209d9fa5a)
13:49:03 [A2] offline queue empty
13:49:04 [A2] heartbeat -> A1
13:49:04 [A2] controller result received (IRRIGATION -> EXECUTED)
13:49:04 [A2] awaiting server durable receipt, CONTROL_RESULT queued locally (depth=1)
13:49:04 [A2] offline queue empty
13:49:04 [A2] heartbeat -> A1
13:49:04 [A2] heartbeat -> A1
13:49:04 [A2] heartbeat -> A1
13:49:04 [A2] heartbeat -> A1
13:49:04 [A2] received SENSOR_DATA from B2
13:49:04 [A2] edge decision = IRRIGATION (soil_moisture 22.0 < 25.0)
13:49:04 [A2] awaiting server durable receipt, SENSOR_DATA queued locally (depth=1)
13:49:04 [A2] command sent to C2 (IRRIGATION 10s, command_id=97f4b6807b34, generation=1)
13:49:04 [A2] awaiting server durable receipt, CONTROL_COMMAND queued locally (depth=2)
13:49:04 [A2] heartbeat -> A1
13:49:04 [A2] ACK received (message_id=97f4b6807b34)
13:49:04 [A2] connected to server 127.0.0.1:54861
13:49:04 [A2] server link error: [Errno 54] Connection reset by peer
13:49:04 [A2] heartbeat -> A1
13:49:04 [A2] controller result received (IRRIGATION -> EXECUTED)
13:49:04 [A2] awaiting server durable receipt, CONTROL_RESULT queued locally (depth=3)
13:49:04 [A2] heartbeat -> A1
13:49:04 [A2] heartbeat -> A1
13:49:04 [A2] heartbeat -> A1
13:49:05 [A2] heartbeat -> A1
13:49:05 [A2] connected to server 127.0.0.1:54861
13:49:05 [A2] server link error: [Errno 54] Connection reset by peer
13:49:05 [A2] heartbeat -> A1
13:49:05 [A2] heartbeat -> A1
13:49:05 [A2] heartbeat -> A1
13:49:05 [A2] heartbeat -> A1
13:49:05 [A2] received SENSOR_DATA from B2
13:49:05 [A2] edge decision = IRRIGATION (soil_moisture 22.3 < 25.0)
13:49:05 [A2] awaiting server durable receipt, SENSOR_DATA queued locally (depth=4)
13:49:05 [A2] command sent to C2 (IRRIGATION 10s, command_id=10de02f36418, generation=1)
13:49:05 [A2] awaiting server durable receipt, CONTROL_COMMAND queued locally (depth=5)
13:49:05 [A2] ACK received (message_id=10de02f36418)
13:49:05 [A2] heartbeat -> A1
13:49:05 [A2] controller result received (IRRIGATION -> EXECUTED)
13:49:05 [A2] awaiting server durable receipt, CONTROL_RESULT queued locally (depth=6)
13:49:05 [A2] heartbeat -> A1
13:49:05 [A2] received SENSOR_DATA from B2
13:49:05 [A2] edge decision = IRRIGATION (soil_moisture 22.2 < 25.0)
13:49:05 [A2] awaiting server durable receipt, SENSOR_DATA queued locally (depth=7)
13:49:05 [A2] command sent to C2 (IRRIGATION 10s, command_id=b8d7b64e4766, generation=1)
13:49:05 [A2] awaiting server durable receipt, CONTROL_COMMAND queued locally (depth=8)
13:49:05 [A2] ACK received (message_id=b8d7b64e4766)
13:49:05 [A2] heartbeat -> A1
13:49:05 [A2] controller result received (IRRIGATION -> EXECUTED)
13:49:05 [A2] awaiting server durable receipt, CONTROL_RESULT queued locally (depth=9)
13:49:05 [A2] heartbeat -> A1
13:49:05 [A2] heartbeat -> A1
13:49:06 [A2] heartbeat -> A1
13:49:06 [A2] connected to server 127.0.0.1:54861
13:49:06 [A2] server link error: [Errno 54] Connection reset by peer
13:49:06 [A2] heartbeat -> A1
13:49:06 [A2] heartbeat -> A1
13:49:06 [A2] received SENSOR_DATA from B2
13:49:06 [A2] edge decision = IRRIGATION (soil_moisture 22.0 < 25.0)
13:49:06 [A2] awaiting server durable receipt, SENSOR_DATA queued locally (depth=10)
13:49:06 [A2] command sent to C2 (IRRIGATION 10s, command_id=1ddf2dff4d16, generation=1)
13:49:06 [A2] awaiting server durable receipt, CONTROL_COMMAND queued locally (depth=11)
13:49:06 [A2] ACK received (message_id=1ddf2dff4d16)
13:49:06 [A2] heartbeat -> A1
13:49:06 [A2] heartbeat -> A1
13:49:06 [A2] controller result received (IRRIGATION -> EXECUTED)
13:49:06 [A2] awaiting server durable receipt, CONTROL_RESULT queued locally (depth=12)
13:49:06 [A2] heartbeat -> A1
13:49:06 [A2] heartbeat -> A1
13:49:06 [A2] received SENSOR_DATA from B2
13:49:06 [A2] edge decision = IRRIGATION (soil_moisture 22.0 < 25.0)
13:49:06 [A2] awaiting server durable receipt, SENSOR_DATA queued locally (depth=13)
13:49:06 [A2] command sent to C2 (IRRIGATION 10s, command_id=47bc5841706d, generation=1)
13:49:06 [A2] awaiting server durable receipt, CONTROL_COMMAND queued locally (depth=14)
13:49:06 [A2] ACK received (message_id=47bc5841706d)
13:49:06 [A2] heartbeat -> A1
13:49:06 [A2] controller result received (IRRIGATION -> EXECUTED)
13:49:06 [A2] awaiting server durable receipt, CONTROL_RESULT queued locally (depth=15)
13:49:06 [A2] heartbeat -> A1
13:49:06 [A2] heartbeat -> A1
13:49:07 [A2] heartbeat -> A1
13:49:07 [A2] heartbeat -> A1
13:49:07 [A2] heartbeat -> A1
13:49:07 [A2] heartbeat -> A1
13:49:07 [A2] heartbeat -> A1
13:49:07 [A2] heartbeat -> A1
13:49:07 [A2] heartbeat -> A1
13:49:07 [A2] heartbeat -> A1
13:49:07 [A2] heartbeat -> A1
13:49:07 [A2] heartbeat -> A1
13:49:08 [A2] connected to server 127.0.0.1:54861
13:49:08 [A2] heartbeat -> A1
13:49:08 [A2] offline queue empty
13:49:08 [A2] heartbeat -> A1
13:49:08 [A2] heartbeat -> A1
13:49:08 [A2] heartbeat -> A1
13:49:08 [A2] heartbeat -> A1
13:49:08 [A2] heartbeat -> A1
13:49:08 [A2] heartbeat -> A1
13:49:08 [A2] heartbeat -> A1
13:49:08 [A2] heartbeat -> A1
13:49:09 [A2] heartbeat -> A1
13:49:09 [A2] heartbeat -> A1
13:49:09 [A2] received SENSOR_DATA from B2
13:49:09 [A2] edge decision = IRRIGATION (soil_moisture 21.9 < 25.0)
13:49:09 [A2] awaiting server durable receipt, SENSOR_DATA queued locally (depth=1)
13:49:09 [A2] command sent to C2 (IRRIGATION 10s, command_id=8d5592f4b30c, generation=1)
13:49:09 [A2] awaiting server durable receipt, CONTROL_COMMAND queued locally (depth=2)
13:49:09 [A2] ACK received (message_id=8d5592f4b30c)
13:49:09 [A2] offline queue empty
13:49:09 [A2] heartbeat -> A1
13:49:09 [A2] controller result received (IRRIGATION -> EXECUTED)
13:49:09 [A2] awaiting server durable receipt, CONTROL_RESULT queued locally (depth=1)
13:49:09 [A2] offline queue empty
13:49:09 [A2] heartbeat -> A1
13:49:09 [A2] heartbeat -> A1
13:49:09 [A2] heartbeat -> A1
13:49:09 [A2] heartbeat -> A1
13:49:09 [A2] heartbeat -> A1
13:49:09 [A2] heartbeat -> A1
13:49:09 [A2] heartbeat -> A1
13:49:09 [A2] received SENSOR_DATA from B2
13:49:09 [A2] edge decision = IRRIGATION (soil_moisture 21.6 < 25.0)
13:49:09 [A2] awaiting server durable receipt, SENSOR_DATA queued locally (depth=1)
13:49:09 [A2] command sent to C2 (IRRIGATION 10s, command_id=31e98add358d, generation=1)
13:49:09 [A2] awaiting server durable receipt, CONTROL_COMMAND queued locally (depth=2)
13:49:09 [A2] ACK received (message_id=31e98add358d)
13:49:09 [A2] offline queue empty
13:49:10 [A2] heartbeat -> A1
13:49:10 [A2] controller result received (IRRIGATION -> EXECUTED)
13:49:10 [A2] awaiting server durable receipt, CONTROL_RESULT queued locally (depth=1)
13:49:10 [A2] offline queue empty
13:49:10 [A2] heartbeat -> A1
13:49:10 [A2] heartbeat -> A1
13:49:10 [A2] heartbeat -> A1
13:49:10 [A2] heartbeat -> A1
13:49:10 [A2] heartbeat -> A1
13:49:10 [A2] heartbeat -> A1
13:49:10 [A2] heartbeat -> A1
13:49:10 [A2] received SENSOR_DATA from B2
13:49:10 [A2] edge decision = IRRIGATION (soil_moisture 21.7 < 25.0)
13:49:10 [A2] awaiting server durable receipt, SENSOR_DATA queued locally (depth=1)
13:49:10 [A2] command sent to C2 (IRRIGATION 10s, command_id=45ebcfbb5c90, generation=1)
13:49:10 [A2] awaiting server durable receipt, CONTROL_COMMAND queued locally (depth=2)
13:49:10 [A2] ACK received (message_id=45ebcfbb5c90)
13:49:10 [A2] offline queue empty
13:49:10 [A2] heartbeat -> A1
13:49:10 [A2] controller result received (IRRIGATION -> EXECUTED)
13:49:10 [A2] awaiting server durable receipt, CONTROL_RESULT queued locally (depth=1)
13:49:10 [A2] offline queue empty
13:49:10 [A2] heartbeat -> A1
13:49:11 [A2] heartbeat -> A1
13:49:11 [A2] heartbeat -> A1
13:49:11 [A2] heartbeat -> A1
13:49:11 [A2] heartbeat -> A1
13:49:11 [A2] heartbeat -> A1
13:49:11 [A2] heartbeat -> A1
13:49:11 [A2] heartbeat -> A1
13:49:11 [A2] heartbeat -> A1
13:49:11 [A2] heartbeat -> A1
13:49:11 [A2] heartbeat -> A1
13:49:12 [A2] heartbeat -> A1
13:49:12 [A2] heartbeat -> A1
13:49:12 [A2] heartbeat -> A1
13:49:12 [A2] heartbeat -> A1
13:49:12 [A2] heartbeat -> A1
13:49:12 [A2] heartbeat -> A1
13:49:12 [A2] received SENSOR_DATA from B2
13:49:12 [A2] edge decision = IRRIGATION (soil_moisture 21.6 < 25.0)
13:49:12 [A2] awaiting server durable receipt, SENSOR_DATA queued locally (depth=1)
13:49:12 [A2] command sent to C2 (IRRIGATION 10s, command_id=b95ea676c117, generation=1)
13:49:12 [A2] awaiting server durable receipt, CONTROL_COMMAND queued locally (depth=2)
13:49:12 [A2] ACK received (message_id=b95ea676c117)
13:49:12 [A2] offline queue empty
13:49:12 [A2] heartbeat -> A1
13:49:12 [A2] controller result received (IRRIGATION -> EXECUTED)
13:49:12 [A2] awaiting server durable receipt, CONTROL_RESULT queued locally (depth=1)
13:49:12 [A2] offline queue empty
13:49:12 [A2] heartbeat -> A1
13:49:12 [A2] heartbeat -> A1
13:49:12 [A2] heartbeat -> A1
13:49:13 [A2] received SENSOR_DATA from B2
13:49:13 [A2] edge decision = IRRIGATION (soil_moisture 21.7 < 25.0)
13:49:13 [A2] awaiting server durable receipt, SENSOR_DATA queued locally (depth=1)
13:49:13 [A2] command sent to C2 (IRRIGATION 10s, command_id=624f28f5aa1c, generation=1)
13:49:13 [A2] awaiting server durable receipt, CONTROL_COMMAND queued locally (depth=2)
13:49:13 [A2] ACK received (message_id=624f28f5aa1c)
13:49:13 [A2] offline queue empty
13:49:13 [A2] heartbeat -> A1
13:49:13 [A2] controller result received (IRRIGATION -> EXECUTED)
13:49:13 [A2] awaiting server durable receipt, CONTROL_RESULT queued locally (depth=1)
13:49:13 [A2] offline queue empty
13:49:13 [A2] heartbeat -> A1
13:49:13 [A2] heartbeat -> A1
13:49:13 [A2] heartbeat -> A1
13:49:13 [A2] SERVER_POLICY v2 applied (soil<25.0 -> 10s, temp>32.0 -> 5s)
13:49:13 [A2] edge autonomy intact: policy is advisory, control stays local
13:49:13 [A2] heartbeat -> A1
13:49:13 [A2] heartbeat -> A1
13:49:13 [A2] received SENSOR_DATA from B2
13:49:13 [A2] edge decision = IRRIGATION (soil_moisture 21.8 < 25.0)
13:49:13 [A2] awaiting server durable receipt, SENSOR_DATA queued locally (depth=1)
13:49:13 [A2] command sent to C2 (IRRIGATION 10s, command_id=6d132e370b8e, generation=1)
13:49:13 [A2] awaiting server durable receipt, CONTROL_COMMAND queued locally (depth=2)
13:49:13 [A2] ACK received (message_id=6d132e370b8e)
13:49:13 [A2] offline queue empty
13:49:13 [A2] heartbeat -> A1
13:49:13 [A2] controller result received (IRRIGATION -> EXECUTED)
13:49:13 [A2] awaiting server durable receipt, CONTROL_RESULT queued locally (depth=1)
13:49:13 [A2] offline queue empty
13:49:13 [A2] heartbeat -> A1
13:49:13 [A2] heartbeat -> A1
13:49:14 [A2] heartbeat -> A1
13:49:14 [A2] received SENSOR_DATA from B2
13:49:14 [A2] edge decision = IRRIGATION (soil_moisture 21.8 < 25.0)
13:49:14 [A2] awaiting server durable receipt, SENSOR_DATA queued locally (depth=1)
13:49:14 [A2] command sent to C2 (IRRIGATION 10s, command_id=7fb6389b9e00, generation=1)
13:49:14 [A2] awaiting server durable receipt, CONTROL_COMMAND queued locally (depth=2)
13:49:14 [A2] ACK received (message_id=7fb6389b9e00)
13:49:14 [A2] offline queue empty
13:49:14 [A2] heartbeat -> A1
13:49:14 [A2] controller result received (IRRIGATION -> EXECUTED)
13:49:14 [A2] awaiting server durable receipt, CONTROL_RESULT queued locally (depth=1)
13:49:14 [A2] offline queue empty
13:49:14 [A2] heartbeat -> A1
13:49:14 [A2] heartbeat -> A1
13:49:14 [A2] C2 disconnected
13:49:14 [A2] B2 disconnected
