12:12:03 [C1] connected to gateway A1 (127.0.0.1)
12:12:03 [C1] NODE_REGISTER sent to A1 (attempt 1)
12:12:03 [C1] registered with A1 (generation=1)
12:12:03 [C1] IRRIGATION command received (command_id=d78018bb2492, duration=10s, generation=1)
12:12:03 [C1] ACK sent (command_id=d78018bb2492)
12:12:03 [C1] safety check passed
12:12:03 [C1] irrigation executed
12:12:03 [C1] CONTROL_RESULT sent to A1
12:12:03 [C1] IRRIGATION command received (command_id=42359576957f, duration=10s, generation=1)
12:12:03 [C1] ACK sent (command_id=42359576957f)
12:12:03 [C1] safety check passed
12:12:03 [C1] irrigation executed
12:12:03 [C1] CONTROL_RESULT sent to A1
12:12:03 [C1] IRRIGATION command received (command_id=1d6762440295, duration=10s, generation=1)
12:12:03 [C1] ACK sent (command_id=1d6762440295)
12:12:03 [C1] safety check passed
12:12:04 [C1] irrigation executed
12:12:04 [C1] CONTROL_RESULT sent to A1
12:12:04 [C1] IRRIGATION command received (command_id=ff4e0d49181e, duration=10s, generation=1)
12:12:04 [C1] ACK sent (command_id=ff4e0d49181e)
12:12:04 [C1] safety check passed
12:12:04 [C1] irrigation executed
12:12:04 [C1] CONTROL_RESULT sent to A1
12:12:04 [C1] IRRIGATION command received (command_id=efa57a0b9d0a, duration=10s, generation=1)
12:12:04 [C1] ACK sent (command_id=efa57a0b9d0a)
12:12:04 [C1] safety check passed
12:12:04 [C1] irrigation executed
12:12:04 [C1] CONTROL_RESULT sent to A1
12:12:05 [C1] IRRIGATION command received (command_id=057cc29c997a, duration=10s, generation=1)
12:12:05 [C1] ACK sent (command_id=057cc29c997a)
12:12:05 [C1] safety check passed
12:12:05 [C1] irrigation executed
12:12:05 [C1] CONTROL_RESULT sent to A1
12:12:05 [C1] IRRIGATION command received (command_id=a7c42c873cfa, duration=10s, generation=1)
12:12:05 [C1] ACK sent (command_id=a7c42c873cfa)
12:12:05 [C1] safety check passed
12:12:05 [C1] irrigation executed
12:12:05 [C1] CONTROL_RESULT sent to A1
12:12:05 [C1] IRRIGATION command received (command_id=a7c42c873cfa, duration=10s, generation=1)
12:12:05 [C1] ACK sent (command_id=a7c42c873cfa)
12:12:05 [C1] IRRIGATION command is a duplicate (command_id=a7c42c873cfa) - not executed again
12:12:05 [C1] CONTROL_RESULT sent to A1
12:12:06 [C1] IRRIGATION command received (command_id=262c94a1d74e, duration=10s, generation=1)
12:12:06 [C1] ACK sent (command_id=262c94a1d74e)
12:12:06 [C1] safety check passed
12:12:06 [C1] irrigation executed
12:12:06 [C1] CONTROL_RESULT sent to A1
12:12:06 [C1] IRRIGATION command received (command_id=262c94a1d74e, duration=10s, generation=1)
12:12:06 [C1] ACK sent (command_id=262c94a1d74e)
12:12:06 [C1] IRRIGATION command is a duplicate (command_id=262c94a1d74e) - not executed again
12:12:06 [C1] CONTROL_RESULT sent to A1
12:12:06 [C1] IRRIGATION command received (command_id=eab446301617, duration=10s, generation=1)
12:12:06 [C1] ACK sent (command_id=eab446301617)
12:12:06 [C1] safety check passed
12:12:06 [C1] irrigation executed
12:12:06 [C1] CONTROL_RESULT sent to A1
12:12:06 [C1] IRRIGATION command received (command_id=eab446301617, duration=10s, generation=1)
12:12:06 [C1] ACK sent (command_id=eab446301617)
12:12:06 [C1] IRRIGATION command is a duplicate (command_id=eab446301617) - not executed again
12:12:06 [C1] CONTROL_RESULT sent to A1
12:12:07 [C1] IRRIGATION command received (command_id=136f601b4cf0, duration=10s, generation=1)
12:12:07 [C1] ACK sent (command_id=136f601b4cf0)
12:12:07 [C1] safety check passed
12:12:07 [C1] irrigation executed
12:12:07 [C1] CONTROL_RESULT sent to A1
12:12:07 [C1] IRRIGATION command received (command_id=8fcf1957d4f0, duration=10s, generation=1)
12:12:07 [C1] ACK sent (command_id=8fcf1957d4f0)
12:12:07 [C1] safety check passed
12:12:07 [C1] irrigation executed
12:12:07 [C1] CONTROL_RESULT sent to A1
12:12:08 [C1] IRRIGATION command received (command_id=d80128ea34f9, duration=10s, generation=1)
12:12:08 [C1] ACK sent (command_id=d80128ea34f9)
12:12:08 [C1] safety check passed
12:12:08 [C1] irrigation executed
12:12:08 [C1] CONTROL_RESULT sent to A1
12:12:08 [C1] IRRIGATION command received (command_id=a3907e0d31ff, duration=10s, generation=1)
12:12:08 [C1] ACK sent (command_id=a3907e0d31ff)
12:12:08 [C1] safety check passed
12:12:08 [C1] irrigation executed
12:12:08 [C1] CONTROL_RESULT sent to A1
12:12:10 [C1] IRRIGATION command received (command_id=e4c10205b39a, duration=10s, generation=1)
12:12:10 [C1] ACK sent (command_id=e4c10205b39a)
12:12:10 [C1] safety check passed
12:12:10 [C1] irrigation executed
12:12:10 [C1] CONTROL_RESULT sent to A1
12:12:11 [C1] IRRIGATION command received (command_id=1fc8db4c7192, duration=10s, generation=1)
12:12:11 [C1] ACK sent (command_id=1fc8db4c7192)
12:12:11 [C1] safety check passed
12:12:11 [C1] irrigation executed
12:12:11 [C1] CONTROL_RESULT sent to A1
12:12:11 [C1] IRRIGATION command received (command_id=c2141428d2a5, duration=10s, generation=1)
12:12:11 [C1] ACK sent (command_id=c2141428d2a5)
12:12:11 [C1] safety check passed
12:12:11 [C1] irrigation executed
12:12:11 [C1] CONTROL_RESULT sent to A1
12:12:12 [C1] IRRIGATION command received (command_id=8295484a4c6e, duration=10s, generation=1)
12:12:12 [C1] ACK sent (command_id=8295484a4c6e)
12:12:12 [C1] safety check passed
12:12:12 [C1] irrigation executed
12:12:12 [C1] CONTROL_RESULT sent to A1
12:12:13 [C1] IRRIGATION command received (command_id=6657a00a2926, duration=10s, generation=1)
12:12:13 [C1] ACK sent (command_id=6657a00a2926)
12:12:13 [C1] safety check passed
12:12:13 [C1] irrigation executed
12:12:13 [C1] CONTROL_RESULT sent to A1
12:12:14 [C1] IRRIGATION command received (command_id=63f2751138df, duration=10s, generation=1)
12:12:14 [C1] ACK sent (command_id=63f2751138df)
12:12:14 [C1] safety check passed
12:12:14 [C1] irrigation executed
12:12:14 [C1] CONTROL_RESULT sent to A1
12:12:15 [C1] IRRIGATION command received (command_id=5d4821aeca78, duration=10s, generation=1)
12:12:15 [C1] ACK sent (command_id=5d4821aeca78)
12:12:15 [C1] safety check passed
12:12:15 [C1] irrigation executed
12:12:15 [C1] CONTROL_RESULT sent to A1
